******************************************************************************
             TMS320C2000 Linker PC v6.1.0                      
******************************************************************************
>> Linked Mon Aug 12 13:01:22 2013

OUTPUT FILE NAME:   <Example_2833xCpuTimer.out>
ENTRY POINT SYMBOL: "code_start"  address: 0033fff6


MEMORY CONFIGURATION

         name            origin    length      used     unused   attr    fill
----------------------  --------  ---------  --------  --------  ----  --------
PAGE 0:
  ZONE0                 00004000   00001000  00000000  00001000  RWIX
  RAML0                 00008000   00001000  0000001f  00000fe1  RWIX
  RAML1                 00009000   00001000  00000000  00001000  RWIX
  RAML2                 0000a000   00001000  00000000  00001000  RWIX
  RAML3                 0000b000   00001000  00000000  00001000  RWIX
  ZONE6                 00100000   00100000  00000000  00100000  RWIX
  ZONE7A                00200000   0000fc00  00000000  0000fc00  RWIX
  FLASHH                00300000   00008000  00000000  00008000  RWIX
  FLASHG                00308000   00008000  00000000  00008000  RWIX
  FLASHF                00310000   00008000  00000000  00008000  RWIX
  FLASHE                00318000   00008000  00000000  00008000  RWIX
  FLASHD                00320000   00008000  0000001f  00007fe1  RWIX
  FLASHC                00328000   00008000  00000000  00008000  RWIX
  FLASHA                00338000   00007f80  000032a4  00004cdc  RWIX
  CSM_RSVD              0033ff80   00000076  00000000  00000076  RWIX
  BEGIN                 0033fff6   00000002  00000002  00000000  RWIX
  CSM_PWL               0033fff8   00000008  00000000  00000008  RWIX
  ADC_CAL               00380080   00000009  00000007  00000002  RWIX
  OTP                   00380400   00000400  00000000  00000400  RWIX
  IQTABLES              003fe000   00000b50  00000000  00000b50  RWIX
  IQTABLES2             003feb50   0000008c  00000000  0000008c  RWIX
  FPUTABLES             003febdc   000006a0  00000000  000006a0  RWIX
  ROM                   003ff27c   00000d44  00000000  00000d44  RWIX
  RESET                 003fffc0   00000002  00000000  00000002  RWIX
  VECTORS               003fffc2   0000003e  00000000  0000003e  RWIX

PAGE 1:
  BOOT_RSVD             00000000   00000050  00000000  00000050  RWIX
  RAMM0                 00000050   000003b0  00000120  00000290  RWIX
  RAMM1                 00000400   00000400  00000200  00000200  RWIX
  DEV_EMU               00000880   00000180  000000d0  000000b0  RWIX
  FLASH_REGS            00000a80   00000060  00000008  00000058  RWIX
  CSM                   00000ae0   00000010  00000010  00000000  RWIX
  ADC_MIRROR            00000b00   00000010  00000010  00000000  RWIX
  XINTF                 00000b20   00000020  0000001e  00000002  RWIX
  CPU_TIMER0            00000c00   00000008  00000008  00000000  RWIX
  CPU_TIMER1            00000c08   00000008  00000008  00000000  RWIX
  CPU_TIMER2            00000c10   00000008  00000008  00000000  RWIX
  PIE_CTRL              00000ce0   00000020  0000001a  00000006  RWIX
  PIE_VECT              00000d00   00000100  00000100  00000000  RWIX
  DMA                   00001000   00000200  000000e0  00000120  RWIX
  MCBSPA                00005000   00000040  00000025  0000001b  RWIX
  MCBSPB                00005040   00000040  00000025  0000001b  RWIX
  ECANA                 00006000   00000040  00000034  0000000c  RWIX
  ECANA_LAM             00006040   00000040  00000040  00000000  RWIX
  ECANA_MOTS            00006080   00000040  00000040  00000000  RWIX
  ECANA_MOTO            000060c0   00000040  00000040  00000000  RWIX
  ECANA_MBOX            00006100   00000100  00000100  00000000  RWIX
  ECANB                 00006200   00000040  00000034  0000000c  RWIX
  ECANB_LAM             00006240   00000040  00000040  00000000  RWIX
  ECANB_MOTS            00006280   00000040  00000040  00000000  RWIX
  ECANB_MOTO            000062c0   00000040  00000040  00000000  RWIX
  ECANB_MBOX            00006300   00000100  00000100  00000000  RWIX
  EPWM1                 00006800   00000022  00000022  00000000  RWIX
  EPWM2                 00006840   00000022  00000022  00000000  RWIX
  EPWM3                 00006880   00000022  00000022  00000000  RWIX
  EPWM4                 000068c0   00000022  00000022  00000000  RWIX
  EPWM5                 00006900   00000022  00000022  00000000  RWIX
  EPWM6                 00006940   00000022  00000022  00000000  RWIX
  ECAP1                 00006a00   00000020  00000020  00000000  RWIX
  ECAP2                 00006a20   00000020  00000020  00000000  RWIX
  ECAP3                 00006a40   00000020  00000020  00000000  RWIX
  ECAP4                 00006a60   00000020  00000020  00000000  RWIX
  ECAP5                 00006a80   00000020  00000020  00000000  RWIX
  ECAP6                 00006aa0   00000020  00000020  00000000  RWIX
  EQEP1                 00006b00   00000040  00000040  00000000  RWIX
  EQEP2                 00006b40   00000040  00000040  00000000  RWIX
  GPIOCTRL              00006f80   00000040  0000002e  00000012  RWIX
  GPIODAT               00006fc0   00000020  00000020  00000000  RWIX
  GPIOINT               00006fe0   00000020  0000000a  00000016  RWIX
  SYSTEM                00007010   00000020  00000020  00000000  RWIX
  SPIA                  00007040   00000010  00000010  00000000  RWIX
  SCIA                  00007050   00000010  00000010  00000000  RWIX
  XINTRUPT              00007070   00000010  00000010  00000000  RWIX
  ADC                   00007100   00000020  0000001e  00000002  RWIX
  SCIB                  00007750   00000010  00000010  00000000  RWIX
  SCIC                  00007770   00000010  00000010  00000000  RWIX
  I2CA                  00007900   00000040  00000022  0000001e  RWIX
  RAML4                 0000c000   00001000  00000cc0  00000340  RWIX
  RAML5                 0000d000   00001000  00000400  00000c00  RWIX
  RAML6                 0000e000   00001000  00000000  00001000  RWIX
  RAML7                 0000f000   00001000  00000000  00001000  RWIX
  ZONE7B                0020fc00   00000400  00000000  00000400  RWIX
  FLASHB                00330000   00008000  00000000  00008000  RWIX
  CSM_PWL               0033fff8   00000008  00000008  00000000  RWIX
  PARTID                00380090   00000001  00000001  00000000  RWIX


SECTION ALLOCATION MAP

 output                                  attributes/
section   page    origin      length       input sections
--------  ----  ----------  ----------   ----------------
.pinit     0    00338000    00000000     UNINITIALIZED

ramfuncs   0    00320000    0000001f     RUN ADDR = 00008000
                  00320000    0000001b     DSP2833x_SysCtrl.obj (ramfuncs)
                  0032001b    00000004     DSP2833x_usDelay.obj (ramfuncs)

.text      0    00338000    00002c85     
                  00338000    00000911     rts2800_fpu32.lib : _printfi.obj (.text)
                  00338911    0000058b     CAN.obj (.text)
                  00338e9c    00000316     DSP2833x_DefaultIsr.obj (.text:retain)
                  003391b2    00000269     controlSCI.obj (.text)
                  0033941b    0000024b     rts2800_fpu32.lib : lowlev.obj (.text)
                  00339666    00000201                       : trgdrv.obj (.text)
                  00339867    000001d4                       : memory.obj (.text)
                  00339a3b    000001ac     ADC.obj (.text)
                  00339be7    0000014b     receiveCAN.obj (.text)
                  00339d32    00000132     DSP2833x_ECan.obj (.text)
                  00339e64    00000107     rts2800_fpu32.lib : ll_div.obj (.text)
                  00339f6b    00000101                       : fopen.obj (.text)
                  0033a06c    000000f3     DSP2833x_SysCtrl.obj (.text)
                  0033a15f    000000af     rts2800_fpu32.lib : fputs.obj (.text)
                  0033a20e    000000ab     scheduler.obj (.text)
                  0033a2b9    0000009c     rts2800_fpu32.lib : fd_add.obj (.text)
                  0033a355    0000009a     sendCAN.obj (.text)
                  0033a3ef    0000008b     rts2800_fpu32.lib : fd_div.obj (.text)
                  0033a47a    00000086                       : ankmsg.obj (.text)
                  0033a500    00000083                       : fd_mpy.obj (.text)
                  0033a583    00000076                       : setvbuf.obj (.text)
                  0033a5f9    00000074     DSP2833x_CpuTimers.obj (.text)
                  0033a66d    00000067     SCI.obj (.text)
                  0033a6d4    00000065     rts2800_fpu32.lib : _io_perm.obj (.text)
                  0033a739    00000060                       : fflush.obj (.text)
                  0033a799    00000056     TT_Main.obj (.text)
                  0033a7ef    00000054     rts2800_fpu32.lib : fputc.obj (.text)
                  0033a843    0000004f                       : fclose.obj (.text)
                  0033a892    00000048     DSP2833x_Sci.obj (.text)
                  0033a8da    00000046     rts2800_fpu32.lib : boot.obj (.text)
                  0033a920    0000003d                       : fseek.obj (.text)
                  0033a95d    00000032                       : printf.obj (.text)
                  0033a98f    00000031                       : atoi.obj (.text)
                  0033a9c0    00000030     TT_Main.obj (.text:retain)
                  0033a9f0    0000002c     rts2800_fpu32.lib : ltoa.obj (.text)
                  0033aa1c    0000002a                       : fd_cmp.obj (.text)
                  0033aa46    0000002a                       : l_div.obj (.text)
                  0033aa70    00000028     DSP2833x_PieCtrl.obj (.text)
                  0033aa98    00000021     rts2800_fpu32.lib : fd_toi.obj (.text)
                  0033aab9    00000021                       : memcpy_ff.obj (.text)
                  0033aada    00000020     DSP2833x_PieVect.obj (.text)
                  0033aafa    0000001f     rts2800_fpu32.lib : fd_tol.obj (.text)
                  0033ab19    0000001f                       : strncpy.obj (.text)
                  0033ab38    0000001e                       : ll_cmp.obj (.text)
                  0033ab56    0000001c                       : fs_tofd.obj (.text)
                  0033ab72    0000001c                       : l_tofd.obj (.text)
                  0033ab8e    00000019                       : args_main.obj (.text)
                  0033aba7    00000019                       : exit.obj (.text)
                  0033abc0    00000014     DSP2833x_Adc.obj (.text)
                  0033abd4    00000014     rts2800_fpu32.lib : ll_mpy.obj (.text)
                  0033abe8    00000012                       : memccpy.obj (.text)
                  0033abfa    0000000f     handleCAN.obj (.text)
                  0033ac09    0000000e     rts2800_fpu32.lib : fd_sub.obj (.text)
                  0033ac17    0000000d                       : memchr.obj (.text)
                  0033ac24    0000000c                       : strchr.obj (.text)
                  0033ac30    0000000b                       : u_div.obj (.text)
                  0033ac3b    0000000a                       : strcmp.obj (.text)
                  0033ac45    0000000a                       : strlen.obj (.text)
                  0033ac4f    00000009                       : _lock.obj (.text)
                  0033ac58    00000009                       : fd_neg.obj (.text)
                  0033ac61    00000009                       : strcpy.obj (.text)
                  0033ac6a    00000008     DSP2833x_CodeStartBranch.obj (.text)
                  0033ac72    00000007     rts2800_fpu32.lib : memset.obj (.text)
                  0033ac79    00000007     schedulerConfig.obj (.text)
                  0033ac80    00000003     rts2800_fpu32.lib : remove.obj (.text)
                  0033ac83    00000002     newTask.obj (.text)

.cinit     0    0033ac85    000003ad     
                  0033ac85    0000028c     CAN.obj (.cinit)
                  0033af11    0000004b     ADC.obj (.cinit)
                  0033af5c    0000002d     rts2800_fpu32.lib : lowlev.obj (.cinit)
                  0033af89    0000002a                       : defs.obj (.cinit)
                  0033afb3    00000019     CAN_Tx_global.obj (.cinit)
                  0033afcc    00000014     controlSCI.obj (.cinit)
                  0033afe0    00000014     schedulerConfig.obj (.cinit)
                  0033aff4    0000000c     CAN_Rx_global.obj (.cinit)
                  0033b000    0000000a     rts2800_fpu32.lib : _lock.obj (.cinit)
                  0033b00a    0000000a                       : exit.obj (.cinit)
                  0033b014    00000008     receiveCAN.obj (.cinit)
                  0033b01c    00000008     scheduler.obj (.cinit)
                  0033b024    00000004     SCI.obj (.cinit)
                  0033b028    00000004     rts2800_fpu32.lib : fopen.obj (.cinit)
                  0033b02c    00000004                       : memory.obj (.cinit)
                  0033b030    00000002     --HOLE-- [fill = 0]

.econst    0    0033b032    00000252     
                  0033b032    00000101     rts2800_fpu32.lib : ctype.obj (.econst:__ctypes_)
                  0033b133    00000001     CAN_Tx_global.obj (.econst)
                  0033b134    00000100     DSP2833x_PieVect.obj (.econst)
                  0033b234    00000024     rts2800_fpu32.lib : _printfi.obj (.econst:.string)
                  0033b258    00000018                       : _printfi.obj (.econst)
                  0033b270    0000000b     receiveCAN.obj (.econst:.string)
                  0033b27b    00000001     schedulerConfig.obj (.econst)
                  0033b27c    00000004     CAN.obj (.econst:_$P$T0$1)
                  0033b280    00000002     rts2800_fpu32.lib : fputs.obj (.econst:.string)
                  0033b282    00000002     CAN.obj (.econst)

.switch    0    0033b284    00000020     
                  0033b284    00000020     ADC.obj (.switch:_ADC_ConfigurePort)

codestart 
*          0    0033fff6    00000002     
                  0033fff6    00000002     DSP2833x_CodeStartBranch.obj (codestart)

.adc_cal   0    00380080    00000007     NOLOAD SECTION
                  00380080    00000007     DSP2833x_ADC_cal.obj (.adc_cal)

.reset     0    003fffc0    00000002     DSECT
                  003fffc0    00000002     rts2800_fpu32.lib : boot.obj (.reset)

vectors    0    003fffc2    00000000     DSECT

.cio       1    00000080    00000120     UNINITIALIZED
                  00000080    00000120     rts2800_fpu32.lib : ankmsg.obj (.cio)

.stack     1    00000400    00000200     UNINITIALIZED
                  00000400    00000200     --HOLE--

DevEmuRegsFile 
*          1    00000880    000000d0     UNINITIALIZED
                  00000880    000000d0     DSP2833x_GlobalVariableDefs.obj (DevEmuRegsFile)

FlashRegsFile 
*          1    00000a80    00000008     UNINITIALIZED
                  00000a80    00000008     DSP2833x_GlobalVariableDefs.obj (FlashRegsFile)

CsmRegsFile 
*          1    00000ae0    00000010     UNINITIALIZED
                  00000ae0    00000010     DSP2833x_GlobalVariableDefs.obj (CsmRegsFile)

AdcMirrorFile 
*          1    00000b00    00000010     UNINITIALIZED
                  00000b00    00000010     DSP2833x_GlobalVariableDefs.obj (AdcMirrorFile)

XintfRegsFile 
*          1    00000b20    0000001e     UNINITIALIZED
                  00000b20    0000001e     DSP2833x_GlobalVariableDefs.obj (XintfRegsFile)

CpuTimer0RegsFile 
*          1    00000c00    00000008     UNINITIALIZED
                  00000c00    00000008     DSP2833x_GlobalVariableDefs.obj (CpuTimer0RegsFile)

CpuTimer1RegsFile 
*          1    00000c08    00000008     UNINITIALIZED
                  00000c08    00000008     DSP2833x_GlobalVariableDefs.obj (CpuTimer1RegsFile)

CpuTimer2RegsFile 
*          1    00000c10    00000008     UNINITIALIZED
                  00000c10    00000008     DSP2833x_GlobalVariableDefs.obj (CpuTimer2RegsFile)

PieCtrlRegsFile 
*          1    00000ce0    0000001a     UNINITIALIZED
                  00000ce0    0000001a     DSP2833x_GlobalVariableDefs.obj (PieCtrlRegsFile)

PieVectTableFile 
*          1    00000d00    00000100     UNINITIALIZED
                  00000d00    00000100     DSP2833x_GlobalVariableDefs.obj (PieVectTableFile)

DmaRegsFile 
*          1    00001000    000000e0     UNINITIALIZED
                  00001000    000000e0     DSP2833x_GlobalVariableDefs.obj (DmaRegsFile)

McbspaRegsFile 
*          1    00005000    00000025     UNINITIALIZED
                  00005000    00000025     DSP2833x_GlobalVariableDefs.obj (McbspaRegsFile)

McbspbRegsFile 
*          1    00005040    00000025     UNINITIALIZED
                  00005040    00000025     DSP2833x_GlobalVariableDefs.obj (McbspbRegsFile)

ECanaRegsFile 
*          1    00006000    00000034     UNINITIALIZED
                  00006000    00000034     DSP2833x_GlobalVariableDefs.obj (ECanaRegsFile)

ECanaLAMRegsFile 
*          1    00006040    00000040     UNINITIALIZED
                  00006040    00000040     DSP2833x_GlobalVariableDefs.obj (ECanaLAMRegsFile)

ECanaMOTSRegsFile 
*          1    00006080    00000040     UNINITIALIZED
                  00006080    00000040     DSP2833x_GlobalVariableDefs.obj (ECanaMOTSRegsFile)

ECanaMOTORegsFile 
*          1    000060c0    00000040     UNINITIALIZED
                  000060c0    00000040     DSP2833x_GlobalVariableDefs.obj (ECanaMOTORegsFile)

ECanaMboxesFile 
*          1    00006100    00000100     UNINITIALIZED
                  00006100    00000100     DSP2833x_GlobalVariableDefs.obj (ECanaMboxesFile)

ECanbRegsFile 
*          1    00006200    00000034     UNINITIALIZED
                  00006200    00000034     DSP2833x_GlobalVariableDefs.obj (ECanbRegsFile)

ECanbLAMRegsFile 
*          1    00006240    00000040     UNINITIALIZED
                  00006240    00000040     DSP2833x_GlobalVariableDefs.obj (ECanbLAMRegsFile)

ECanbMOTSRegsFile 
*          1    00006280    00000040     UNINITIALIZED
                  00006280    00000040     DSP2833x_GlobalVariableDefs.obj (ECanbMOTSRegsFile)

ECanbMOTORegsFile 
*          1    000062c0    00000040     UNINITIALIZED
                  000062c0    00000040     DSP2833x_GlobalVariableDefs.obj (ECanbMOTORegsFile)

ECanbMboxesFile 
*          1    00006300    00000100     UNINITIALIZED
                  00006300    00000100     DSP2833x_GlobalVariableDefs.obj (ECanbMboxesFile)

EPwm1RegsFile 
*          1    00006800    00000022     UNINITIALIZED
                  00006800    00000022     DSP2833x_GlobalVariableDefs.obj (EPwm1RegsFile)

EPwm2RegsFile 
*          1    00006840    00000022     UNINITIALIZED
                  00006840    00000022     DSP2833x_GlobalVariableDefs.obj (EPwm2RegsFile)

EPwm3RegsFile 
*          1    00006880    00000022     UNINITIALIZED
                  00006880    00000022     DSP2833x_GlobalVariableDefs.obj (EPwm3RegsFile)

EPwm4RegsFile 
*          1    000068c0    00000022     UNINITIALIZED
                  000068c0    00000022     DSP2833x_GlobalVariableDefs.obj (EPwm4RegsFile)

EPwm5RegsFile 
*          1    00006900    00000022     UNINITIALIZED
                  00006900    00000022     DSP2833x_GlobalVariableDefs.obj (EPwm5RegsFile)

EPwm6RegsFile 
*          1    00006940    00000022     UNINITIALIZED
                  00006940    00000022     DSP2833x_GlobalVariableDefs.obj (EPwm6RegsFile)

ECap1RegsFile 
*          1    00006a00    00000020     UNINITIALIZED
                  00006a00    00000020     DSP2833x_GlobalVariableDefs.obj (ECap1RegsFile)

ECap2RegsFile 
*          1    00006a20    00000020     UNINITIALIZED
                  00006a20    00000020     DSP2833x_GlobalVariableDefs.obj (ECap2RegsFile)

ECap3RegsFile 
*          1    00006a40    00000020     UNINITIALIZED
                  00006a40    00000020     DSP2833x_GlobalVariableDefs.obj (ECap3RegsFile)

ECap4RegsFile 
*          1    00006a60    00000020     UNINITIALIZED
                  00006a60    00000020     DSP2833x_GlobalVariableDefs.obj (ECap4RegsFile)

ECap5RegsFile 
*          1    00006a80    00000020     UNINITIALIZED
                  00006a80    00000020     DSP2833x_GlobalVariableDefs.obj (ECap5RegsFile)

ECap6RegsFile 
*          1    00006aa0    00000020     UNINITIALIZED
                  00006aa0    00000020     DSP2833x_GlobalVariableDefs.obj (ECap6RegsFile)

EQep1RegsFile 
*          1    00006b00    00000040     UNINITIALIZED
                  00006b00    00000040     DSP2833x_GlobalVariableDefs.obj (EQep1RegsFile)

EQep2RegsFile 
*          1    00006b40    00000040     UNINITIALIZED
                  00006b40    00000040     DSP2833x_GlobalVariableDefs.obj (EQep2RegsFile)

GpioCtrlRegsFile 
*          1    00006f80    0000002e     UNINITIALIZED
                  00006f80    0000002e     DSP2833x_GlobalVariableDefs.obj (GpioCtrlRegsFile)

GpioDataRegsFile 
*          1    00006fc0    00000020     UNINITIALIZED
                  00006fc0    00000020     DSP2833x_GlobalVariableDefs.obj (GpioDataRegsFile)

GpioIntRegsFile 
*          1    00006fe0    0000000a     UNINITIALIZED
                  00006fe0    0000000a     DSP2833x_GlobalVariableDefs.obj (GpioIntRegsFile)

SysCtrlRegsFile 
*          1    00007010    00000020     UNINITIALIZED
                  00007010    00000020     DSP2833x_GlobalVariableDefs.obj (SysCtrlRegsFile)

SpiaRegsFile 
*          1    00007040    00000010     UNINITIALIZED
                  00007040    00000010     DSP2833x_GlobalVariableDefs.obj (SpiaRegsFile)

SciaRegsFile 
*          1    00007050    00000010     UNINITIALIZED
                  00007050    00000010     DSP2833x_GlobalVariableDefs.obj (SciaRegsFile)

XIntruptRegsFile 
*          1    00007070    00000010     UNINITIALIZED
                  00007070    00000010     DSP2833x_GlobalVariableDefs.obj (XIntruptRegsFile)

AdcRegsFile 
*          1    00007100    0000001e     UNINITIALIZED
                  00007100    0000001e     DSP2833x_GlobalVariableDefs.obj (AdcRegsFile)

ScibRegsFile 
*          1    00007750    00000010     UNINITIALIZED
                  00007750    00000010     DSP2833x_GlobalVariableDefs.obj (ScibRegsFile)

ScicRegsFile 
*          1    00007770    00000010     UNINITIALIZED
                  00007770    00000010     DSP2833x_GlobalVariableDefs.obj (ScicRegsFile)

I2caRegsFile 
*          1    00007900    00000022     UNINITIALIZED
                  00007900    00000022     DSP2833x_GlobalVariableDefs.obj (I2caRegsFile)

.ebss      1    0000c000    00000cc0     UNINITIALIZED
                  0000c000    00000440     CAN_Rx_global.obj (.ebss)
                  0000c440    000002c4     CAN.obj (.ebss)
                  0000c704    0000001a     CAN_Tx_global.obj (.ebss)
                  0000c71e    00000018     DSP2833x_CpuTimers.obj (.ebss)
                  0000c736    00000008     rts2800_fpu32.lib : memory.obj (.ebss)
                  0000c73e    00000002     TT_Main.obj (.ebss)
                  0000c740    000002ac     controlSCI.obj (.ebss)
                  0000c9ec    00000012     schedulerConfig.obj (.ebss)
                  0000c9fe    00000002     receiveCAN.obj (.ebss)
                  0000ca00    00000160     rts2800_fpu32.lib : defs.obj (.ebss)
                  0000cb60    00000008                       : trgdrv.obj (.ebss)
                  0000cb68    00000004                       : _lock.obj (.ebss)
                  0000cb6c    00000004                       : exit.obj (.ebss)
                  0000cb70    00000002     scheduler.obj (.ebss)
                  0000cb72    00000001     SCI.obj (.ebss)
                  0000cb73    00000001     rts2800_fpu32.lib : fopen.obj (.ebss)
                  0000cb74    00000001     sendCAN.obj (.ebss)
                  0000cb75    0000000b     --HOLE--
                  0000cb80    00000088     rts2800_fpu32.lib : lowlev.obj (.ebss)
                  0000cc08    00000038     --HOLE--
                  0000cc40    00000080     ADC.obj (.ebss)

.sysmem    1    0000d000    00000400     UNINITIALIZED
                  0000d000    00000001     rts2800_fpu32.lib : memory.obj (.sysmem)
                  0000d001    000003ff     --HOLE--

CsmPwlFile 
*          1    0033fff8    00000008     UNINITIALIZED
                  0033fff8    00000008     DSP2833x_GlobalVariableDefs.obj (CsmPwlFile)

PartIdRegsFile 
*          1    00380090    00000001     UNINITIALIZED
                  00380090    00000001     DSP2833x_GlobalVariableDefs.obj (PartIdRegsFile)


GLOBAL SYMBOLS: SORTED ALPHABETICALLY BY Name 

address    name
--------   ----
00338000   .text
0033aba7   C$$EXIT
0033a4c6   C$$IO$$
0033a2b9   FD$$ADD
0033aa1c   FD$$CMP
0033a3ef   FD$$DIV
0033a500   FD$$MPY
0033ac58   FD$$NEG
0033ac09   FD$$SUB
0033aa98   FD$$TOI
0033aafa   FD$$TOL
0033ab56   FS$$TOFD
0033aa46   L$$DIV
0033aa55   L$$MOD
0033ab72   L$$TOFD
0033ab38   LL$$CMP
00339e64   LL$$DIV
00339ea0   LL$$MOD
0033abd4   LL$$MPY
0033ac30   U$$DIV
0033ac35   U$$MOD
0033aa63   UL$$DIV
0033aa6a   UL$$MOD
0033ab4a   ULL$$CMP
00339eda   ULL$$DIV
00339f09   ULL$$MOD
00338f82   _ADCINT_ISR
00339b9a   _ADC_CheckPortState
00339a6b   _ADC_ConfigurePort
00339a3b   _ADC_Init
00339baa   _ADC_ReadPort
00339bcc   _ADC_ResetPorts
00339a46   _ADC_Start
00339b47   _ADC_UpdateState
00380080   _ADC_cal
00000b00   _AdcMirror
00007100   _AdcRegs
0000cb74   _CANTimer
0033a38d   _CANTx_clearAll
00338911   _CAN_Init
0000c480   _CAN_Ports
0000c140   _CAN_RxMessages_G
00338924   _CAN_Test
0000c704   _CAN_TxMessages
0033a632   _ConfigCpuTimer
0000c72e   _CpuTimer0
00000c00   _CpuTimer0Regs
0000c71e   _CpuTimer1
00000c08   _CpuTimer1Regs
0000c726   _CpuTimer2
00000c10   _CpuTimer2Regs
0033fff8   _CsmPwl
00000ae0   _CsmRegs
0033a12e   _CsmUnlock
00338eb0   _DATALOG_ISR
003390a4   _DINTCH1_ISR
003390ae   _DINTCH2_ISR
003390b8   _DINTCH3_ISR
003390c2   _DINTCH4_ISR
003390cc   _DINTCH5_ISR
003390d6   _DINTCH6_ISR
0000801b   _DSP28x_usDelay
00000880   _DevEmuRegs
0033a07f   _DisableDog
00001000   _DmaRegs
00339130   _ECAN0INTA_ISR
00339144   _ECAN0INTB_ISR
0033913a   _ECAN1INTA_ISR
0033914e   _ECAN1INTB_ISR
00339018   _ECAP1_INT_ISR
00339022   _ECAP2_INT_ISR
0033902c   _ECAP3_INT_ISR
00339036   _ECAP4_INT_ISR
00339040   _ECAP5_INT_ISR
0033904a   _ECAP6_INT_ISR
00006040   _ECanaLAMRegs
000060c0   _ECanaMOTORegs
00006080   _ECanaMOTSRegs
00006100   _ECanaMboxes
00006000   _ECanaRegs
00006240   _ECanbLAMRegs
000062c0   _ECanbMOTORegs
00006280   _ECanbMOTSRegs
00006300   _ECanbMboxes
00006200   _ECanbRegs
00006a00   _ECap1Regs
00006a20   _ECap2Regs
00006a40   _ECap3Regs
00006a60   _ECap4Regs
00006a80   _ECap5Regs
00006aa0   _ECap6Regs
00338ec4   _EMUINT_ISR
00338fdc   _EPWM1_INT_ISR
00338fa0   _EPWM1_TZINT_ISR
00338fe6   _EPWM2_INT_ISR
00338faa   _EPWM2_TZINT_ISR
00338ff0   _EPWM3_INT_ISR
00338fb4   _EPWM3_TZINT_ISR
00338ffa   _EPWM4_INT_ISR
00338fbe   _EPWM4_TZINT_ISR
00339004   _EPWM5_INT_ISR
00338fc8   _EPWM5_TZINT_ISR
0033900e   _EPWM6_INT_ISR
00338fd2   _EPWM6_TZINT_ISR
00006800   _EPwm1Regs
00006840   _EPwm2Regs
00006880   _EPwm3Regs
000068c0   _EPwm4Regs
00006900   _EPwm5Regs
00006940   _EPwm6Regs
00339054   _EQEP1_INT_ISR
0033905e   _EQEP2_INT_ISR
00006b00   _EQep1Regs
00006b40   _EQep2Regs
0033aa8f   _EnableInterrupts
00000a80   _FlashRegs
00006f80   _GpioCtrlRegs
00006fc0   _GpioDataRegs
00006fe0   _GpioIntRegs
0033983b   _HOSTclock
00339814   _HOSTclose
003397ec   _HOSTgetenv
003397a4   _HOSTlseek
00339768   _HOSTopen
0033972e   _HOSTread
003396f1   _HOSTrename
003396c5   _HOSTtime
003396a0   _HOSTunlink
00339666   _HOSTwrite
003390e0   _I2CINT1A_ISR
003390ea   _I2CINT2A_ISR
00007900   _I2caRegs
00338ed8   _ILLEGAL_ISR
00338e9c   _INT13_ISR
00338ea6   _INT14_ISR
0033abc0   _InitAdc
00338d92   _InitCanA
00338e17   _InitCanB
0033a5f9   _InitCpuTimers
00339d32   _InitECan
00339e35   _InitECanGpio
00339d37   _InitECana
00339e3a   _InitECanaGpio
00339db6   _InitECanb
00339e50   _InitECanbGpio
00008000   _InitFlash
0033a0d3   _InitPeripheralClocks
0033aa70   _InitPieCtrl
0033aada   _InitPieVectTable
0033a087   _InitPll
0033a892   _InitSci
0033a893   _InitSciGpio
0033a89a   _InitSciaGpio
0033a8b0   _InitScibGpio
0033a8c4   _InitScicGpio
0033a06c   _InitSysCtrl
00339194   _LUF_ISR
0033918a   _LVF_ISR
00339090   _MRINTA_ISR
0033907c   _MRINTB_ISR
0033909a   _MXINTA_ISR
00339086   _MXINTB_ISR
00005000   _McbspaRegs
00005040   _McbspbRegs
00338ece   _NMI_ISR
0033919e   _PIE_RESERVED
00380090   _PartIdRegs
00000ce0   _PieCtrlRegs
00000d00   _PieVectTable
0033b134   _PieVectTableInit
00338eba   _RTOSINT_ISR
0032001f   _RamfuncsLoadEnd
00320000   _RamfuncsLoadStart
00008000   _RamfuncsRunStart
00339108   _SCIRXINTA_ISR
0033911c   _SCIRXINTB_ISR
003390f4   _SCIRXINTC_ISR
00339112   _SCITXINTA_ISR
00339126   _SCITXINTB_ISR
003390fe   _SCITXINTC_ISR
00338f5a   _SEQ1INT_ISR
00338f64   _SEQ2INT_ISR
00339068   _SPIRXINTA_ISR
00339072   _SPITXINTA_ISR
00007050   _SciaRegs
00007750   _ScibRegs
00007770   _ScicRegs
0033a075   _ServiceDog
00007040   _SpiaRegs
00007010   _SysCtrlRegs
00338f8c   _TINT0_ISR
0000c9ec   _Tasks
0033ac79   _Tasks_Init
00338f3c   _USER10_ISR
00338f46   _USER11_ISR
00338f50   _USER12_ISR
00338ee2   _USER1_ISR
00338eec   _USER2_ISR
00338ef6   _USER3_ISR
00338f00   _USER4_ISR
00338f0a   _USER5_ISR
00338f14   _USER6_ISR
00338f1e   _USER7_ISR
00338f28   _USER8_ISR
00338f32   _USER9_ISR
00338f96   _WAKEINT_ISR
00338f6e   _XINT1_ISR
00338f78   _XINT2_ISR
00339158   _XINT3_ISR
00339162   _XINT4_ISR
0033916c   _XINT5_ISR
00339176   _XINT6_ISR
00339180   _XINT7_ISR
00007070   _XIntruptRegs
00000b20   _XintfRegs
00000080   __CIOBUF_
00000600   __STACK_END
00000200   __STACK_SIZE
00000400   __SYSMEM_SIZE
00000001   __TI_args_main
ffffffff   ___binit__
ffffffff   ___c_args__
0033ac85   ___cinit__
0033ac85   ___etext__
0033aab9   ___memcpy_ff
ffffffff   ___pinit__
00338000   ___text__
0033ab8e   __args_main
00339fe3   __cleanup
0000cb6c   __cleanup_ptr
0033a843   __closefile
0033b032   __ctypes_
0033a739   __doflush
0000cb6e   __dtors_ptr
0000ca00   __ft_end
0000ca40   __ftable
0000cb6a   __lock
0033ac57   __nop
0033880e   __printfi
0033a70e   __rd_ok
0033ac53   __register_lock
0033ac4f   __register_unlock
00000400   __stack
0000d000   __sys_memory
0000cac0   __tmpnams
0000cb68   __unlock
0033a6d4   __wrt_ok
0033aba7   _abort
0000cc80   _adcPorts
003395f4   _add_device
0033a98f   _atoi
0033938b   _buildSequence
0033a8da   _c_int00
00339a21   _calloc
0000c706   _canData_Tx_651
0000c70a   _canData_Tx_7AB
0000c716   _canMessage_Tx_651
0000c70e   _canMessage_Tx_7AB
00338d71   _checkMailboxState
00339a1f   _chkheap
003395c2   _close
00338ba2   _commitSendMailbox
0033898a   _configureRxMailbox
00338a75   _configureTxMailbox
003391b2   _controlSCI_init
003391b9   _controlSCI_update
0033a7b1   _cpuInit
0033a9c0   _cpu_timer0_isr
00338bcd   _disableMailbox
0033aba9   _exit
0033a87f   _fclose
0033a768   _fflush
0000c001   _filterSize_G
0033895e   _findMailbox
0033a052   _fopen
0033a7ef   _fputc
0033a15f   _fputs
00339867   _free
00339a01   _free_memory
0033a001   _freopen
0033a920   _fseek
0033897d   _getCANErrors
00338d81   _getMailboxID
00339c9e   _getNextSequenceIndex
0033a2b6   _goIdle
0033a7ee   _gpioInit
0033abfa   _handleCAN_init
0033abfb   _handleCAN_update
0000c440   _i
0033a2b0   _interruptDisable
0033a2a6   _interruptEnable
00338b3e   _loadTxMailbox
0000c800   _loggingList_SCIRx
0000c442   _loopcount
00339594   _lseek
0033a9f0   _ltoa
0000c040   _mailBoxFilterShadow_G
0000c780   _mailBoxFilterShadow_SCITx
0033a799   _main
003398d2   _malloc
003399df   _max_free
0033abe8   _memccpy
0033ac17   _memchr
0033ac72   _memset
003398ac   _minit
0033ac83   _newTask_init
0033ac84   _newTask_update
0000c000   _numRxCANMsgs_G
0033b133   _numTxCANMsgs
0033953e   _open
0000cc41   _portState_Master
0033a963   _printf
0033a7ef   _putc
0033a83e   _putchar
0033a1fc   _puts
003394f0   _read
00338bfb   _readRxMailbox
0033a4ca   _readmsg
00339928   _realloc
00339be7   _receiveCAN_init
00339beb   _receiveCAN_update
0033ac80   _remove
003394d6   _remove_device
003394ad   _rename
003391a8   _rsvd_ISR
0000c741   _rxbufferSize
0033a20e   _scheduler_Init
0033a223   _scheduler_onTick
0033a25f   _scheduler_taskDispatcher
0033a6cc   _scia_fifo_init
0033a66d   _scia_init
0033a68e   _scia_msg
0033a6b3   _scia_msgTT
0033a682   _scia_xmit
0033a6a3   _scia_xmitTT
0033a355   _sendCAN_init
0033a36a   _sendCAN_update
0033a583   _setvbuf
0033ac24   _strchr
0033ac3b   _strcmp
0033ac61   _strcpy
0033ac45   _strlen
0033ab19   _strncpy
0033b27b   _tasksInSchedule
0000c73e   _tickCount_G
0033a7d4   _timerStart
00339495   _unlink
00339cdf   _updateFilter
00338c74   _updateMailboxes
0000c002   _updateSequenceRequired_G
0033941b   _write
0033a47a   _writemsg
ffffffff   binit
0033ac85   cinit
0033fff6   code_start
0033ac85   etext
ffffffff   pinit


GLOBAL SYMBOLS: SORTED BY Symbol Address 

address    name
--------   ----
00000001   __TI_args_main
00000080   __CIOBUF_
00000200   __STACK_SIZE
00000400   __SYSMEM_SIZE
00000400   __stack
00000600   __STACK_END
00000880   _DevEmuRegs
00000a80   _FlashRegs
00000ae0   _CsmRegs
00000b00   _AdcMirror
00000b20   _XintfRegs
00000c00   _CpuTimer0Regs
00000c08   _CpuTimer1Regs
00000c10   _CpuTimer2Regs
00000ce0   _PieCtrlRegs
00000d00   _PieVectTable
00001000   _DmaRegs
00005000   _McbspaRegs
00005040   _McbspbRegs
00006000   _ECanaRegs
00006040   _ECanaLAMRegs
00006080   _ECanaMOTSRegs
000060c0   _ECanaMOTORegs
00006100   _ECanaMboxes
00006200   _ECanbRegs
00006240   _ECanbLAMRegs
00006280   _ECanbMOTSRegs
000062c0   _ECanbMOTORegs
00006300   _ECanbMboxes
00006800   _EPwm1Regs
00006840   _EPwm2Regs
00006880   _EPwm3Regs
000068c0   _EPwm4Regs
00006900   _EPwm5Regs
00006940   _EPwm6Regs
00006a00   _ECap1Regs
00006a20   _ECap2Regs
00006a40   _ECap3Regs
00006a60   _ECap4Regs
00006a80   _ECap5Regs
00006aa0   _ECap6Regs
00006b00   _EQep1Regs
00006b40   _EQep2Regs
00006f80   _GpioCtrlRegs
00006fc0   _GpioDataRegs
00006fe0   _GpioIntRegs
00007010   _SysCtrlRegs
00007040   _SpiaRegs
00007050   _SciaRegs
00007070   _XIntruptRegs
00007100   _AdcRegs
00007750   _ScibRegs
00007770   _ScicRegs
00007900   _I2caRegs
00008000   _InitFlash
00008000   _RamfuncsRunStart
0000801b   _DSP28x_usDelay
0000c000   _numRxCANMsgs_G
0000c001   _filterSize_G
0000c002   _updateSequenceRequired_G
0000c040   _mailBoxFilterShadow_G
0000c140   _CAN_RxMessages_G
0000c440   _i
0000c442   _loopcount
0000c480   _CAN_Ports
0000c704   _CAN_TxMessages
0000c706   _canData_Tx_651
0000c70a   _canData_Tx_7AB
0000c70e   _canMessage_Tx_7AB
0000c716   _canMessage_Tx_651
0000c71e   _CpuTimer1
0000c726   _CpuTimer2
0000c72e   _CpuTimer0
0000c73e   _tickCount_G
0000c741   _rxbufferSize
0000c780   _mailBoxFilterShadow_SCITx
0000c800   _loggingList_SCIRx
0000c9ec   _Tasks
0000ca00   __ft_end
0000ca40   __ftable
0000cac0   __tmpnams
0000cb68   __unlock
0000cb6a   __lock
0000cb6c   __cleanup_ptr
0000cb6e   __dtors_ptr
0000cb74   _CANTimer
0000cc41   _portState_Master
0000cc80   _adcPorts
0000d000   __sys_memory
00320000   _RamfuncsLoadStart
0032001f   _RamfuncsLoadEnd
00338000   .text
00338000   ___text__
0033880e   __printfi
00338911   _CAN_Init
00338924   _CAN_Test
0033895e   _findMailbox
0033897d   _getCANErrors
0033898a   _configureRxMailbox
00338a75   _configureTxMailbox
00338b3e   _loadTxMailbox
00338ba2   _commitSendMailbox
00338bcd   _disableMailbox
00338bfb   _readRxMailbox
00338c74   _updateMailboxes
00338d71   _checkMailboxState
00338d81   _getMailboxID
00338d92   _InitCanA
00338e17   _InitCanB
00338e9c   _INT13_ISR
00338ea6   _INT14_ISR
00338eb0   _DATALOG_ISR
00338eba   _RTOSINT_ISR
00338ec4   _EMUINT_ISR
00338ece   _NMI_ISR
00338ed8   _ILLEGAL_ISR
00338ee2   _USER1_ISR
00338eec   _USER2_ISR
00338ef6   _USER3_ISR
00338f00   _USER4_ISR
00338f0a   _USER5_ISR
00338f14   _USER6_ISR
00338f1e   _USER7_ISR
00338f28   _USER8_ISR
00338f32   _USER9_ISR
00338f3c   _USER10_ISR
00338f46   _USER11_ISR
00338f50   _USER12_ISR
00338f5a   _SEQ1INT_ISR
00338f64   _SEQ2INT_ISR
00338f6e   _XINT1_ISR
00338f78   _XINT2_ISR
00338f82   _ADCINT_ISR
00338f8c   _TINT0_ISR
00338f96   _WAKEINT_ISR
00338fa0   _EPWM1_TZINT_ISR
00338faa   _EPWM2_TZINT_ISR
00338fb4   _EPWM3_TZINT_ISR
00338fbe   _EPWM4_TZINT_ISR
00338fc8   _EPWM5_TZINT_ISR
00338fd2   _EPWM6_TZINT_ISR
00338fdc   _EPWM1_INT_ISR
00338fe6   _EPWM2_INT_ISR
00338ff0   _EPWM3_INT_ISR
00338ffa   _EPWM4_INT_ISR
00339004   _EPWM5_INT_ISR
0033900e   _EPWM6_INT_ISR
00339018   _ECAP1_INT_ISR
00339022   _ECAP2_INT_ISR
0033902c   _ECAP3_INT_ISR
00339036   _ECAP4_INT_ISR
00339040   _ECAP5_INT_ISR
0033904a   _ECAP6_INT_ISR
00339054   _EQEP1_INT_ISR
0033905e   _EQEP2_INT_ISR
00339068   _SPIRXINTA_ISR
00339072   _SPITXINTA_ISR
0033907c   _MRINTB_ISR
00339086   _MXINTB_ISR
00339090   _MRINTA_ISR
0033909a   _MXINTA_ISR
003390a4   _DINTCH1_ISR
003390ae   _DINTCH2_ISR
003390b8   _DINTCH3_ISR
003390c2   _DINTCH4_ISR
003390cc   _DINTCH5_ISR
003390d6   _DINTCH6_ISR
003390e0   _I2CINT1A_ISR
003390ea   _I2CINT2A_ISR
003390f4   _SCIRXINTC_ISR
003390fe   _SCITXINTC_ISR
00339108   _SCIRXINTA_ISR
00339112   _SCITXINTA_ISR
0033911c   _SCIRXINTB_ISR
00339126   _SCITXINTB_ISR
00339130   _ECAN0INTA_ISR
0033913a   _ECAN1INTA_ISR
00339144   _ECAN0INTB_ISR
0033914e   _ECAN1INTB_ISR
00339158   _XINT3_ISR
00339162   _XINT4_ISR
0033916c   _XINT5_ISR
00339176   _XINT6_ISR
00339180   _XINT7_ISR
0033918a   _LVF_ISR
00339194   _LUF_ISR
0033919e   _PIE_RESERVED
003391a8   _rsvd_ISR
003391b2   _controlSCI_init
003391b9   _controlSCI_update
0033938b   _buildSequence
0033941b   _write
00339495   _unlink
003394ad   _rename
003394d6   _remove_device
003394f0   _read
0033953e   _open
00339594   _lseek
003395c2   _close
003395f4   _add_device
00339666   _HOSTwrite
003396a0   _HOSTunlink
003396c5   _HOSTtime
003396f1   _HOSTrename
0033972e   _HOSTread
00339768   _HOSTopen
003397a4   _HOSTlseek
003397ec   _HOSTgetenv
00339814   _HOSTclose
0033983b   _HOSTclock
00339867   _free
003398ac   _minit
003398d2   _malloc
00339928   _realloc
003399df   _max_free
00339a01   _free_memory
00339a1f   _chkheap
00339a21   _calloc
00339a3b   _ADC_Init
00339a46   _ADC_Start
00339a6b   _ADC_ConfigurePort
00339b47   _ADC_UpdateState
00339b9a   _ADC_CheckPortState
00339baa   _ADC_ReadPort
00339bcc   _ADC_ResetPorts
00339be7   _receiveCAN_init
00339beb   _receiveCAN_update
00339c9e   _getNextSequenceIndex
00339cdf   _updateFilter
00339d32   _InitECan
00339d37   _InitECana
00339db6   _InitECanb
00339e35   _InitECanGpio
00339e3a   _InitECanaGpio
00339e50   _InitECanbGpio
00339e64   LL$$DIV
00339ea0   LL$$MOD
00339eda   ULL$$DIV
00339f09   ULL$$MOD
00339fe3   __cleanup
0033a001   _freopen
0033a052   _fopen
0033a06c   _InitSysCtrl
0033a075   _ServiceDog
0033a07f   _DisableDog
0033a087   _InitPll
0033a0d3   _InitPeripheralClocks
0033a12e   _CsmUnlock
0033a15f   _fputs
0033a1fc   _puts
0033a20e   _scheduler_Init
0033a223   _scheduler_onTick
0033a25f   _scheduler_taskDispatcher
0033a2a6   _interruptEnable
0033a2b0   _interruptDisable
0033a2b6   _goIdle
0033a2b9   FD$$ADD
0033a355   _sendCAN_init
0033a36a   _sendCAN_update
0033a38d   _CANTx_clearAll
0033a3ef   FD$$DIV
0033a47a   _writemsg
0033a4c6   C$$IO$$
0033a4ca   _readmsg
0033a500   FD$$MPY
0033a583   _setvbuf
0033a5f9   _InitCpuTimers
0033a632   _ConfigCpuTimer
0033a66d   _scia_init
0033a682   _scia_xmit
0033a68e   _scia_msg
0033a6a3   _scia_xmitTT
0033a6b3   _scia_msgTT
0033a6cc   _scia_fifo_init
0033a6d4   __wrt_ok
0033a70e   __rd_ok
0033a739   __doflush
0033a768   _fflush
0033a799   _main
0033a7b1   _cpuInit
0033a7d4   _timerStart
0033a7ee   _gpioInit
0033a7ef   _fputc
0033a7ef   _putc
0033a83e   _putchar
0033a843   __closefile
0033a87f   _fclose
0033a892   _InitSci
0033a893   _InitSciGpio
0033a89a   _InitSciaGpio
0033a8b0   _InitScibGpio
0033a8c4   _InitScicGpio
0033a8da   _c_int00
0033a920   _fseek
0033a963   _printf
0033a98f   _atoi
0033a9c0   _cpu_timer0_isr
0033a9f0   _ltoa
0033aa1c   FD$$CMP
0033aa46   L$$DIV
0033aa55   L$$MOD
0033aa63   UL$$DIV
0033aa6a   UL$$MOD
0033aa70   _InitPieCtrl
0033aa8f   _EnableInterrupts
0033aa98   FD$$TOI
0033aab9   ___memcpy_ff
0033aada   _InitPieVectTable
0033aafa   FD$$TOL
0033ab19   _strncpy
0033ab38   LL$$CMP
0033ab4a   ULL$$CMP
0033ab56   FS$$TOFD
0033ab72   L$$TOFD
0033ab8e   __args_main
0033aba7   C$$EXIT
0033aba7   _abort
0033aba9   _exit
0033abc0   _InitAdc
0033abd4   LL$$MPY
0033abe8   _memccpy
0033abfa   _handleCAN_init
0033abfb   _handleCAN_update
0033ac09   FD$$SUB
0033ac17   _memchr
0033ac24   _strchr
0033ac30   U$$DIV
0033ac35   U$$MOD
0033ac3b   _strcmp
0033ac45   _strlen
0033ac4f   __register_unlock
0033ac53   __register_lock
0033ac57   __nop
0033ac58   FD$$NEG
0033ac61   _strcpy
0033ac72   _memset
0033ac79   _Tasks_Init
0033ac80   _remove
0033ac83   _newTask_init
0033ac84   _newTask_update
0033ac85   ___cinit__
0033ac85   ___etext__
0033ac85   cinit
0033ac85   etext
0033b032   __ctypes_
0033b133   _numTxCANMsgs
0033b134   _PieVectTableInit
0033b27b   _tasksInSchedule
0033fff6   code_start
0033fff8   _CsmPwl
00380080   _ADC_cal
00380090   _PartIdRegs
ffffffff   ___binit__
ffffffff   ___c_args__
ffffffff   ___pinit__
ffffffff   binit
ffffffff   pinit

[357 symbols]
