******************************************************************************
             TMS320C2000 Linker PC v6.1.0                      
******************************************************************************
>> Linked Thu Aug 15 13:31:02 2013

OUTPUT FILE NAME:   <Example_2833xCpuTimer.out>
ENTRY POINT SYMBOL: "code_start"  address: 0033fff6


MEMORY CONFIGURATION

         name            origin    length      used     unused   attr    fill
----------------------  --------  ---------  --------  --------  ----  --------
PAGE 0:
  ZONE0                 00004000   00001000  00000000  00001000  RWIX
  RAML0                 00008000   00001000  0000001f  00000fe1  RWIX
  RAML1                 00009000   00001000  00000000  00001000  RWIX
  RAML2                 0000a000   00001000  00000000  00001000  RWIX
  RAML3                 0000b000   00001000  00000000  00001000  RWIX
  ZONE6                 00100000   00100000  00000000  00100000  RWIX
  ZONE7A                00200000   0000fc00  00000000  0000fc00  RWIX
  FLASHH                00300000   00008000  00000000  00008000  RWIX
  FLASHG                00308000   00008000  00000000  00008000  RWIX
  FLASHF                00310000   00008000  00000000  00008000  RWIX
  FLASHE                00318000   00008000  00000000  00008000  RWIX
  FLASHD                00320000   00008000  0000001f  00007fe1  RWIX
  FLASHC                00328000   00008000  00000000  00008000  RWIX
  FLASHA                00338000   00007f80  00002fc2  00004fbe  RWIX
  CSM_RSVD              0033ff80   00000076  00000000  00000076  RWIX
  BEGIN                 0033fff6   00000002  00000002  00000000  RWIX
  CSM_PWL               0033fff8   00000008  00000000  00000008  RWIX
  ADC_CAL               00380080   00000009  00000007  00000002  RWIX
  OTP                   00380400   00000400  00000000  00000400  RWIX
  IQTABLES              003fe000   00000b50  00000000  00000b50  RWIX
  IQTABLES2             003feb50   0000008c  00000000  0000008c  RWIX
  FPUTABLES             003febdc   000006a0  00000000  000006a0  RWIX
  ROM                   003ff27c   00000d44  00000000  00000d44  RWIX
  RESET                 003fffc0   00000002  00000000  00000002  RWIX
  VECTORS               003fffc2   0000003e  00000000  0000003e  RWIX

PAGE 1:
  BOOT_RSVD             00000000   00000050  00000000  00000050  RWIX
  RAMM0                 00000050   000003b0  00000120  00000290  RWIX
  RAMM1                 00000400   00000400  00000200  00000200  RWIX
  DEV_EMU               00000880   00000180  000000d0  000000b0  RWIX
  FLASH_REGS            00000a80   00000060  00000008  00000058  RWIX
  CSM                   00000ae0   00000010  00000010  00000000  RWIX
  ADC_MIRROR            00000b00   00000010  00000010  00000000  RWIX
  XINTF                 00000b20   00000020  0000001e  00000002  RWIX
  CPU_TIMER0            00000c00   00000008  00000008  00000000  RWIX
  CPU_TIMER1            00000c08   00000008  00000008  00000000  RWIX
  CPU_TIMER2            00000c10   00000008  00000008  00000000  RWIX
  PIE_CTRL              00000ce0   00000020  0000001a  00000006  RWIX
  PIE_VECT              00000d00   00000100  00000100  00000000  RWIX
  DMA                   00001000   00000200  000000e0  00000120  RWIX
  MCBSPA                00005000   00000040  00000025  0000001b  RWIX
  MCBSPB                00005040   00000040  00000025  0000001b  RWIX
  ECANA                 00006000   00000040  00000034  0000000c  RWIX
  ECANA_LAM             00006040   00000040  00000040  00000000  RWIX
  ECANA_MOTS            00006080   00000040  00000040  00000000  RWIX
  ECANA_MOTO            000060c0   00000040  00000040  00000000  RWIX
  ECANA_MBOX            00006100   00000100  00000100  00000000  RWIX
  ECANB                 00006200   00000040  00000034  0000000c  RWIX
  ECANB_LAM             00006240   00000040  00000040  00000000  RWIX
  ECANB_MOTS            00006280   00000040  00000040  00000000  RWIX
  ECANB_MOTO            000062c0   00000040  00000040  00000000  RWIX
  ECANB_MBOX            00006300   00000100  00000100  00000000  RWIX
  EPWM1                 00006800   00000022  00000022  00000000  RWIX
  EPWM2                 00006840   00000022  00000022  00000000  RWIX
  EPWM3                 00006880   00000022  00000022  00000000  RWIX
  EPWM4                 000068c0   00000022  00000022  00000000  RWIX
  EPWM5                 00006900   00000022  00000022  00000000  RWIX
  EPWM6                 00006940   00000022  00000022  00000000  RWIX
  ECAP1                 00006a00   00000020  00000020  00000000  RWIX
  ECAP2                 00006a20   00000020  00000020  00000000  RWIX
  ECAP3                 00006a40   00000020  00000020  00000000  RWIX
  ECAP4                 00006a60   00000020  00000020  00000000  RWIX
  ECAP5                 00006a80   00000020  00000020  00000000  RWIX
  ECAP6                 00006aa0   00000020  00000020  00000000  RWIX
  EQEP1                 00006b00   00000040  00000040  00000000  RWIX
  EQEP2                 00006b40   00000040  00000040  00000000  RWIX
  GPIOCTRL              00006f80   00000040  0000002e  00000012  RWIX
  GPIODAT               00006fc0   00000020  00000020  00000000  RWIX
  GPIOINT               00006fe0   00000020  0000000a  00000016  RWIX
  SYSTEM                00007010   00000020  00000020  00000000  RWIX
  SPIA                  00007040   00000010  00000010  00000000  RWIX
  SCIA                  00007050   00000010  00000010  00000000  RWIX
  XINTRUPT              00007070   00000010  00000010  00000000  RWIX
  ADC                   00007100   00000020  0000001e  00000002  RWIX
  SCIB                  00007750   00000010  00000010  00000000  RWIX
  SCIC                  00007770   00000010  00000010  00000000  RWIX
  I2CA                  00007900   00000040  00000022  0000001e  RWIX
  RAML4                 0000c000   00001000  00000c08  000003f8  RWIX
  RAML5                 0000d000   00001000  00000400  00000c00  RWIX
  RAML6                 0000e000   00001000  00000000  00001000  RWIX
  RAML7                 0000f000   00001000  00000000  00001000  RWIX
  ZONE7B                0020fc00   00000400  00000000  00000400  RWIX
  FLASHB                00330000   00008000  00000000  00008000  RWIX
  CSM_PWL               0033fff8   00000008  00000008  00000000  RWIX
  PARTID                00380090   00000001  00000001  00000000  RWIX


SECTION ALLOCATION MAP

 output                                  attributes/
section   page    origin      length       input sections
--------  ----  ----------  ----------   ----------------
.pinit     0    00338000    00000000     UNINITIALIZED

ramfuncs   0    00320000    0000001f     RUN ADDR = 00008000
                  00320000    0000001b     DSP2833x_SysCtrl.obj (ramfuncs)
                  0032001b    00000004     DSP2833x_usDelay.obj (ramfuncs)

.text      0    00338000    00002a27     
                  00338000    00000911     rts2800_fpu32.lib : _printfi.obj (.text)
                  00338911    0000058b     CAN.obj (.text)
                  00338e9c    00000316     DSP2833x_DefaultIsr.obj (.text:retain)
                  003391b2    00000269     controlSCI.obj (.text)
                  0033941b    0000024b     rts2800_fpu32.lib : lowlev.obj (.text)
                  00339666    00000201                       : trgdrv.obj (.text)
                  00339867    000001d4                       : memory.obj (.text)
                  00339a3b    0000014b     receiveCAN.obj (.text)
                  00339b86    00000132     DSP2833x_ECan.obj (.text)
                  00339cb8    00000107     rts2800_fpu32.lib : ll_div.obj (.text)
                  00339dbf    00000101                       : fopen.obj (.text)
                  00339ec0    000000f3     DSP2833x_SysCtrl.obj (.text)
                  00339fb3    000000af     rts2800_fpu32.lib : fputs.obj (.text)
                  0033a062    000000ab     scheduler.obj (.text)
                  0033a10d    0000009c     rts2800_fpu32.lib : fd_add.obj (.text)
                  0033a1a9    0000008b                       : fd_div.obj (.text)
                  0033a234    00000086                       : ankmsg.obj (.text)
                  0033a2ba    00000083                       : fd_mpy.obj (.text)
                  0033a33d    00000076                       : setvbuf.obj (.text)
                  0033a3b3    00000074     DSP2833x_CpuTimers.obj (.text)
                  0033a427    00000067     SCI.obj (.text)
                  0033a48e    00000065     rts2800_fpu32.lib : _io_perm.obj (.text)
                  0033a4f3    00000060                       : fflush.obj (.text)
                  0033a553    00000054     TT_Main.obj (.text)
                  0033a5a7    00000054     rts2800_fpu32.lib : fputc.obj (.text)
                  0033a5fb    0000004f                       : fclose.obj (.text)
                  0033a64a    00000048     DSP2833x_Sci.obj (.text)
                  0033a692    00000046     rts2800_fpu32.lib : boot.obj (.text)
                  0033a6d8    0000003d                       : fseek.obj (.text)
                  0033a715    00000032                       : printf.obj (.text)
                  0033a747    00000031                       : atoi.obj (.text)
                  0033a778    00000030     TT_Main.obj (.text:retain)
                  0033a7a8    0000002c     rts2800_fpu32.lib : ltoa.obj (.text)
                  0033a7d4    0000002a                       : fd_cmp.obj (.text)
                  0033a7fe    0000002a                       : l_div.obj (.text)
                  0033a828    00000028     DSP2833x_PieCtrl.obj (.text)
                  0033a850    00000021     rts2800_fpu32.lib : fd_toi.obj (.text)
                  0033a871    00000021                       : memcpy_ff.obj (.text)
                  0033a892    00000020     DSP2833x_PieVect.obj (.text)
                  0033a8b2    0000001f     rts2800_fpu32.lib : fd_tol.obj (.text)
                  0033a8d1    0000001f                       : strncpy.obj (.text)
                  0033a8f0    0000001e                       : ll_cmp.obj (.text)
                  0033a90e    0000001c                       : fs_tofd.obj (.text)
                  0033a92a    0000001c                       : l_tofd.obj (.text)
                  0033a946    00000019                       : args_main.obj (.text)
                  0033a95f    00000019                       : exit.obj (.text)
                  0033a978    00000014                       : ll_mpy.obj (.text)
                  0033a98c    00000012                       : memccpy.obj (.text)
                  0033a99e    0000000f     handleCAN.obj (.text)
                  0033a9ad    0000000e     rts2800_fpu32.lib : fd_sub.obj (.text)
                  0033a9bb    0000000d                       : memchr.obj (.text)
                  0033a9c8    0000000c                       : strchr.obj (.text)
                  0033a9d4    0000000b                       : u_div.obj (.text)
                  0033a9df    0000000a                       : strcmp.obj (.text)
                  0033a9e9    0000000a                       : strlen.obj (.text)
                  0033a9f3    00000009                       : _lock.obj (.text)
                  0033a9fc    00000009                       : fd_neg.obj (.text)
                  0033aa05    00000009                       : strcpy.obj (.text)
                  0033aa0e    00000008     DSP2833x_CodeStartBranch.obj (.text)
                  0033aa16    00000007     rts2800_fpu32.lib : memset.obj (.text)
                  0033aa1d    00000005     schedulerConfig.obj (.text)
                  0033aa22    00000003     rts2800_fpu32.lib : remove.obj (.text)
                  0033aa25    00000002     newTask.obj (.text)

.cinit     0    0033aa27    00000349     
                  0033aa27    0000028c     CAN.obj (.cinit)
                  0033acb3    0000002d     rts2800_fpu32.lib : lowlev.obj (.cinit)
                  0033ace0    0000002a                       : defs.obj (.cinit)
                  0033ad0a    00000014     controlSCI.obj (.cinit)
                  0033ad1e    00000014     schedulerConfig.obj (.cinit)
                  0033ad32    0000000c     CAN_Rx_global.obj (.cinit)
                  0033ad3e    0000000a     rts2800_fpu32.lib : _lock.obj (.cinit)
                  0033ad48    0000000a                       : exit.obj (.cinit)
                  0033ad52    00000008     receiveCAN.obj (.cinit)
                  0033ad5a    00000008     scheduler.obj (.cinit)
                  0033ad62    00000004     SCI.obj (.cinit)
                  0033ad66    00000004     rts2800_fpu32.lib : fopen.obj (.cinit)
                  0033ad6a    00000004                       : memory.obj (.cinit)
                  0033ad6e    00000002     --HOLE-- [fill = 0]

.econst    0    0033ad70    00000252     
                  0033ad70    00000101     rts2800_fpu32.lib : ctype.obj (.econst:__ctypes_)
                  0033ae71    00000001     schedulerConfig.obj (.econst)
                  0033ae72    00000100     DSP2833x_PieVect.obj (.econst)
                  0033af72    00000024     rts2800_fpu32.lib : _printfi.obj (.econst:.string)
                  0033af96    00000018                       : _printfi.obj (.econst)
                  0033afae    0000000b     receiveCAN.obj (.econst:.string)
                  0033afb9    00000001     --HOLE-- [fill = 0]
                  0033afba    00000004     CAN.obj (.econst:_$P$T0$1)
                  0033afbe    00000002     rts2800_fpu32.lib : fputs.obj (.econst:.string)
                  0033afc0    00000002     CAN.obj (.econst)

codestart 
*          0    0033fff6    00000002     
                  0033fff6    00000002     DSP2833x_CodeStartBranch.obj (codestart)

.adc_cal   0    00380080    00000007     NOLOAD SECTION
                  00380080    00000007     DSP2833x_ADC_cal.obj (.adc_cal)

.reset     0    003fffc0    00000002     DSECT
                  003fffc0    00000002     rts2800_fpu32.lib : boot.obj (.reset)

vectors    0    003fffc2    00000000     DSECT

.cio       1    00000080    00000120     UNINITIALIZED
                  00000080    00000120     rts2800_fpu32.lib : ankmsg.obj (.cio)

.stack     1    00000400    00000200     UNINITIALIZED
                  00000400    00000200     --HOLE--

DevEmuRegsFile 
*          1    00000880    000000d0     UNINITIALIZED
                  00000880    000000d0     DSP2833x_GlobalVariableDefs.obj (DevEmuRegsFile)

FlashRegsFile 
*          1    00000a80    00000008     UNINITIALIZED
                  00000a80    00000008     DSP2833x_GlobalVariableDefs.obj (FlashRegsFile)

CsmRegsFile 
*          1    00000ae0    00000010     UNINITIALIZED
                  00000ae0    00000010     DSP2833x_GlobalVariableDefs.obj (CsmRegsFile)

AdcMirrorFile 
*          1    00000b00    00000010     UNINITIALIZED
                  00000b00    00000010     DSP2833x_GlobalVariableDefs.obj (AdcMirrorFile)

XintfRegsFile 
*          1    00000b20    0000001e     UNINITIALIZED
                  00000b20    0000001e     DSP2833x_GlobalVariableDefs.obj (XintfRegsFile)

CpuTimer0RegsFile 
*          1    00000c00    00000008     UNINITIALIZED
                  00000c00    00000008     DSP2833x_GlobalVariableDefs.obj (CpuTimer0RegsFile)

CpuTimer1RegsFile 
*          1    00000c08    00000008     UNINITIALIZED
                  00000c08    00000008     DSP2833x_GlobalVariableDefs.obj (CpuTimer1RegsFile)

CpuTimer2RegsFile 
*          1    00000c10    00000008     UNINITIALIZED
                  00000c10    00000008     DSP2833x_GlobalVariableDefs.obj (CpuTimer2RegsFile)

PieCtrlRegsFile 
*          1    00000ce0    0000001a     UNINITIALIZED
                  00000ce0    0000001a     DSP2833x_GlobalVariableDefs.obj (PieCtrlRegsFile)

PieVectTableFile 
*          1    00000d00    00000100     UNINITIALIZED
                  00000d00    00000100     DSP2833x_GlobalVariableDefs.obj (PieVectTableFile)

DmaRegsFile 
*          1    00001000    000000e0     UNINITIALIZED
                  00001000    000000e0     DSP2833x_GlobalVariableDefs.obj (DmaRegsFile)

McbspaRegsFile 
*          1    00005000    00000025     UNINITIALIZED
                  00005000    00000025     DSP2833x_GlobalVariableDefs.obj (McbspaRegsFile)

McbspbRegsFile 
*          1    00005040    00000025     UNINITIALIZED
                  00005040    00000025     DSP2833x_GlobalVariableDefs.obj (McbspbRegsFile)

ECanaRegsFile 
*          1    00006000    00000034     UNINITIALIZED
                  00006000    00000034     DSP2833x_GlobalVariableDefs.obj (ECanaRegsFile)

ECanaLAMRegsFile 
*          1    00006040    00000040     UNINITIALIZED
                  00006040    00000040     DSP2833x_GlobalVariableDefs.obj (ECanaLAMRegsFile)

ECanaMOTSRegsFile 
*          1    00006080    00000040     UNINITIALIZED
                  00006080    00000040     DSP2833x_GlobalVariableDefs.obj (ECanaMOTSRegsFile)

ECanaMOTORegsFile 
*          1    000060c0    00000040     UNINITIALIZED
                  000060c0    00000040     DSP2833x_GlobalVariableDefs.obj (ECanaMOTORegsFile)

ECanaMboxesFile 
*          1    00006100    00000100     UNINITIALIZED
                  00006100    00000100     DSP2833x_GlobalVariableDefs.obj (ECanaMboxesFile)

ECanbRegsFile 
*          1    00006200    00000034     UNINITIALIZED
                  00006200    00000034     DSP2833x_GlobalVariableDefs.obj (ECanbRegsFile)

ECanbLAMRegsFile 
*          1    00006240    00000040     UNINITIALIZED
                  00006240    00000040     DSP2833x_GlobalVariableDefs.obj (ECanbLAMRegsFile)

ECanbMOTSRegsFile 
*          1    00006280    00000040     UNINITIALIZED
                  00006280    00000040     DSP2833x_GlobalVariableDefs.obj (ECanbMOTSRegsFile)

ECanbMOTORegsFile 
*          1    000062c0    00000040     UNINITIALIZED
                  000062c0    00000040     DSP2833x_GlobalVariableDefs.obj (ECanbMOTORegsFile)

ECanbMboxesFile 
*          1    00006300    00000100     UNINITIALIZED
                  00006300    00000100     DSP2833x_GlobalVariableDefs.obj (ECanbMboxesFile)

EPwm1RegsFile 
*          1    00006800    00000022     UNINITIALIZED
                  00006800    00000022     DSP2833x_GlobalVariableDefs.obj (EPwm1RegsFile)

EPwm2RegsFile 
*          1    00006840    00000022     UNINITIALIZED
                  00006840    00000022     DSP2833x_GlobalVariableDefs.obj (EPwm2RegsFile)

EPwm3RegsFile 
*          1    00006880    00000022     UNINITIALIZED
                  00006880    00000022     DSP2833x_GlobalVariableDefs.obj (EPwm3RegsFile)

EPwm4RegsFile 
*          1    000068c0    00000022     UNINITIALIZED
                  000068c0    00000022     DSP2833x_GlobalVariableDefs.obj (EPwm4RegsFile)

EPwm5RegsFile 
*          1    00006900    00000022     UNINITIALIZED
                  00006900    00000022     DSP2833x_GlobalVariableDefs.obj (EPwm5RegsFile)

EPwm6RegsFile 
*          1    00006940    00000022     UNINITIALIZED
                  00006940    00000022     DSP2833x_GlobalVariableDefs.obj (EPwm6RegsFile)

ECap1RegsFile 
*          1    00006a00    00000020     UNINITIALIZED
                  00006a00    00000020     DSP2833x_GlobalVariableDefs.obj (ECap1RegsFile)

ECap2RegsFile 
*          1    00006a20    00000020     UNINITIALIZED
                  00006a20    00000020     DSP2833x_GlobalVariableDefs.obj (ECap2RegsFile)

ECap3RegsFile 
*          1    00006a40    00000020     UNINITIALIZED
                  00006a40    00000020     DSP2833x_GlobalVariableDefs.obj (ECap3RegsFile)

ECap4RegsFile 
*          1    00006a60    00000020     UNINITIALIZED
                  00006a60    00000020     DSP2833x_GlobalVariableDefs.obj (ECap4RegsFile)

ECap5RegsFile 
*          1    00006a80    00000020     UNINITIALIZED
                  00006a80    00000020     DSP2833x_GlobalVariableDefs.obj (ECap5RegsFile)

ECap6RegsFile 
*          1    00006aa0    00000020     UNINITIALIZED
                  00006aa0    00000020     DSP2833x_GlobalVariableDefs.obj (ECap6RegsFile)

EQep1RegsFile 
*          1    00006b00    00000040     UNINITIALIZED
                  00006b00    00000040     DSP2833x_GlobalVariableDefs.obj (EQep1RegsFile)

EQep2RegsFile 
*          1    00006b40    00000040     UNINITIALIZED
                  00006b40    00000040     DSP2833x_GlobalVariableDefs.obj (EQep2RegsFile)

GpioCtrlRegsFile 
*          1    00006f80    0000002e     UNINITIALIZED
                  00006f80    0000002e     DSP2833x_GlobalVariableDefs.obj (GpioCtrlRegsFile)

GpioDataRegsFile 
*          1    00006fc0    00000020     UNINITIALIZED
                  00006fc0    00000020     DSP2833x_GlobalVariableDefs.obj (GpioDataRegsFile)

GpioIntRegsFile 
*          1    00006fe0    0000000a     UNINITIALIZED
                  00006fe0    0000000a     DSP2833x_GlobalVariableDefs.obj (GpioIntRegsFile)

SysCtrlRegsFile 
*          1    00007010    00000020     UNINITIALIZED
                  00007010    00000020     DSP2833x_GlobalVariableDefs.obj (SysCtrlRegsFile)

SpiaRegsFile 
*          1    00007040    00000010     UNINITIALIZED
                  00007040    00000010     DSP2833x_GlobalVariableDefs.obj (SpiaRegsFile)

SciaRegsFile 
*          1    00007050    00000010     UNINITIALIZED
                  00007050    00000010     DSP2833x_GlobalVariableDefs.obj (SciaRegsFile)

XIntruptRegsFile 
*          1    00007070    00000010     UNINITIALIZED
                  00007070    00000010     DSP2833x_GlobalVariableDefs.obj (XIntruptRegsFile)

AdcRegsFile 
*          1    00007100    0000001e     UNINITIALIZED
                  00007100    0000001e     DSP2833x_GlobalVariableDefs.obj (AdcRegsFile)

ScibRegsFile 
*          1    00007750    00000010     UNINITIALIZED
                  00007750    00000010     DSP2833x_GlobalVariableDefs.obj (ScibRegsFile)

ScicRegsFile 
*          1    00007770    00000010     UNINITIALIZED
                  00007770    00000010     DSP2833x_GlobalVariableDefs.obj (ScicRegsFile)

I2caRegsFile 
*          1    00007900    00000022     UNINITIALIZED
                  00007900    00000022     DSP2833x_GlobalVariableDefs.obj (I2caRegsFile)

.ebss      1    0000c000    00000c08     UNINITIALIZED
                  0000c000    00000440     CAN_Rx_global.obj (.ebss)
                  0000c440    000002c4     CAN.obj (.ebss)
                  0000c704    00000018     DSP2833x_CpuTimers.obj (.ebss)
                  0000c71c    00000012     schedulerConfig.obj (.ebss)
                  0000c72e    00000008     rts2800_fpu32.lib : memory.obj (.ebss)
                  0000c736    00000008                       : trgdrv.obj (.ebss)
                  0000c73e    00000002     TT_Main.obj (.ebss)
                  0000c740    000002ac     controlSCI.obj (.ebss)
                  0000c9ec    00000004     rts2800_fpu32.lib : _lock.obj (.ebss)
                  0000c9f0    00000004                       : exit.obj (.ebss)
                  0000c9f4    00000002     receiveCAN.obj (.ebss)
                  0000c9f6    00000002     scheduler.obj (.ebss)
                  0000c9f8    00000001     SCI.obj (.ebss)
                  0000c9f9    00000001     rts2800_fpu32.lib : fopen.obj (.ebss)
                  0000c9fa    00000006     --HOLE--
                  0000ca00    00000160                       : defs.obj (.ebss)
                  0000cb60    00000020     --HOLE--
                  0000cb80    00000088                       : lowlev.obj (.ebss)

.sysmem    1    0000d000    00000400     UNINITIALIZED
                  0000d000    00000001     rts2800_fpu32.lib : memory.obj (.sysmem)
                  0000d001    000003ff     --HOLE--

CsmPwlFile 
*          1    0033fff8    00000008     UNINITIALIZED
                  0033fff8    00000008     DSP2833x_GlobalVariableDefs.obj (CsmPwlFile)

PartIdRegsFile 
*          1    00380090    00000001     UNINITIALIZED
                  00380090    00000001     DSP2833x_GlobalVariableDefs.obj (PartIdRegsFile)


GLOBAL SYMBOLS: SORTED ALPHABETICALLY BY Name 

address    name
--------   ----
00338000   .text
0033a95f   C$$EXIT
0033a280   C$$IO$$
0033a10d   FD$$ADD
0033a7d4   FD$$CMP
0033a1a9   FD$$DIV
0033a2ba   FD$$MPY
0033a9fc   FD$$NEG
0033a9ad   FD$$SUB
0033a850   FD$$TOI
0033a8b2   FD$$TOL
0033a90e   FS$$TOFD
0033a7fe   L$$DIV
0033a80d   L$$MOD
0033a92a   L$$TOFD
0033a8f0   LL$$CMP
00339cb8   LL$$DIV
00339cf4   LL$$MOD
0033a978   LL$$MPY
0033a9d4   U$$DIV
0033a9d9   U$$MOD
0033a81b   UL$$DIV
0033a822   UL$$MOD
0033a902   ULL$$CMP
00339d2e   ULL$$DIV
00339d5d   ULL$$MOD
00338f82   _ADCINT_ISR
00380080   _ADC_cal
00000b00   _AdcMirror
00007100   _AdcRegs
00338911   _CAN_Init
0000c480   _CAN_Ports
0000c140   _CAN_RxMessages_G
00338924   _CAN_Test
0033a3ec   _ConfigCpuTimer
0000c714   _CpuTimer0
00000c00   _CpuTimer0Regs
0000c704   _CpuTimer1
00000c08   _CpuTimer1Regs
0000c70c   _CpuTimer2
00000c10   _CpuTimer2Regs
0033fff8   _CsmPwl
00000ae0   _CsmRegs
00339f82   _CsmUnlock
00338eb0   _DATALOG_ISR
003390a4   _DINTCH1_ISR
003390ae   _DINTCH2_ISR
003390b8   _DINTCH3_ISR
003390c2   _DINTCH4_ISR
003390cc   _DINTCH5_ISR
003390d6   _DINTCH6_ISR
0000801b   _DSP28x_usDelay
00000880   _DevEmuRegs
00339ed3   _DisableDog
00001000   _DmaRegs
00339130   _ECAN0INTA_ISR
00339144   _ECAN0INTB_ISR
0033913a   _ECAN1INTA_ISR
0033914e   _ECAN1INTB_ISR
00339018   _ECAP1_INT_ISR
00339022   _ECAP2_INT_ISR
0033902c   _ECAP3_INT_ISR
00339036   _ECAP4_INT_ISR
00339040   _ECAP5_INT_ISR
0033904a   _ECAP6_INT_ISR
00006040   _ECanaLAMRegs
000060c0   _ECanaMOTORegs
00006080   _ECanaMOTSRegs
00006100   _ECanaMboxes
00006000   _ECanaRegs
00006240   _ECanbLAMRegs
000062c0   _ECanbMOTORegs
00006280   _ECanbMOTSRegs
00006300   _ECanbMboxes
00006200   _ECanbRegs
00006a00   _ECap1Regs
00006a20   _ECap2Regs
00006a40   _ECap3Regs
00006a60   _ECap4Regs
00006a80   _ECap5Regs
00006aa0   _ECap6Regs
00338ec4   _EMUINT_ISR
00338fdc   _EPWM1_INT_ISR
00338fa0   _EPWM1_TZINT_ISR
00338fe6   _EPWM2_INT_ISR
00338faa   _EPWM2_TZINT_ISR
00338ff0   _EPWM3_INT_ISR
00338fb4   _EPWM3_TZINT_ISR
00338ffa   _EPWM4_INT_ISR
00338fbe   _EPWM4_TZINT_ISR
00339004   _EPWM5_INT_ISR
00338fc8   _EPWM5_TZINT_ISR
0033900e   _EPWM6_INT_ISR
00338fd2   _EPWM6_TZINT_ISR
00006800   _EPwm1Regs
00006840   _EPwm2Regs
00006880   _EPwm3Regs
000068c0   _EPwm4Regs
00006900   _EPwm5Regs
00006940   _EPwm6Regs
00339054   _EQEP1_INT_ISR
0033905e   _EQEP2_INT_ISR
00006b00   _EQep1Regs
00006b40   _EQep2Regs
0033a847   _EnableInterrupts
00000a80   _FlashRegs
00006f80   _GpioCtrlRegs
00006fc0   _GpioDataRegs
00006fe0   _GpioIntRegs
0033983b   _HOSTclock
00339814   _HOSTclose
003397ec   _HOSTgetenv
003397a4   _HOSTlseek
00339768   _HOSTopen
0033972e   _HOSTread
003396f1   _HOSTrename
003396c5   _HOSTtime
003396a0   _HOSTunlink
00339666   _HOSTwrite
003390e0   _I2CINT1A_ISR
003390ea   _I2CINT2A_ISR
00007900   _I2caRegs
00338ed8   _ILLEGAL_ISR
00338e9c   _INT13_ISR
00338ea6   _INT14_ISR
00338d92   _InitCanA
00338e17   _InitCanB
0033a3b3   _InitCpuTimers
00339b86   _InitECan
00339c89   _InitECanGpio
00339b8b   _InitECana
00339c8e   _InitECanaGpio
00339c0a   _InitECanb
00339ca4   _InitECanbGpio
00008000   _InitFlash
00339f27   _InitPeripheralClocks
0033a828   _InitPieCtrl
0033a892   _InitPieVectTable
00339edb   _InitPll
0033a64a   _InitSci
0033a64b   _InitSciGpio
0033a652   _InitSciaGpio
0033a668   _InitScibGpio
0033a67c   _InitScicGpio
00339ec0   _InitSysCtrl
00339194   _LUF_ISR
0033918a   _LVF_ISR
00339090   _MRINTA_ISR
0033907c   _MRINTB_ISR
0033909a   _MXINTA_ISR
00339086   _MXINTB_ISR
00005000   _McbspaRegs
00005040   _McbspbRegs
00338ece   _NMI_ISR
0033919e   _PIE_RESERVED
00380090   _PartIdRegs
00000ce0   _PieCtrlRegs
00000d00   _PieVectTable
0033ae72   _PieVectTableInit
00338eba   _RTOSINT_ISR
0032001f   _RamfuncsLoadEnd
00320000   _RamfuncsLoadStart
00008000   _RamfuncsRunStart
00339108   _SCIRXINTA_ISR
0033911c   _SCIRXINTB_ISR
003390f4   _SCIRXINTC_ISR
00339112   _SCITXINTA_ISR
00339126   _SCITXINTB_ISR
003390fe   _SCITXINTC_ISR
00338f5a   _SEQ1INT_ISR
00338f64   _SEQ2INT_ISR
00339068   _SPIRXINTA_ISR
00339072   _SPITXINTA_ISR
00007050   _SciaRegs
00007750   _ScibRegs
00007770   _ScicRegs
00339ec9   _ServiceDog
00007040   _SpiaRegs
00007010   _SysCtrlRegs
00338f8c   _TINT0_ISR
0000c71c   _Tasks
0033aa1d   _Tasks_Init
00338f3c   _USER10_ISR
00338f46   _USER11_ISR
00338f50   _USER12_ISR
00338ee2   _USER1_ISR
00338eec   _USER2_ISR
00338ef6   _USER3_ISR
00338f00   _USER4_ISR
00338f0a   _USER5_ISR
00338f14   _USER6_ISR
00338f1e   _USER7_ISR
00338f28   _USER8_ISR
00338f32   _USER9_ISR
00338f96   _WAKEINT_ISR
00338f6e   _XINT1_ISR
00338f78   _XINT2_ISR
00339158   _XINT3_ISR
00339162   _XINT4_ISR
0033916c   _XINT5_ISR
00339176   _XINT6_ISR
00339180   _XINT7_ISR
00007070   _XIntruptRegs
00000b20   _XintfRegs
00000080   __CIOBUF_
00000600   __STACK_END
00000200   __STACK_SIZE
00000400   __SYSMEM_SIZE
00000001   __TI_args_main
ffffffff   ___binit__
ffffffff   ___c_args__
0033aa27   ___cinit__
0033aa27   ___etext__
0033a871   ___memcpy_ff
ffffffff   ___pinit__
00338000   ___text__
0033a946   __args_main
00339e37   __cleanup
0000c9f0   __cleanup_ptr
0033a5fb   __closefile
0033ad70   __ctypes_
0033a4f3   __doflush
0000c9f2   __dtors_ptr
0000ca00   __ft_end
0000ca40   __ftable
0000c9ee   __lock
0033a9fb   __nop
0033880e   __printfi
0033a4c8   __rd_ok
0033a9f7   __register_lock
0033a9f3   __register_unlock
00000400   __stack
0000d000   __sys_memory
0000cac0   __tmpnams
0000c9ec   __unlock
0033a48e   __wrt_ok
0033a95f   _abort
003395f4   _add_device
0033a747   _atoi
0033938b   _buildSequence
0033a692   _c_int00
00339a21   _calloc
00338d71   _checkMailboxState
00339a1f   _chkheap
003395c2   _close
00338ba2   _commitSendMailbox
0033898a   _configureRxMailbox
00338a75   _configureTxMailbox
003391b2   _controlSCI_init
003391b9   _controlSCI_update
0033a569   _cpuInit
0033a778   _cpu_timer0_isr
00338bcd   _disableMailbox
0033a961   _exit
0033a637   _fclose
0033a522   _fflush
0000c001   _filterSize_G
0033895e   _findMailbox
00339ea6   _fopen
0033a5a7   _fputc
00339fb3   _fputs
00339867   _free
00339a01   _free_memory
00339e55   _freopen
0033a6d8   _fseek
0033897d   _getCANErrors
00338d81   _getMailboxID
00339af2   _getNextSequenceIndex
0033a10a   _goIdle
0033a5a6   _gpioInit
0033a99e   _handleCAN_init
0033a99f   _handleCAN_update
0000c440   _i
0033a104   _interruptDisable
0033a0fa   _interruptEnable
00338b3e   _loadTxMailbox
0000c800   _loggingList_SCIRx
0000c442   _loopcount
00339594   _lseek
0033a7a8   _ltoa
0000c040   _mailBoxFilterShadow_G
0000c780   _mailBoxFilterShadow_SCITx
0033a553   _main
003398d2   _malloc
003399df   _max_free
0033a98c   _memccpy
0033a9bb   _memchr
0033aa16   _memset
003398ac   _minit
0033aa25   _newTask_init
0033aa26   _newTask_update
0000c000   _numRxCANMsgs_G
0033953e   _open
0033a71b   _printf
0033a5a7   _putc
0033a5f6   _putchar
0033a050   _puts
003394f0   _read
00338bfb   _readRxMailbox
0033a284   _readmsg
00339928   _realloc
00339a3b   _receiveCAN_init
00339a3f   _receiveCAN_update
0033aa22   _remove
003394d6   _remove_device
003394ad   _rename
003391a8   _rsvd_ISR
0000c741   _rxbufferSize
0033a062   _scheduler_Init
0033a077   _scheduler_onTick
0033a0b3   _scheduler_taskDispatcher
0033a486   _scia_fifo_init
0033a427   _scia_init
0033a448   _scia_msg
0033a46d   _scia_msgTT
0033a43c   _scia_xmit
0033a45d   _scia_xmitTT
0033a33d   _setvbuf
0033a9c8   _strchr
0033a9df   _strcmp
0033aa05   _strcpy
0033a9e9   _strlen
0033a8d1   _strncpy
0033ae71   _tasksInSchedule
0000c73e   _tickCount_G
0033a58c   _timerStart
00339495   _unlink
00339b33   _updateFilter
00338c74   _updateMailboxes
0000c002   _updateSequenceRequired_G
0033941b   _write
0033a234   _writemsg
ffffffff   binit
0033aa27   cinit
0033fff6   code_start
0033aa27   etext
ffffffff   pinit


GLOBAL SYMBOLS: SORTED BY Symbol Address 

address    name
--------   ----
00000001   __TI_args_main
00000080   __CIOBUF_
00000200   __STACK_SIZE
00000400   __SYSMEM_SIZE
00000400   __stack
00000600   __STACK_END
00000880   _DevEmuRegs
00000a80   _FlashRegs
00000ae0   _CsmRegs
00000b00   _AdcMirror
00000b20   _XintfRegs
00000c00   _CpuTimer0Regs
00000c08   _CpuTimer1Regs
00000c10   _CpuTimer2Regs
00000ce0   _PieCtrlRegs
00000d00   _PieVectTable
00001000   _DmaRegs
00005000   _McbspaRegs
00005040   _McbspbRegs
00006000   _ECanaRegs
00006040   _ECanaLAMRegs
00006080   _ECanaMOTSRegs
000060c0   _ECanaMOTORegs
00006100   _ECanaMboxes
00006200   _ECanbRegs
00006240   _ECanbLAMRegs
00006280   _ECanbMOTSRegs
000062c0   _ECanbMOTORegs
00006300   _ECanbMboxes
00006800   _EPwm1Regs
00006840   _EPwm2Regs
00006880   _EPwm3Regs
000068c0   _EPwm4Regs
00006900   _EPwm5Regs
00006940   _EPwm6Regs
00006a00   _ECap1Regs
00006a20   _ECap2Regs
00006a40   _ECap3Regs
00006a60   _ECap4Regs
00006a80   _ECap5Regs
00006aa0   _ECap6Regs
00006b00   _EQep1Regs
00006b40   _EQep2Regs
00006f80   _GpioCtrlRegs
00006fc0   _GpioDataRegs
00006fe0   _GpioIntRegs
00007010   _SysCtrlRegs
00007040   _SpiaRegs
00007050   _SciaRegs
00007070   _XIntruptRegs
00007100   _AdcRegs
00007750   _ScibRegs
00007770   _ScicRegs
00007900   _I2caRegs
00008000   _InitFlash
00008000   _RamfuncsRunStart
0000801b   _DSP28x_usDelay
0000c000   _numRxCANMsgs_G
0000c001   _filterSize_G
0000c002   _updateSequenceRequired_G
0000c040   _mailBoxFilterShadow_G
0000c140   _CAN_RxMessages_G
0000c440   _i
0000c442   _loopcount
0000c480   _CAN_Ports
0000c704   _CpuTimer1
0000c70c   _CpuTimer2
0000c714   _CpuTimer0
0000c71c   _Tasks
0000c73e   _tickCount_G
0000c741   _rxbufferSize
0000c780   _mailBoxFilterShadow_SCITx
0000c800   _loggingList_SCIRx
0000c9ec   __unlock
0000c9ee   __lock
0000c9f0   __cleanup_ptr
0000c9f2   __dtors_ptr
0000ca00   __ft_end
0000ca40   __ftable
0000cac0   __tmpnams
0000d000   __sys_memory
00320000   _RamfuncsLoadStart
0032001f   _RamfuncsLoadEnd
00338000   .text
00338000   ___text__
0033880e   __printfi
00338911   _CAN_Init
00338924   _CAN_Test
0033895e   _findMailbox
0033897d   _getCANErrors
0033898a   _configureRxMailbox
00338a75   _configureTxMailbox
00338b3e   _loadTxMailbox
00338ba2   _commitSendMailbox
00338bcd   _disableMailbox
00338bfb   _readRxMailbox
00338c74   _updateMailboxes
00338d71   _checkMailboxState
00338d81   _getMailboxID
00338d92   _InitCanA
00338e17   _InitCanB
00338e9c   _INT13_ISR
00338ea6   _INT14_ISR
00338eb0   _DATALOG_ISR
00338eba   _RTOSINT_ISR
00338ec4   _EMUINT_ISR
00338ece   _NMI_ISR
00338ed8   _ILLEGAL_ISR
00338ee2   _USER1_ISR
00338eec   _USER2_ISR
00338ef6   _USER3_ISR
00338f00   _USER4_ISR
00338f0a   _USER5_ISR
00338f14   _USER6_ISR
00338f1e   _USER7_ISR
00338f28   _USER8_ISR
00338f32   _USER9_ISR
00338f3c   _USER10_ISR
00338f46   _USER11_ISR
00338f50   _USER12_ISR
00338f5a   _SEQ1INT_ISR
00338f64   _SEQ2INT_ISR
00338f6e   _XINT1_ISR
00338f78   _XINT2_ISR
00338f82   _ADCINT_ISR
00338f8c   _TINT0_ISR
00338f96   _WAKEINT_ISR
00338fa0   _EPWM1_TZINT_ISR
00338faa   _EPWM2_TZINT_ISR
00338fb4   _EPWM3_TZINT_ISR
00338fbe   _EPWM4_TZINT_ISR
00338fc8   _EPWM5_TZINT_ISR
00338fd2   _EPWM6_TZINT_ISR
00338fdc   _EPWM1_INT_ISR
00338fe6   _EPWM2_INT_ISR
00338ff0   _EPWM3_INT_ISR
00338ffa   _EPWM4_INT_ISR
00339004   _EPWM5_INT_ISR
0033900e   _EPWM6_INT_ISR
00339018   _ECAP1_INT_ISR
00339022   _ECAP2_INT_ISR
0033902c   _ECAP3_INT_ISR
00339036   _ECAP4_INT_ISR
00339040   _ECAP5_INT_ISR
0033904a   _ECAP6_INT_ISR
00339054   _EQEP1_INT_ISR
0033905e   _EQEP2_INT_ISR
00339068   _SPIRXINTA_ISR
00339072   _SPITXINTA_ISR
0033907c   _MRINTB_ISR
00339086   _MXINTB_ISR
00339090   _MRINTA_ISR
0033909a   _MXINTA_ISR
003390a4   _DINTCH1_ISR
003390ae   _DINTCH2_ISR
003390b8   _DINTCH3_ISR
003390c2   _DINTCH4_ISR
003390cc   _DINTCH5_ISR
003390d6   _DINTCH6_ISR
003390e0   _I2CINT1A_ISR
003390ea   _I2CINT2A_ISR
003390f4   _SCIRXINTC_ISR
003390fe   _SCITXINTC_ISR
00339108   _SCIRXINTA_ISR
00339112   _SCITXINTA_ISR
0033911c   _SCIRXINTB_ISR
00339126   _SCITXINTB_ISR
00339130   _ECAN0INTA_ISR
0033913a   _ECAN1INTA_ISR
00339144   _ECAN0INTB_ISR
0033914e   _ECAN1INTB_ISR
00339158   _XINT3_ISR
00339162   _XINT4_ISR
0033916c   _XINT5_ISR
00339176   _XINT6_ISR
00339180   _XINT7_ISR
0033918a   _LVF_ISR
00339194   _LUF_ISR
0033919e   _PIE_RESERVED
003391a8   _rsvd_ISR
003391b2   _controlSCI_init
003391b9   _controlSCI_update
0033938b   _buildSequence
0033941b   _write
00339495   _unlink
003394ad   _rename
003394d6   _remove_device
003394f0   _read
0033953e   _open
00339594   _lseek
003395c2   _close
003395f4   _add_device
00339666   _HOSTwrite
003396a0   _HOSTunlink
003396c5   _HOSTtime
003396f1   _HOSTrename
0033972e   _HOSTread
00339768   _HOSTopen
003397a4   _HOSTlseek
003397ec   _HOSTgetenv
00339814   _HOSTclose
0033983b   _HOSTclock
00339867   _free
003398ac   _minit
003398d2   _malloc
00339928   _realloc
003399df   _max_free
00339a01   _free_memory
00339a1f   _chkheap
00339a21   _calloc
00339a3b   _receiveCAN_init
00339a3f   _receiveCAN_update
00339af2   _getNextSequenceIndex
00339b33   _updateFilter
00339b86   _InitECan
00339b8b   _InitECana
00339c0a   _InitECanb
00339c89   _InitECanGpio
00339c8e   _InitECanaGpio
00339ca4   _InitECanbGpio
00339cb8   LL$$DIV
00339cf4   LL$$MOD
00339d2e   ULL$$DIV
00339d5d   ULL$$MOD
00339e37   __cleanup
00339e55   _freopen
00339ea6   _fopen
00339ec0   _InitSysCtrl
00339ec9   _ServiceDog
00339ed3   _DisableDog
00339edb   _InitPll
00339f27   _InitPeripheralClocks
00339f82   _CsmUnlock
00339fb3   _fputs
0033a050   _puts
0033a062   _scheduler_Init
0033a077   _scheduler_onTick
0033a0b3   _scheduler_taskDispatcher
0033a0fa   _interruptEnable
0033a104   _interruptDisable
0033a10a   _goIdle
0033a10d   FD$$ADD
0033a1a9   FD$$DIV
0033a234   _writemsg
0033a280   C$$IO$$
0033a284   _readmsg
0033a2ba   FD$$MPY
0033a33d   _setvbuf
0033a3b3   _InitCpuTimers
0033a3ec   _ConfigCpuTimer
0033a427   _scia_init
0033a43c   _scia_xmit
0033a448   _scia_msg
0033a45d   _scia_xmitTT
0033a46d   _scia_msgTT
0033a486   _scia_fifo_init
0033a48e   __wrt_ok
0033a4c8   __rd_ok
0033a4f3   __doflush
0033a522   _fflush
0033a553   _main
0033a569   _cpuInit
0033a58c   _timerStart
0033a5a6   _gpioInit
0033a5a7   _fputc
0033a5a7   _putc
0033a5f6   _putchar
0033a5fb   __closefile
0033a637   _fclose
0033a64a   _InitSci
0033a64b   _InitSciGpio
0033a652   _InitSciaGpio
0033a668   _InitScibGpio
0033a67c   _InitScicGpio
0033a692   _c_int00
0033a6d8   _fseek
0033a71b   _printf
0033a747   _atoi
0033a778   _cpu_timer0_isr
0033a7a8   _ltoa
0033a7d4   FD$$CMP
0033a7fe   L$$DIV
0033a80d   L$$MOD
0033a81b   UL$$DIV
0033a822   UL$$MOD
0033a828   _InitPieCtrl
0033a847   _EnableInterrupts
0033a850   FD$$TOI
0033a871   ___memcpy_ff
0033a892   _InitPieVectTable
0033a8b2   FD$$TOL
0033a8d1   _strncpy
0033a8f0   LL$$CMP
0033a902   ULL$$CMP
0033a90e   FS$$TOFD
0033a92a   L$$TOFD
0033a946   __args_main
0033a95f   C$$EXIT
0033a95f   _abort
0033a961   _exit
0033a978   LL$$MPY
0033a98c   _memccpy
0033a99e   _handleCAN_init
0033a99f   _handleCAN_update
0033a9ad   FD$$SUB
0033a9bb   _memchr
0033a9c8   _strchr
0033a9d4   U$$DIV
0033a9d9   U$$MOD
0033a9df   _strcmp
0033a9e9   _strlen
0033a9f3   __register_unlock
0033a9f7   __register_lock
0033a9fb   __nop
0033a9fc   FD$$NEG
0033aa05   _strcpy
0033aa16   _memset
0033aa1d   _Tasks_Init
0033aa22   _remove
0033aa25   _newTask_init
0033aa26   _newTask_update
0033aa27   ___cinit__
0033aa27   ___etext__
0033aa27   cinit
0033aa27   etext
0033ad70   __ctypes_
0033ae71   _tasksInSchedule
0033ae72   _PieVectTableInit
0033fff6   code_start
0033fff8   _CsmPwl
00380080   _ADC_cal
00380090   _PartIdRegs
ffffffff   ___binit__
ffffffff   ___c_args__
ffffffff   ___pinit__
ffffffff   binit
ffffffff   pinit

[337 symbols]
