******************************************************************************
             TMS320C2000 Linker PC v6.1.0                      
******************************************************************************
>> Linked Thu Oct 17 17:15:51 2013

OUTPUT FILE NAME:   <Example_2833xCpuTimer.out>
ENTRY POINT SYMBOL: "code_start"  address: 0033fff6


MEMORY CONFIGURATION

         name            origin    length      used     unused   attr    fill
----------------------  --------  ---------  --------  --------  ----  --------
PAGE 0:
  ZONE0                 00004000   00001000  00000000  00001000  RWIX
  RAML0                 00008000   00001000  0000001f  00000fe1  RWIX
  RAML1                 00009000   00001000  00000000  00001000  RWIX
  RAML2                 0000a000   00001000  00000000  00001000  RWIX
  RAML3                 0000b000   00001000  00000000  00001000  RWIX
  ZONE6                 00100000   00100000  00000000  00100000  RWIX
  ZONE7A                00200000   0000fc00  00000000  0000fc00  RWIX
  FLASHH                00300000   00008000  00000000  00008000  RWIX
  FLASHG                00308000   00008000  00000000  00008000  RWIX
  FLASHF                00310000   00008000  00000000  00008000  RWIX
  FLASHE                00318000   00008000  00000000  00008000  RWIX
  FLASHD                00320000   00008000  0000001f  00007fe1  RWIX
  FLASHC                00328000   00008000  00000000  00008000  RWIX
  FLASHA                00338000   00007f80  00001647  00006939  RWIX
  CSM_RSVD              0033ff80   00000076  00000000  00000076  RWIX
  BEGIN                 0033fff6   00000002  00000002  00000000  RWIX
  CSM_PWL               0033fff8   00000008  00000000  00000008  RWIX
  ADC_CAL               00380080   00000009  00000007  00000002  RWIX
  OTP                   00380400   00000400  00000000  00000400  RWIX
  IQTABLES              003fe000   00000b50  00000000  00000b50  RWIX
  IQTABLES2             003feb50   0000008c  00000000  0000008c  RWIX
  FPUTABLES             003febdc   000006a0  00000000  000006a0  RWIX
  ROM                   003ff27c   00000d44  00000000  00000d44  RWIX
  RESET                 003fffc0   00000002  00000000  00000002  RWIX
  VECTORS               003fffc2   0000003e  00000000  0000003e  RWIX

PAGE 1:
  BOOT_RSVD             00000000   00000050  00000000  00000050  RWIX
  RAMM0                 00000050   000003b0  00000000  000003b0  RWIX
  RAMM1                 00000400   00000400  00000200  00000200  RWIX
  DEV_EMU               00000880   00000180  000000d0  000000b0  RWIX
  FLASH_REGS            00000a80   00000060  00000008  00000058  RWIX
  CSM                   00000ae0   00000010  00000010  00000000  RWIX
  ADC_MIRROR            00000b00   00000010  00000010  00000000  RWIX
  XINTF                 00000b20   00000020  0000001e  00000002  RWIX
  CPU_TIMER0            00000c00   00000008  00000008  00000000  RWIX
  CPU_TIMER1            00000c08   00000008  00000008  00000000  RWIX
  CPU_TIMER2            00000c10   00000008  00000008  00000000  RWIX
  PIE_CTRL              00000ce0   00000020  0000001a  00000006  RWIX
  PIE_VECT              00000d00   00000100  00000100  00000000  RWIX
  DMA                   00001000   00000200  000000e0  00000120  RWIX
  MCBSPA                00005000   00000040  00000025  0000001b  RWIX
  MCBSPB                00005040   00000040  00000025  0000001b  RWIX
  ECANA                 00006000   00000040  00000034  0000000c  RWIX
  ECANA_LAM             00006040   00000040  00000040  00000000  RWIX
  ECANA_MOTS            00006080   00000040  00000040  00000000  RWIX
  ECANA_MOTO            000060c0   00000040  00000040  00000000  RWIX
  ECANA_MBOX            00006100   00000100  00000100  00000000  RWIX
  ECANB                 00006200   00000040  00000034  0000000c  RWIX
  ECANB_LAM             00006240   00000040  00000040  00000000  RWIX
  ECANB_MOTS            00006280   00000040  00000040  00000000  RWIX
  ECANB_MOTO            000062c0   00000040  00000040  00000000  RWIX
  ECANB_MBOX            00006300   00000100  00000100  00000000  RWIX
  EPWM1                 00006800   00000022  00000022  00000000  RWIX
  EPWM2                 00006840   00000022  00000022  00000000  RWIX
  EPWM3                 00006880   00000022  00000022  00000000  RWIX
  EPWM4                 000068c0   00000022  00000022  00000000  RWIX
  EPWM5                 00006900   00000022  00000022  00000000  RWIX
  EPWM6                 00006940   00000022  00000022  00000000  RWIX
  ECAP1                 00006a00   00000020  00000020  00000000  RWIX
  ECAP2                 00006a20   00000020  00000020  00000000  RWIX
  ECAP3                 00006a40   00000020  00000020  00000000  RWIX
  ECAP4                 00006a60   00000020  00000020  00000000  RWIX
  ECAP5                 00006a80   00000020  00000020  00000000  RWIX
  ECAP6                 00006aa0   00000020  00000020  00000000  RWIX
  EQEP1                 00006b00   00000040  00000040  00000000  RWIX
  EQEP2                 00006b40   00000040  00000040  00000000  RWIX
  GPIOCTRL              00006f80   00000040  0000002e  00000012  RWIX
  GPIODAT               00006fc0   00000020  00000020  00000000  RWIX
  GPIOINT               00006fe0   00000020  0000000a  00000016  RWIX
  SYSTEM                00007010   00000020  00000020  00000000  RWIX
  SPIA                  00007040   00000010  00000010  00000000  RWIX
  SCIA                  00007050   00000010  00000010  00000000  RWIX
  XINTRUPT              00007070   00000010  00000010  00000000  RWIX
  ADC                   00007100   00000020  0000001e  00000002  RWIX
  SCIB                  00007750   00000010  00000010  00000000  RWIX
  SCIC                  00007770   00000010  00000010  00000000  RWIX
  I2CA                  00007900   00000040  00000022  0000001e  RWIX
  RAML4                 0000c000   00001000  00000d9e  00000262  RWIX
  RAML5                 0000d000   00001000  00000000  00001000  RWIX
  RAML6                 0000e000   00001000  00000000  00001000  RWIX
  RAML7                 0000f000   00001000  00000000  00001000  RWIX
  ZONE7B                0020fc00   00000400  00000000  00000400  RWIX
  FLASHB                00330000   00008000  00000000  00008000  RWIX
  CSM_PWL               0033fff8   00000008  00000008  00000000  RWIX
  PARTID                00380090   00000001  00000001  00000000  RWIX


SECTION ALLOCATION MAP

 output                                  attributes/
section   page    origin      length       input sections
--------  ----  ----------  ----------   ----------------
.pinit     0    00338000    00000000     UNINITIALIZED

ramfuncs   0    00320000    0000001f     RUN ADDR = 00008000
                  00320000    0000001b     DSP2833x_SysCtrl.obj (ramfuncs)
                  0032001b    00000004     DSP2833x_usDelay.obj (ramfuncs)

.text      0    00338000    00001256     
                  00338000    0000058b     CAN.obj (.text)
                  0033858b    00000316     DSP2833x_DefaultIsr.obj (.text:retain)
                  003388a1    00000200     controlSCI.obj (.text)
                  00338aa1    0000017d     CAN_Rx_Filter_global.obj (.text)
                  00338c1e    00000132     DSP2833x_ECan.obj (.text)
                  00338d50    000000f3     DSP2833x_SysCtrl.obj (.text)
                  00338e43    000000cf     receiveCAN.obj (.text)
                  00338f12    000000ab     scheduler.obj (.text)
                  00338fbd    00000074     DSP2833x_CpuTimers.obj (.text)
                  00339031    00000067     SCI.obj (.text)
                  00339098    00000054     TT_Main.obj (.text)
                  003390ec    00000048     DSP2833x_Sci.obj (.text)
                  00339134    00000046     rts2800_fpu32.lib : boot.obj (.text)
                  0033917a    00000030     TT_Main.obj (.text:retain)
                  003391aa    00000028     DSP2833x_PieCtrl.obj (.text)
                  003391d2    00000020     DSP2833x_PieVect.obj (.text)
                  003391f2    00000019     rts2800_fpu32.lib : args_main.obj (.text)
                  0033920b    00000019                       : exit.obj (.text)
                  00339224    0000000f     handleCAN.obj (.text)
                  00339233    0000000b     rts2800_fpu32.lib : u_div.obj (.text)
                  0033923e    00000009                       : _lock.obj (.text)
                  00339247    00000008     DSP2833x_CodeStartBranch.obj (.text)
                  0033924f    00000005     schedulerConfig.obj (.text)
                  00339254    00000002     newTask.obj (.text)

.cinit     0    00339256    000002ea     
                  00339256    0000028c     CAN.obj (.cinit)
                  003394e2    00000014     controlSCI.obj (.cinit)
                  003394f6    00000014     schedulerConfig.obj (.cinit)
                  0033950a    00000010     CAN_Rx_Filter_global.obj (.cinit)
                  0033951a    0000000a     rts2800_fpu32.lib : _lock.obj (.cinit)
                  00339524    0000000a                       : exit.obj (.cinit)
                  0033952e    00000008     scheduler.obj (.cinit)
                  00339536    00000004     SCI.obj (.cinit)
                  0033953a    00000004     receiveCAN.obj (.cinit)
                  0033953e    00000002     --HOLE-- [fill = 0]

.econst    0    00339540    00000107     
                  00339540    00000100     DSP2833x_PieVect.obj (.econst)
                  00339640    00000004     CAN.obj (.econst:_$P$T0$1)
                  00339644    00000002     CAN.obj (.econst)
                  00339646    00000001     schedulerConfig.obj (.econst)

codestart 
*          0    0033fff6    00000002     
                  0033fff6    00000002     DSP2833x_CodeStartBranch.obj (codestart)

.adc_cal   0    00380080    00000007     NOLOAD SECTION
                  00380080    00000007     DSP2833x_ADC_cal.obj (.adc_cal)

.reset     0    003fffc0    00000002     DSECT
                  003fffc0    00000002     rts2800_fpu32.lib : boot.obj (.reset)

vectors    0    003fffc2    00000000     DSECT

.stack     1    00000400    00000200     UNINITIALIZED
                  00000400    00000200     --HOLE--

DevEmuRegsFile 
*          1    00000880    000000d0     UNINITIALIZED
                  00000880    000000d0     DSP2833x_GlobalVariableDefs.obj (DevEmuRegsFile)

FlashRegsFile 
*          1    00000a80    00000008     UNINITIALIZED
                  00000a80    00000008     DSP2833x_GlobalVariableDefs.obj (FlashRegsFile)

CsmRegsFile 
*          1    00000ae0    00000010     UNINITIALIZED
                  00000ae0    00000010     DSP2833x_GlobalVariableDefs.obj (CsmRegsFile)

AdcMirrorFile 
*          1    00000b00    00000010     UNINITIALIZED
                  00000b00    00000010     DSP2833x_GlobalVariableDefs.obj (AdcMirrorFile)

XintfRegsFile 
*          1    00000b20    0000001e     UNINITIALIZED
                  00000b20    0000001e     DSP2833x_GlobalVariableDefs.obj (XintfRegsFile)

CpuTimer0RegsFile 
*          1    00000c00    00000008     UNINITIALIZED
                  00000c00    00000008     DSP2833x_GlobalVariableDefs.obj (CpuTimer0RegsFile)

CpuTimer1RegsFile 
*          1    00000c08    00000008     UNINITIALIZED
                  00000c08    00000008     DSP2833x_GlobalVariableDefs.obj (CpuTimer1RegsFile)

CpuTimer2RegsFile 
*          1    00000c10    00000008     UNINITIALIZED
                  00000c10    00000008     DSP2833x_GlobalVariableDefs.obj (CpuTimer2RegsFile)

PieCtrlRegsFile 
*          1    00000ce0    0000001a     UNINITIALIZED
                  00000ce0    0000001a     DSP2833x_GlobalVariableDefs.obj (PieCtrlRegsFile)

PieVectTableFile 
*          1    00000d00    00000100     UNINITIALIZED
                  00000d00    00000100     DSP2833x_GlobalVariableDefs.obj (PieVectTableFile)

DmaRegsFile 
*          1    00001000    000000e0     UNINITIALIZED
                  00001000    000000e0     DSP2833x_GlobalVariableDefs.obj (DmaRegsFile)

McbspaRegsFile 
*          1    00005000    00000025     UNINITIALIZED
                  00005000    00000025     DSP2833x_GlobalVariableDefs.obj (McbspaRegsFile)

McbspbRegsFile 
*          1    00005040    00000025     UNINITIALIZED
                  00005040    00000025     DSP2833x_GlobalVariableDefs.obj (McbspbRegsFile)

ECanaRegsFile 
*          1    00006000    00000034     UNINITIALIZED
                  00006000    00000034     DSP2833x_GlobalVariableDefs.obj (ECanaRegsFile)

ECanaLAMRegsFile 
*          1    00006040    00000040     UNINITIALIZED
                  00006040    00000040     DSP2833x_GlobalVariableDefs.obj (ECanaLAMRegsFile)

ECanaMOTSRegsFile 
*          1    00006080    00000040     UNINITIALIZED
                  00006080    00000040     DSP2833x_GlobalVariableDefs.obj (ECanaMOTSRegsFile)

ECanaMOTORegsFile 
*          1    000060c0    00000040     UNINITIALIZED
                  000060c0    00000040     DSP2833x_GlobalVariableDefs.obj (ECanaMOTORegsFile)

ECanaMboxesFile 
*          1    00006100    00000100     UNINITIALIZED
                  00006100    00000100     DSP2833x_GlobalVariableDefs.obj (ECanaMboxesFile)

ECanbRegsFile 
*          1    00006200    00000034     UNINITIALIZED
                  00006200    00000034     DSP2833x_GlobalVariableDefs.obj (ECanbRegsFile)

ECanbLAMRegsFile 
*          1    00006240    00000040     UNINITIALIZED
                  00006240    00000040     DSP2833x_GlobalVariableDefs.obj (ECanbLAMRegsFile)

ECanbMOTSRegsFile 
*          1    00006280    00000040     UNINITIALIZED
                  00006280    00000040     DSP2833x_GlobalVariableDefs.obj (ECanbMOTSRegsFile)

ECanbMOTORegsFile 
*          1    000062c0    00000040     UNINITIALIZED
                  000062c0    00000040     DSP2833x_GlobalVariableDefs.obj (ECanbMOTORegsFile)

ECanbMboxesFile 
*          1    00006300    00000100     UNINITIALIZED
                  00006300    00000100     DSP2833x_GlobalVariableDefs.obj (ECanbMboxesFile)

EPwm1RegsFile 
*          1    00006800    00000022     UNINITIALIZED
                  00006800    00000022     DSP2833x_GlobalVariableDefs.obj (EPwm1RegsFile)

EPwm2RegsFile 
*          1    00006840    00000022     UNINITIALIZED
                  00006840    00000022     DSP2833x_GlobalVariableDefs.obj (EPwm2RegsFile)

EPwm3RegsFile 
*          1    00006880    00000022     UNINITIALIZED
                  00006880    00000022     DSP2833x_GlobalVariableDefs.obj (EPwm3RegsFile)

EPwm4RegsFile 
*          1    000068c0    00000022     UNINITIALIZED
                  000068c0    00000022     DSP2833x_GlobalVariableDefs.obj (EPwm4RegsFile)

EPwm5RegsFile 
*          1    00006900    00000022     UNINITIALIZED
                  00006900    00000022     DSP2833x_GlobalVariableDefs.obj (EPwm5RegsFile)

EPwm6RegsFile 
*          1    00006940    00000022     UNINITIALIZED
                  00006940    00000022     DSP2833x_GlobalVariableDefs.obj (EPwm6RegsFile)

ECap1RegsFile 
*          1    00006a00    00000020     UNINITIALIZED
                  00006a00    00000020     DSP2833x_GlobalVariableDefs.obj (ECap1RegsFile)

ECap2RegsFile 
*          1    00006a20    00000020     UNINITIALIZED
                  00006a20    00000020     DSP2833x_GlobalVariableDefs.obj (ECap2RegsFile)

ECap3RegsFile 
*          1    00006a40    00000020     UNINITIALIZED
                  00006a40    00000020     DSP2833x_GlobalVariableDefs.obj (ECap3RegsFile)

ECap4RegsFile 
*          1    00006a60    00000020     UNINITIALIZED
                  00006a60    00000020     DSP2833x_GlobalVariableDefs.obj (ECap4RegsFile)

ECap5RegsFile 
*          1    00006a80    00000020     UNINITIALIZED
                  00006a80    00000020     DSP2833x_GlobalVariableDefs.obj (ECap5RegsFile)

ECap6RegsFile 
*          1    00006aa0    00000020     UNINITIALIZED
                  00006aa0    00000020     DSP2833x_GlobalVariableDefs.obj (ECap6RegsFile)

EQep1RegsFile 
*          1    00006b00    00000040     UNINITIALIZED
                  00006b00    00000040     DSP2833x_GlobalVariableDefs.obj (EQep1RegsFile)

EQep2RegsFile 
*          1    00006b40    00000040     UNINITIALIZED
                  00006b40    00000040     DSP2833x_GlobalVariableDefs.obj (EQep2RegsFile)

GpioCtrlRegsFile 
*          1    00006f80    0000002e     UNINITIALIZED
                  00006f80    0000002e     DSP2833x_GlobalVariableDefs.obj (GpioCtrlRegsFile)

GpioDataRegsFile 
*          1    00006fc0    00000020     UNINITIALIZED
                  00006fc0    00000020     DSP2833x_GlobalVariableDefs.obj (GpioDataRegsFile)

GpioIntRegsFile 
*          1    00006fe0    0000000a     UNINITIALIZED
                  00006fe0    0000000a     DSP2833x_GlobalVariableDefs.obj (GpioIntRegsFile)

SysCtrlRegsFile 
*          1    00007010    00000020     UNINITIALIZED
                  00007010    00000020     DSP2833x_GlobalVariableDefs.obj (SysCtrlRegsFile)

SpiaRegsFile 
*          1    00007040    00000010     UNINITIALIZED
                  00007040    00000010     DSP2833x_GlobalVariableDefs.obj (SpiaRegsFile)

SciaRegsFile 
*          1    00007050    00000010     UNINITIALIZED
                  00007050    00000010     DSP2833x_GlobalVariableDefs.obj (SciaRegsFile)

XIntruptRegsFile 
*          1    00007070    00000010     UNINITIALIZED
                  00007070    00000010     DSP2833x_GlobalVariableDefs.obj (XIntruptRegsFile)

AdcRegsFile 
*          1    00007100    0000001e     UNINITIALIZED
                  00007100    0000001e     DSP2833x_GlobalVariableDefs.obj (AdcRegsFile)

ScibRegsFile 
*          1    00007750    00000010     UNINITIALIZED
                  00007750    00000010     DSP2833x_GlobalVariableDefs.obj (ScibRegsFile)

ScicRegsFile 
*          1    00007770    00000010     UNINITIALIZED
                  00007770    00000010     DSP2833x_GlobalVariableDefs.obj (ScicRegsFile)

I2caRegsFile 
*          1    00007900    00000022     UNINITIALIZED
                  00007900    00000022     DSP2833x_GlobalVariableDefs.obj (I2caRegsFile)

.ebss      1    0000c000    00000d9e     UNINITIALIZED
                  0000c000    000007f0     CAN_Rx_Filter_global.obj (.ebss)
                  0000c7f0    00000004     rts2800_fpu32.lib : _lock.obj (.ebss)
                  0000c7f4    00000004                       : exit.obj (.ebss)
                  0000c7f8    00000002     TT_Main.obj (.ebss)
                  0000c7fa    00000002     scheduler.obj (.ebss)
                  0000c7fc    00000001     SCI.obj (.ebss)
                  0000c7fd    00000001     receiveCAN.obj (.ebss)
                  0000c7fe    00000002     --HOLE--
                  0000c800    000002c4     CAN.obj (.ebss)
                  0000cac4    00000018     DSP2833x_CpuTimers.obj (.ebss)
                  0000cadc    00000012     schedulerConfig.obj (.ebss)
                  0000caee    00000012     --HOLE--
                  0000cb00    0000029e     controlSCI.obj (.ebss)

CsmPwlFile 
*          1    0033fff8    00000008     UNINITIALIZED
                  0033fff8    00000008     DSP2833x_GlobalVariableDefs.obj (CsmPwlFile)

PartIdRegsFile 
*          1    00380090    00000001     UNINITIALIZED
                  00380090    00000001     DSP2833x_GlobalVariableDefs.obj (PartIdRegsFile)


GLOBAL SYMBOLS: SORTED ALPHABETICALLY BY Name 

address    name
--------   ----
00338000   .text
0033920b   C$$EXIT
00339233   U$$DIV
00339238   U$$MOD
00338671   _ADCINT_ISR
00380080   _ADC_cal
00000b00   _AdcMirror
00007100   _AdcRegs
00338000   _CAN_Init
0000c840   _CAN_Ports
0000c340   _CAN_RxMessages_G
00338013   _CAN_Test
00338ff6   _ConfigCpuTimer
0000cad4   _CpuTimer0
00000c00   _CpuTimer0Regs
0000cac4   _CpuTimer1
00000c08   _CpuTimer1Regs
0000cacc   _CpuTimer2
00000c10   _CpuTimer2Regs
0033fff8   _CsmPwl
00000ae0   _CsmRegs
00338e12   _CsmUnlock
0033859f   _DATALOG_ISR
00338793   _DINTCH1_ISR
0033879d   _DINTCH2_ISR
003387a7   _DINTCH3_ISR
003387b1   _DINTCH4_ISR
003387bb   _DINTCH5_ISR
003387c5   _DINTCH6_ISR
0000801b   _DSP28x_usDelay
00000880   _DevEmuRegs
00338d63   _DisableDog
00001000   _DmaRegs
0033881f   _ECAN0INTA_ISR
00338833   _ECAN0INTB_ISR
00338829   _ECAN1INTA_ISR
0033883d   _ECAN1INTB_ISR
00338707   _ECAP1_INT_ISR
00338711   _ECAP2_INT_ISR
0033871b   _ECAP3_INT_ISR
00338725   _ECAP4_INT_ISR
0033872f   _ECAP5_INT_ISR
00338739   _ECAP6_INT_ISR
00006040   _ECanaLAMRegs
000060c0   _ECanaMOTORegs
00006080   _ECanaMOTSRegs
00006100   _ECanaMboxes
00006000   _ECanaRegs
00006240   _ECanbLAMRegs
000062c0   _ECanbMOTORegs
00006280   _ECanbMOTSRegs
00006300   _ECanbMboxes
00006200   _ECanbRegs
00006a00   _ECap1Regs
00006a20   _ECap2Regs
00006a40   _ECap3Regs
00006a60   _ECap4Regs
00006a80   _ECap5Regs
00006aa0   _ECap6Regs
003385b3   _EMUINT_ISR
003386cb   _EPWM1_INT_ISR
0033868f   _EPWM1_TZINT_ISR
003386d5   _EPWM2_INT_ISR
00338699   _EPWM2_TZINT_ISR
003386df   _EPWM3_INT_ISR
003386a3   _EPWM3_TZINT_ISR
003386e9   _EPWM4_INT_ISR
003386ad   _EPWM4_TZINT_ISR
003386f3   _EPWM5_INT_ISR
003386b7   _EPWM5_TZINT_ISR
003386fd   _EPWM6_INT_ISR
003386c1   _EPWM6_TZINT_ISR
00006800   _EPwm1Regs
00006840   _EPwm2Regs
00006880   _EPwm3Regs
000068c0   _EPwm4Regs
00006900   _EPwm5Regs
00006940   _EPwm6Regs
00338743   _EQEP1_INT_ISR
0033874d   _EQEP2_INT_ISR
00006b00   _EQep1Regs
00006b40   _EQep2Regs
003391c9   _EnableInterrupts
00000a80   _FlashRegs
00006f80   _GpioCtrlRegs
00006fc0   _GpioDataRegs
00006fe0   _GpioIntRegs
003387cf   _I2CINT1A_ISR
003387d9   _I2CINT2A_ISR
00007900   _I2caRegs
003385c7   _ILLEGAL_ISR
0033858b   _INT13_ISR
00338595   _INT14_ISR
00338481   _InitCanA
00338506   _InitCanB
00338fbd   _InitCpuTimers
00338c1e   _InitECan
00338d21   _InitECanGpio
00338c23   _InitECana
00338d26   _InitECanaGpio
00338ca2   _InitECanb
00338d3c   _InitECanbGpio
00008000   _InitFlash
00338db7   _InitPeripheralClocks
003391aa   _InitPieCtrl
003391d2   _InitPieVectTable
00338d6b   _InitPll
003390ec   _InitSci
003390ed   _InitSciGpio
003390f4   _InitSciaGpio
0033910a   _InitScibGpio
0033911e   _InitScicGpio
00338d50   _InitSysCtrl
00338883   _LUF_ISR
00338879   _LVF_ISR
0033877f   _MRINTA_ISR
0033876b   _MRINTB_ISR
00338789   _MXINTA_ISR
00338775   _MXINTB_ISR
00005000   _McbspaRegs
00005040   _McbspbRegs
003385bd   _NMI_ISR
0033888d   _PIE_RESERVED
00380090   _PartIdRegs
00000ce0   _PieCtrlRegs
00000d00   _PieVectTable
00339540   _PieVectTableInit
003385a9   _RTOSINT_ISR
0032001f   _RamfuncsLoadEnd
00320000   _RamfuncsLoadStart
00008000   _RamfuncsRunStart
003387f7   _SCIRXINTA_ISR
0033880b   _SCIRXINTB_ISR
003387e3   _SCIRXINTC_ISR
00338801   _SCITXINTA_ISR
00338815   _SCITXINTB_ISR
003387ed   _SCITXINTC_ISR
00338649   _SEQ1INT_ISR
00338653   _SEQ2INT_ISR
00338757   _SPIRXINTA_ISR
00338761   _SPITXINTA_ISR
00007050   _SciaRegs
00007750   _ScibRegs
00007770   _ScicRegs
00338d59   _ServiceDog
00007040   _SpiaRegs
00007010   _SysCtrlRegs
0033867b   _TINT0_ISR
0000cadc   _Tasks
0033924f   _Tasks_Init
0033862b   _USER10_ISR
00338635   _USER11_ISR
0033863f   _USER12_ISR
003385d1   _USER1_ISR
003385db   _USER2_ISR
003385e5   _USER3_ISR
003385ef   _USER4_ISR
003385f9   _USER5_ISR
00338603   _USER6_ISR
0033860d   _USER7_ISR
00338617   _USER8_ISR
00338621   _USER9_ISR
00338685   _WAKEINT_ISR
0033865d   _XINT1_ISR
00338667   _XINT2_ISR
00338847   _XINT3_ISR
00338851   _XINT4_ISR
0033885b   _XINT5_ISR
00338865   _XINT6_ISR
0033886f   _XINT7_ISR
00007070   _XIntruptRegs
00000b20   _XintfRegs
00000600   __STACK_END
00000200   __STACK_SIZE
00000001   __TI_args_main
ffffffff   ___binit__
ffffffff   ___c_args__
00339256   ___cinit__
00339256   ___etext__
ffffffff   ___pinit__
00338000   ___text__
003391f2   __args_main
0000c7f4   __cleanup_ptr
0000c7f6   __dtors_ptr
0000c7f2   __lock
00339246   __nop
00339242   __register_lock
0033923e   __register_unlock
00000400   __stack
0000c7f0   __unlock
0033920b   _abort
00338aa1   _buildSequence
00339134   _c_int00
00338460   _checkMailboxState
00338291   _commitSendMailbox
00338079   _configureRxMailbox
00338164   _configureTxMailbox
003388a1   _controlSCI_init
003388a8   _controlSCI_update
003390ae   _cpuInit
0033917a   _cpu_timer0_isr
003382bc   _disableMailbox
0033920d   _exit
0000c003   _filterSize_G
0033804d   _findMailbox
00338ba9   _findSegment
0033806c   _getCANErrors
00338470   _getMailboxID
00338b44   _getNextSequenceIndex
00338fba   _goIdle
003390eb   _gpioInit
00339224   _handleCAN_init
00339225   _handleCAN_update
0000c800   _i
00338fb4   _interruptDisable
00338faa   _interruptEnable
0033822d   _loadTxMailbox
0000c040   _loggingList_G
0000c802   _loopcount
0000c180   _mailBoxFilterShadow_G
0000cb40   _mailBoxFilterShadow_SCITx
00339098   _main
00339254   _newTask_init
00339255   _newTask_update
0000c001   _numRxCANMsgs_G
003382ea   _readRxMailbox
00338e43   _receiveCAN_init
00338e47   _receiveCAN_update
00338897   _rsvd_ISR
0000cb01   _rxbufferSize
00338f12   _scheduler_Init
00338f27   _scheduler_onTick
00338f63   _scheduler_taskDispatcher
00339090   _scia_fifo_init
00339031   _scia_init
00339052   _scia_msg
00339077   _scia_msgTT
00339046   _scia_xmit
00339067   _scia_xmitTT
0000c004   _segments
00339646   _tasksInSchedule
0000c7f8   _tickCount_G
003390d1   _timerStart
00338bcb   _updateFilter
00338363   _updateMailboxes
0000c000   _updateSequenceRequired_G
ffffffff   binit
00339256   cinit
0033fff6   code_start
00339256   etext
ffffffff   pinit


GLOBAL SYMBOLS: SORTED BY Symbol Address 

address    name
--------   ----
00000001   __TI_args_main
00000200   __STACK_SIZE
00000400   __stack
00000600   __STACK_END
00000880   _DevEmuRegs
00000a80   _FlashRegs
00000ae0   _CsmRegs
00000b00   _AdcMirror
00000b20   _XintfRegs
00000c00   _CpuTimer0Regs
00000c08   _CpuTimer1Regs
00000c10   _CpuTimer2Regs
00000ce0   _PieCtrlRegs
00000d00   _PieVectTable
00001000   _DmaRegs
00005000   _McbspaRegs
00005040   _McbspbRegs
00006000   _ECanaRegs
00006040   _ECanaLAMRegs
00006080   _ECanaMOTSRegs
000060c0   _ECanaMOTORegs
00006100   _ECanaMboxes
00006200   _ECanbRegs
00006240   _ECanbLAMRegs
00006280   _ECanbMOTSRegs
000062c0   _ECanbMOTORegs
00006300   _ECanbMboxes
00006800   _EPwm1Regs
00006840   _EPwm2Regs
00006880   _EPwm3Regs
000068c0   _EPwm4Regs
00006900   _EPwm5Regs
00006940   _EPwm6Regs
00006a00   _ECap1Regs
00006a20   _ECap2Regs
00006a40   _ECap3Regs
00006a60   _ECap4Regs
00006a80   _ECap5Regs
00006aa0   _ECap6Regs
00006b00   _EQep1Regs
00006b40   _EQep2Regs
00006f80   _GpioCtrlRegs
00006fc0   _GpioDataRegs
00006fe0   _GpioIntRegs
00007010   _SysCtrlRegs
00007040   _SpiaRegs
00007050   _SciaRegs
00007070   _XIntruptRegs
00007100   _AdcRegs
00007750   _ScibRegs
00007770   _ScicRegs
00007900   _I2caRegs
00008000   _InitFlash
00008000   _RamfuncsRunStart
0000801b   _DSP28x_usDelay
0000c000   _updateSequenceRequired_G
0000c001   _numRxCANMsgs_G
0000c003   _filterSize_G
0000c004   _segments
0000c040   _loggingList_G
0000c180   _mailBoxFilterShadow_G
0000c340   _CAN_RxMessages_G
0000c7f0   __unlock
0000c7f2   __lock
0000c7f4   __cleanup_ptr
0000c7f6   __dtors_ptr
0000c7f8   _tickCount_G
0000c800   _i
0000c802   _loopcount
0000c840   _CAN_Ports
0000cac4   _CpuTimer1
0000cacc   _CpuTimer2
0000cad4   _CpuTimer0
0000cadc   _Tasks
0000cb01   _rxbufferSize
0000cb40   _mailBoxFilterShadow_SCITx
00320000   _RamfuncsLoadStart
0032001f   _RamfuncsLoadEnd
00338000   .text
00338000   _CAN_Init
00338000   ___text__
00338013   _CAN_Test
0033804d   _findMailbox
0033806c   _getCANErrors
00338079   _configureRxMailbox
00338164   _configureTxMailbox
0033822d   _loadTxMailbox
00338291   _commitSendMailbox
003382bc   _disableMailbox
003382ea   _readRxMailbox
00338363   _updateMailboxes
00338460   _checkMailboxState
00338470   _getMailboxID
00338481   _InitCanA
00338506   _InitCanB
0033858b   _INT13_ISR
00338595   _INT14_ISR
0033859f   _DATALOG_ISR
003385a9   _RTOSINT_ISR
003385b3   _EMUINT_ISR
003385bd   _NMI_ISR
003385c7   _ILLEGAL_ISR
003385d1   _USER1_ISR
003385db   _USER2_ISR
003385e5   _USER3_ISR
003385ef   _USER4_ISR
003385f9   _USER5_ISR
00338603   _USER6_ISR
0033860d   _USER7_ISR
00338617   _USER8_ISR
00338621   _USER9_ISR
0033862b   _USER10_ISR
00338635   _USER11_ISR
0033863f   _USER12_ISR
00338649   _SEQ1INT_ISR
00338653   _SEQ2INT_ISR
0033865d   _XINT1_ISR
00338667   _XINT2_ISR
00338671   _ADCINT_ISR
0033867b   _TINT0_ISR
00338685   _WAKEINT_ISR
0033868f   _EPWM1_TZINT_ISR
00338699   _EPWM2_TZINT_ISR
003386a3   _EPWM3_TZINT_ISR
003386ad   _EPWM4_TZINT_ISR
003386b7   _EPWM5_TZINT_ISR
003386c1   _EPWM6_TZINT_ISR
003386cb   _EPWM1_INT_ISR
003386d5   _EPWM2_INT_ISR
003386df   _EPWM3_INT_ISR
003386e9   _EPWM4_INT_ISR
003386f3   _EPWM5_INT_ISR
003386fd   _EPWM6_INT_ISR
00338707   _ECAP1_INT_ISR
00338711   _ECAP2_INT_ISR
0033871b   _ECAP3_INT_ISR
00338725   _ECAP4_INT_ISR
0033872f   _ECAP5_INT_ISR
00338739   _ECAP6_INT_ISR
00338743   _EQEP1_INT_ISR
0033874d   _EQEP2_INT_ISR
00338757   _SPIRXINTA_ISR
00338761   _SPITXINTA_ISR
0033876b   _MRINTB_ISR
00338775   _MXINTB_ISR
0033877f   _MRINTA_ISR
00338789   _MXINTA_ISR
00338793   _DINTCH1_ISR
0033879d   _DINTCH2_ISR
003387a7   _DINTCH3_ISR
003387b1   _DINTCH4_ISR
003387bb   _DINTCH5_ISR
003387c5   _DINTCH6_ISR
003387cf   _I2CINT1A_ISR
003387d9   _I2CINT2A_ISR
003387e3   _SCIRXINTC_ISR
003387ed   _SCITXINTC_ISR
003387f7   _SCIRXINTA_ISR
00338801   _SCITXINTA_ISR
0033880b   _SCIRXINTB_ISR
00338815   _SCITXINTB_ISR
0033881f   _ECAN0INTA_ISR
00338829   _ECAN1INTA_ISR
00338833   _ECAN0INTB_ISR
0033883d   _ECAN1INTB_ISR
00338847   _XINT3_ISR
00338851   _XINT4_ISR
0033885b   _XINT5_ISR
00338865   _XINT6_ISR
0033886f   _XINT7_ISR
00338879   _LVF_ISR
00338883   _LUF_ISR
0033888d   _PIE_RESERVED
00338897   _rsvd_ISR
003388a1   _controlSCI_init
003388a8   _controlSCI_update
00338aa1   _buildSequence
00338b44   _getNextSequenceIndex
00338ba9   _findSegment
00338bcb   _updateFilter
00338c1e   _InitECan
00338c23   _InitECana
00338ca2   _InitECanb
00338d21   _InitECanGpio
00338d26   _InitECanaGpio
00338d3c   _InitECanbGpio
00338d50   _InitSysCtrl
00338d59   _ServiceDog
00338d63   _DisableDog
00338d6b   _InitPll
00338db7   _InitPeripheralClocks
00338e12   _CsmUnlock
00338e43   _receiveCAN_init
00338e47   _receiveCAN_update
00338f12   _scheduler_Init
00338f27   _scheduler_onTick
00338f63   _scheduler_taskDispatcher
00338faa   _interruptEnable
00338fb4   _interruptDisable
00338fba   _goIdle
00338fbd   _InitCpuTimers
00338ff6   _ConfigCpuTimer
00339031   _scia_init
00339046   _scia_xmit
00339052   _scia_msg
00339067   _scia_xmitTT
00339077   _scia_msgTT
00339090   _scia_fifo_init
00339098   _main
003390ae   _cpuInit
003390d1   _timerStart
003390eb   _gpioInit
003390ec   _InitSci
003390ed   _InitSciGpio
003390f4   _InitSciaGpio
0033910a   _InitScibGpio
0033911e   _InitScicGpio
00339134   _c_int00
0033917a   _cpu_timer0_isr
003391aa   _InitPieCtrl
003391c9   _EnableInterrupts
003391d2   _InitPieVectTable
003391f2   __args_main
0033920b   C$$EXIT
0033920b   _abort
0033920d   _exit
00339224   _handleCAN_init
00339225   _handleCAN_update
00339233   U$$DIV
00339238   U$$MOD
0033923e   __register_unlock
00339242   __register_lock
00339246   __nop
0033924f   _Tasks_Init
00339254   _newTask_init
00339255   _newTask_update
00339256   ___cinit__
00339256   ___etext__
00339256   cinit
00339256   etext
00339540   _PieVectTableInit
00339646   _tasksInSchedule
0033fff6   code_start
0033fff8   _CsmPwl
00380080   _ADC_cal
00380090   _PartIdRegs
ffffffff   ___binit__
ffffffff   ___c_args__
ffffffff   ___pinit__
ffffffff   binit
ffffffff   pinit

[251 symbols]
