******************************************************************************
             TMS320C2000 Linker PC v6.1.0                      
******************************************************************************
>> Linked Fri Aug 16 13:13:00 2013

OUTPUT FILE NAME:   <Example_2833xCpuTimer.out>
ENTRY POINT SYMBOL: "code_start"  address: 0033fff6


MEMORY CONFIGURATION

         name            origin    length      used     unused   attr    fill
----------------------  --------  ---------  --------  --------  ----  --------
PAGE 0:
  ZONE0                 00004000   00001000  00000000  00001000  RWIX
  RAML0                 00008000   00001000  0000001f  00000fe1  RWIX
  RAML1                 00009000   00001000  00000000  00001000  RWIX
  RAML2                 0000a000   00001000  00000000  00001000  RWIX
  RAML3                 0000b000   00001000  00000000  00001000  RWIX
  ZONE6                 00100000   00100000  00000000  00100000  RWIX
  ZONE7A                00200000   0000fc00  00000000  0000fc00  RWIX
  FLASHH                00300000   00008000  00000000  00008000  RWIX
  FLASHG                00308000   00008000  00000000  00008000  RWIX
  FLASHF                00310000   00008000  00000000  00008000  RWIX
  FLASHE                00318000   00008000  00000000  00008000  RWIX
  FLASHD                00320000   00008000  0000001f  00007fe1  RWIX
  FLASHC                00328000   00008000  00000000  00008000  RWIX
  FLASHA                00338000   00007f80  00002fb8  00004fc8  RWIX
  CSM_RSVD              0033ff80   00000076  00000000  00000076  RWIX
  BEGIN                 0033fff6   00000002  00000002  00000000  RWIX
  CSM_PWL               0033fff8   00000008  00000000  00000008  RWIX
  ADC_CAL               00380080   00000009  00000007  00000002  RWIX
  OTP                   00380400   00000400  00000000  00000400  RWIX
  IQTABLES              003fe000   00000b50  00000000  00000b50  RWIX
  IQTABLES2             003feb50   0000008c  00000000  0000008c  RWIX
  FPUTABLES             003febdc   000006a0  00000000  000006a0  RWIX
  ROM                   003ff27c   00000d44  00000000  00000d44  RWIX
  RESET                 003fffc0   00000002  00000000  00000002  RWIX
  VECTORS               003fffc2   0000003e  00000000  0000003e  RWIX

PAGE 1:
  BOOT_RSVD             00000000   00000050  00000000  00000050  RWIX
  RAMM0                 00000050   000003b0  00000120  00000290  RWIX
  RAMM1                 00000400   00000400  00000200  00000200  RWIX
  DEV_EMU               00000880   00000180  000000d0  000000b0  RWIX
  FLASH_REGS            00000a80   00000060  00000008  00000058  RWIX
  CSM                   00000ae0   00000010  00000010  00000000  RWIX
  ADC_MIRROR            00000b00   00000010  00000010  00000000  RWIX
  XINTF                 00000b20   00000020  0000001e  00000002  RWIX
  CPU_TIMER0            00000c00   00000008  00000008  00000000  RWIX
  CPU_TIMER1            00000c08   00000008  00000008  00000000  RWIX
  CPU_TIMER2            00000c10   00000008  00000008  00000000  RWIX
  PIE_CTRL              00000ce0   00000020  0000001a  00000006  RWIX
  PIE_VECT              00000d00   00000100  00000100  00000000  RWIX
  DMA                   00001000   00000200  000000e0  00000120  RWIX
  MCBSPA                00005000   00000040  00000025  0000001b  RWIX
  MCBSPB                00005040   00000040  00000025  0000001b  RWIX
  ECANA                 00006000   00000040  00000034  0000000c  RWIX
  ECANA_LAM             00006040   00000040  00000040  00000000  RWIX
  ECANA_MOTS            00006080   00000040  00000040  00000000  RWIX
  ECANA_MOTO            000060c0   00000040  00000040  00000000  RWIX
  ECANA_MBOX            00006100   00000100  00000100  00000000  RWIX
  ECANB                 00006200   00000040  00000034  0000000c  RWIX
  ECANB_LAM             00006240   00000040  00000040  00000000  RWIX
  ECANB_MOTS            00006280   00000040  00000040  00000000  RWIX
  ECANB_MOTO            000062c0   00000040  00000040  00000000  RWIX
  ECANB_MBOX            00006300   00000100  00000100  00000000  RWIX
  EPWM1                 00006800   00000022  00000022  00000000  RWIX
  EPWM2                 00006840   00000022  00000022  00000000  RWIX
  EPWM3                 00006880   00000022  00000022  00000000  RWIX
  EPWM4                 000068c0   00000022  00000022  00000000  RWIX
  EPWM5                 00006900   00000022  00000022  00000000  RWIX
  EPWM6                 00006940   00000022  00000022  00000000  RWIX
  ECAP1                 00006a00   00000020  00000020  00000000  RWIX
  ECAP2                 00006a20   00000020  00000020  00000000  RWIX
  ECAP3                 00006a40   00000020  00000020  00000000  RWIX
  ECAP4                 00006a60   00000020  00000020  00000000  RWIX
  ECAP5                 00006a80   00000020  00000020  00000000  RWIX
  ECAP6                 00006aa0   00000020  00000020  00000000  RWIX
  EQEP1                 00006b00   00000040  00000040  00000000  RWIX
  EQEP2                 00006b40   00000040  00000040  00000000  RWIX
  GPIOCTRL              00006f80   00000040  0000002e  00000012  RWIX
  GPIODAT               00006fc0   00000020  00000020  00000000  RWIX
  GPIOINT               00006fe0   00000020  0000000a  00000016  RWIX
  SYSTEM                00007010   00000020  00000020  00000000  RWIX
  SPIA                  00007040   00000010  00000010  00000000  RWIX
  SCIA                  00007050   00000010  00000010  00000000  RWIX
  XINTRUPT              00007070   00000010  00000010  00000000  RWIX
  ADC                   00007100   00000020  0000001e  00000002  RWIX
  SCIB                  00007750   00000010  00000010  00000000  RWIX
  SCIC                  00007770   00000010  00000010  00000000  RWIX
  I2CA                  00007900   00000040  00000022  0000001e  RWIX
  RAML4                 0000c000   00001000  00000c08  000003f8  RWIX
  RAML5                 0000d000   00001000  00000400  00000c00  RWIX
  RAML6                 0000e000   00001000  00000000  00001000  RWIX
  RAML7                 0000f000   00001000  00000000  00001000  RWIX
  ZONE7B                0020fc00   00000400  00000000  00000400  RWIX
  FLASHB                00330000   00008000  00000000  00008000  RWIX
  CSM_PWL               0033fff8   00000008  00000008  00000000  RWIX
  PARTID                00380090   00000001  00000001  00000000  RWIX


SECTION ALLOCATION MAP

 output                                  attributes/
section   page    origin      length       input sections
--------  ----  ----------  ----------   ----------------
.pinit     0    00338000    00000000     UNINITIALIZED

ramfuncs   0    00320000    0000001f     RUN ADDR = 00008000
                  00320000    0000001b     DSP2833x_SysCtrl.obj (ramfuncs)
                  0032001b    00000004     DSP2833x_usDelay.obj (ramfuncs)

.text      0    00338000    00002a1d     
                  00338000    00000911     rts2800_fpu32.lib : _printfi.obj (.text)
                  00338911    0000058b     CAN.obj (.text)
                  00338e9c    00000316     DSP2833x_DefaultIsr.obj (.text:retain)
                  003391b2    0000024b     rts2800_fpu32.lib : lowlev.obj (.text)
                  003393fd    00000201                       : trgdrv.obj (.text)
                  003395fe    000001d6     controlSCI.obj (.text)
                  003397d4    000001d4     rts2800_fpu32.lib : memory.obj (.text)
                  003399a8    00000132     DSP2833x_ECan.obj (.text)
                  00339ada    0000011d     CAN_Rx_Filter_global.obj (.text)
                  00339bf7    00000107     rts2800_fpu32.lib : ll_div.obj (.text)
                  00339cfe    00000101                       : fopen.obj (.text)
                  00339dff    000000f3     DSP2833x_SysCtrl.obj (.text)
                  00339ef2    000000b7     receiveCAN.obj (.text)
                  00339fa9    000000af     rts2800_fpu32.lib : fputs.obj (.text)
                  0033a058    000000ab     scheduler.obj (.text)
                  0033a103    0000009c     rts2800_fpu32.lib : fd_add.obj (.text)
                  0033a19f    0000008b                       : fd_div.obj (.text)
                  0033a22a    00000086                       : ankmsg.obj (.text)
                  0033a2b0    00000083                       : fd_mpy.obj (.text)
                  0033a333    00000076                       : setvbuf.obj (.text)
                  0033a3a9    00000074     DSP2833x_CpuTimers.obj (.text)
                  0033a41d    00000067     SCI.obj (.text)
                  0033a484    00000065     rts2800_fpu32.lib : _io_perm.obj (.text)
                  0033a4e9    00000060                       : fflush.obj (.text)
                  0033a549    00000054     TT_Main.obj (.text)
                  0033a59d    00000054     rts2800_fpu32.lib : fputc.obj (.text)
                  0033a5f1    0000004f                       : fclose.obj (.text)
                  0033a640    00000048     DSP2833x_Sci.obj (.text)
                  0033a688    00000046     rts2800_fpu32.lib : boot.obj (.text)
                  0033a6ce    0000003d                       : fseek.obj (.text)
                  0033a70b    00000032                       : printf.obj (.text)
                  0033a73d    00000031                       : atoi.obj (.text)
                  0033a76e    00000030     TT_Main.obj (.text:retain)
                  0033a79e    0000002c     rts2800_fpu32.lib : ltoa.obj (.text)
                  0033a7ca    0000002a                       : fd_cmp.obj (.text)
                  0033a7f4    0000002a                       : l_div.obj (.text)
                  0033a81e    00000028     DSP2833x_PieCtrl.obj (.text)
                  0033a846    00000021     rts2800_fpu32.lib : fd_toi.obj (.text)
                  0033a867    00000021                       : memcpy_ff.obj (.text)
                  0033a888    00000020     DSP2833x_PieVect.obj (.text)
                  0033a8a8    0000001f     rts2800_fpu32.lib : fd_tol.obj (.text)
                  0033a8c7    0000001f                       : strncpy.obj (.text)
                  0033a8e6    0000001e                       : ll_cmp.obj (.text)
                  0033a904    0000001c                       : fs_tofd.obj (.text)
                  0033a920    0000001c                       : l_tofd.obj (.text)
                  0033a93c    00000019                       : args_main.obj (.text)
                  0033a955    00000019                       : exit.obj (.text)
                  0033a96e    00000014                       : ll_mpy.obj (.text)
                  0033a982    00000012                       : memccpy.obj (.text)
                  0033a994    0000000f     handleCAN.obj (.text)
                  0033a9a3    0000000e     rts2800_fpu32.lib : fd_sub.obj (.text)
                  0033a9b1    0000000d                       : memchr.obj (.text)
                  0033a9be    0000000c                       : strchr.obj (.text)
                  0033a9ca    0000000b                       : u_div.obj (.text)
                  0033a9d5    0000000a                       : strcmp.obj (.text)
                  0033a9df    0000000a                       : strlen.obj (.text)
                  0033a9e9    00000009                       : _lock.obj (.text)
                  0033a9f2    00000009                       : fd_neg.obj (.text)
                  0033a9fb    00000009                       : strcpy.obj (.text)
                  0033aa04    00000008     DSP2833x_CodeStartBranch.obj (.text)
                  0033aa0c    00000007     rts2800_fpu32.lib : memset.obj (.text)
                  0033aa13    00000005     schedulerConfig.obj (.text)
                  0033aa18    00000003     rts2800_fpu32.lib : remove.obj (.text)
                  0033aa1b    00000002     newTask.obj (.text)

.cinit     0    0033aa1d    00000349     
                  0033aa1d    0000028c     CAN.obj (.cinit)
                  0033aca9    0000002d     rts2800_fpu32.lib : lowlev.obj (.cinit)
                  0033acd6    0000002a                       : defs.obj (.cinit)
                  0033ad00    00000014     controlSCI.obj (.cinit)
                  0033ad14    00000014     schedulerConfig.obj (.cinit)
                  0033ad28    00000010     CAN_Rx_Filter_global.obj (.cinit)
                  0033ad38    0000000a     rts2800_fpu32.lib : _lock.obj (.cinit)
                  0033ad42    0000000a                       : exit.obj (.cinit)
                  0033ad4c    00000008     scheduler.obj (.cinit)
                  0033ad54    00000004     SCI.obj (.cinit)
                  0033ad58    00000004     receiveCAN.obj (.cinit)
                  0033ad5c    00000004     rts2800_fpu32.lib : fopen.obj (.cinit)
                  0033ad60    00000004                       : memory.obj (.cinit)
                  0033ad64    00000002     --HOLE-- [fill = 0]

.econst    0    0033ad66    00000252     
                  0033ad66    00000101     rts2800_fpu32.lib : ctype.obj (.econst:__ctypes_)
                  0033ae67    00000001     schedulerConfig.obj (.econst)
                  0033ae68    00000100     DSP2833x_PieVect.obj (.econst)
                  0033af68    00000024     rts2800_fpu32.lib : _printfi.obj (.econst:.string)
                  0033af8c    00000018                       : _printfi.obj (.econst)
                  0033afa4    0000000b     receiveCAN.obj (.econst:.string)
                  0033afaf    00000001     --HOLE-- [fill = 0]
                  0033afb0    00000004     CAN.obj (.econst:_$P$T0$1)
                  0033afb4    00000002     rts2800_fpu32.lib : fputs.obj (.econst:.string)
                  0033afb6    00000002     CAN.obj (.econst)

codestart 
*          0    0033fff6    00000002     
                  0033fff6    00000002     DSP2833x_CodeStartBranch.obj (codestart)

.adc_cal   0    00380080    00000007     NOLOAD SECTION
                  00380080    00000007     DSP2833x_ADC_cal.obj (.adc_cal)

.reset     0    003fffc0    00000002     DSECT
                  003fffc0    00000002     rts2800_fpu32.lib : boot.obj (.reset)

vectors    0    003fffc2    00000000     DSECT

.cio       1    00000080    00000120     UNINITIALIZED
                  00000080    00000120     rts2800_fpu32.lib : ankmsg.obj (.cio)

.stack     1    00000400    00000200     UNINITIALIZED
                  00000400    00000200     --HOLE--

DevEmuRegsFile 
*          1    00000880    000000d0     UNINITIALIZED
                  00000880    000000d0     DSP2833x_GlobalVariableDefs.obj (DevEmuRegsFile)

FlashRegsFile 
*          1    00000a80    00000008     UNINITIALIZED
                  00000a80    00000008     DSP2833x_GlobalVariableDefs.obj (FlashRegsFile)

CsmRegsFile 
*          1    00000ae0    00000010     UNINITIALIZED
                  00000ae0    00000010     DSP2833x_GlobalVariableDefs.obj (CsmRegsFile)

AdcMirrorFile 
*          1    00000b00    00000010     UNINITIALIZED
                  00000b00    00000010     DSP2833x_GlobalVariableDefs.obj (AdcMirrorFile)

XintfRegsFile 
*          1    00000b20    0000001e     UNINITIALIZED
                  00000b20    0000001e     DSP2833x_GlobalVariableDefs.obj (XintfRegsFile)

CpuTimer0RegsFile 
*          1    00000c00    00000008     UNINITIALIZED
                  00000c00    00000008     DSP2833x_GlobalVariableDefs.obj (CpuTimer0RegsFile)

CpuTimer1RegsFile 
*          1    00000c08    00000008     UNINITIALIZED
                  00000c08    00000008     DSP2833x_GlobalVariableDefs.obj (CpuTimer1RegsFile)

CpuTimer2RegsFile 
*          1    00000c10    00000008     UNINITIALIZED
                  00000c10    00000008     DSP2833x_GlobalVariableDefs.obj (CpuTimer2RegsFile)

PieCtrlRegsFile 
*          1    00000ce0    0000001a     UNINITIALIZED
                  00000ce0    0000001a     DSP2833x_GlobalVariableDefs.obj (PieCtrlRegsFile)

PieVectTableFile 
*          1    00000d00    00000100     UNINITIALIZED
                  00000d00    00000100     DSP2833x_GlobalVariableDefs.obj (PieVectTableFile)

DmaRegsFile 
*          1    00001000    000000e0     UNINITIALIZED
                  00001000    000000e0     DSP2833x_GlobalVariableDefs.obj (DmaRegsFile)

McbspaRegsFile 
*          1    00005000    00000025     UNINITIALIZED
                  00005000    00000025     DSP2833x_GlobalVariableDefs.obj (McbspaRegsFile)

McbspbRegsFile 
*          1    00005040    00000025     UNINITIALIZED
                  00005040    00000025     DSP2833x_GlobalVariableDefs.obj (McbspbRegsFile)

ECanaRegsFile 
*          1    00006000    00000034     UNINITIALIZED
                  00006000    00000034     DSP2833x_GlobalVariableDefs.obj (ECanaRegsFile)

ECanaLAMRegsFile 
*          1    00006040    00000040     UNINITIALIZED
                  00006040    00000040     DSP2833x_GlobalVariableDefs.obj (ECanaLAMRegsFile)

ECanaMOTSRegsFile 
*          1    00006080    00000040     UNINITIALIZED
                  00006080    00000040     DSP2833x_GlobalVariableDefs.obj (ECanaMOTSRegsFile)

ECanaMOTORegsFile 
*          1    000060c0    00000040     UNINITIALIZED
                  000060c0    00000040     DSP2833x_GlobalVariableDefs.obj (ECanaMOTORegsFile)

ECanaMboxesFile 
*          1    00006100    00000100     UNINITIALIZED
                  00006100    00000100     DSP2833x_GlobalVariableDefs.obj (ECanaMboxesFile)

ECanbRegsFile 
*          1    00006200    00000034     UNINITIALIZED
                  00006200    00000034     DSP2833x_GlobalVariableDefs.obj (ECanbRegsFile)

ECanbLAMRegsFile 
*          1    00006240    00000040     UNINITIALIZED
                  00006240    00000040     DSP2833x_GlobalVariableDefs.obj (ECanbLAMRegsFile)

ECanbMOTSRegsFile 
*          1    00006280    00000040     UNINITIALIZED
                  00006280    00000040     DSP2833x_GlobalVariableDefs.obj (ECanbMOTSRegsFile)

ECanbMOTORegsFile 
*          1    000062c0    00000040     UNINITIALIZED
                  000062c0    00000040     DSP2833x_GlobalVariableDefs.obj (ECanbMOTORegsFile)

ECanbMboxesFile 
*          1    00006300    00000100     UNINITIALIZED
                  00006300    00000100     DSP2833x_GlobalVariableDefs.obj (ECanbMboxesFile)

EPwm1RegsFile 
*          1    00006800    00000022     UNINITIALIZED
                  00006800    00000022     DSP2833x_GlobalVariableDefs.obj (EPwm1RegsFile)

EPwm2RegsFile 
*          1    00006840    00000022     UNINITIALIZED
                  00006840    00000022     DSP2833x_GlobalVariableDefs.obj (EPwm2RegsFile)

EPwm3RegsFile 
*          1    00006880    00000022     UNINITIALIZED
                  00006880    00000022     DSP2833x_GlobalVariableDefs.obj (EPwm3RegsFile)

EPwm4RegsFile 
*          1    000068c0    00000022     UNINITIALIZED
                  000068c0    00000022     DSP2833x_GlobalVariableDefs.obj (EPwm4RegsFile)

EPwm5RegsFile 
*          1    00006900    00000022     UNINITIALIZED
                  00006900    00000022     DSP2833x_GlobalVariableDefs.obj (EPwm5RegsFile)

EPwm6RegsFile 
*          1    00006940    00000022     UNINITIALIZED
                  00006940    00000022     DSP2833x_GlobalVariableDefs.obj (EPwm6RegsFile)

ECap1RegsFile 
*          1    00006a00    00000020     UNINITIALIZED
                  00006a00    00000020     DSP2833x_GlobalVariableDefs.obj (ECap1RegsFile)

ECap2RegsFile 
*          1    00006a20    00000020     UNINITIALIZED
                  00006a20    00000020     DSP2833x_GlobalVariableDefs.obj (ECap2RegsFile)

ECap3RegsFile 
*          1    00006a40    00000020     UNINITIALIZED
                  00006a40    00000020     DSP2833x_GlobalVariableDefs.obj (ECap3RegsFile)

ECap4RegsFile 
*          1    00006a60    00000020     UNINITIALIZED
                  00006a60    00000020     DSP2833x_GlobalVariableDefs.obj (ECap4RegsFile)

ECap5RegsFile 
*          1    00006a80    00000020     UNINITIALIZED
                  00006a80    00000020     DSP2833x_GlobalVariableDefs.obj (ECap5RegsFile)

ECap6RegsFile 
*          1    00006aa0    00000020     UNINITIALIZED
                  00006aa0    00000020     DSP2833x_GlobalVariableDefs.obj (ECap6RegsFile)

EQep1RegsFile 
*          1    00006b00    00000040     UNINITIALIZED
                  00006b00    00000040     DSP2833x_GlobalVariableDefs.obj (EQep1RegsFile)

EQep2RegsFile 
*          1    00006b40    00000040     UNINITIALIZED
                  00006b40    00000040     DSP2833x_GlobalVariableDefs.obj (EQep2RegsFile)

GpioCtrlRegsFile 
*          1    00006f80    0000002e     UNINITIALIZED
                  00006f80    0000002e     DSP2833x_GlobalVariableDefs.obj (GpioCtrlRegsFile)

GpioDataRegsFile 
*          1    00006fc0    00000020     UNINITIALIZED
                  00006fc0    00000020     DSP2833x_GlobalVariableDefs.obj (GpioDataRegsFile)

GpioIntRegsFile 
*          1    00006fe0    0000000a     UNINITIALIZED
                  00006fe0    0000000a     DSP2833x_GlobalVariableDefs.obj (GpioIntRegsFile)

SysCtrlRegsFile 
*          1    00007010    00000020     UNINITIALIZED
                  00007010    00000020     DSP2833x_GlobalVariableDefs.obj (SysCtrlRegsFile)

SpiaRegsFile 
*          1    00007040    00000010     UNINITIALIZED
                  00007040    00000010     DSP2833x_GlobalVariableDefs.obj (SpiaRegsFile)

SciaRegsFile 
*          1    00007050    00000010     UNINITIALIZED
                  00007050    00000010     DSP2833x_GlobalVariableDefs.obj (SciaRegsFile)

XIntruptRegsFile 
*          1    00007070    00000010     UNINITIALIZED
                  00007070    00000010     DSP2833x_GlobalVariableDefs.obj (XIntruptRegsFile)

AdcRegsFile 
*          1    00007100    0000001e     UNINITIALIZED
                  00007100    0000001e     DSP2833x_GlobalVariableDefs.obj (AdcRegsFile)

ScibRegsFile 
*          1    00007750    00000010     UNINITIALIZED
                  00007750    00000010     DSP2833x_GlobalVariableDefs.obj (ScibRegsFile)

ScicRegsFile 
*          1    00007770    00000010     UNINITIALIZED
                  00007770    00000010     DSP2833x_GlobalVariableDefs.obj (ScicRegsFile)

I2caRegsFile 
*          1    00007900    00000022     UNINITIALIZED
                  00007900    00000022     DSP2833x_GlobalVariableDefs.obj (I2caRegsFile)

.ebss      1    0000c000    00000c08     UNINITIALIZED
                  0000c000    00000500     CAN_Rx_Filter_global.obj (.ebss)
                  0000c500    000002c4     CAN.obj (.ebss)
                  0000c7c4    00000018     DSP2833x_CpuTimers.obj (.ebss)
                  0000c7dc    00000012     schedulerConfig.obj (.ebss)
                  0000c7ee    00000008     rts2800_fpu32.lib : memory.obj (.ebss)
                  0000c7f6    00000008                       : trgdrv.obj (.ebss)
                  0000c7fe    00000002     TT_Main.obj (.ebss)
                  0000c800    000001ec     controlSCI.obj (.ebss)
                  0000c9ec    00000004     rts2800_fpu32.lib : _lock.obj (.ebss)
                  0000c9f0    00000004                       : exit.obj (.ebss)
                  0000c9f4    00000002     scheduler.obj (.ebss)
                  0000c9f6    00000001     SCI.obj (.ebss)
                  0000c9f7    00000001     receiveCAN.obj (.ebss)
                  0000c9f8    00000001     rts2800_fpu32.lib : fopen.obj (.ebss)
                  0000c9f9    00000007     --HOLE--
                  0000ca00    00000160                       : defs.obj (.ebss)
                  0000cb60    00000020     --HOLE--
                  0000cb80    00000088                       : lowlev.obj (.ebss)

.sysmem    1    0000d000    00000400     UNINITIALIZED
                  0000d000    00000001     rts2800_fpu32.lib : memory.obj (.sysmem)
                  0000d001    000003ff     --HOLE--

CsmPwlFile 
*          1    0033fff8    00000008     UNINITIALIZED
                  0033fff8    00000008     DSP2833x_GlobalVariableDefs.obj (CsmPwlFile)

PartIdRegsFile 
*          1    00380090    00000001     UNINITIALIZED
                  00380090    00000001     DSP2833x_GlobalVariableDefs.obj (PartIdRegsFile)


GLOBAL SYMBOLS: SORTED ALPHABETICALLY BY Name 

address    name
--------   ----
00338000   .text
0033a955   C$$EXIT
0033a276   C$$IO$$
0033a103   FD$$ADD
0033a7ca   FD$$CMP
0033a19f   FD$$DIV
0033a2b0   FD$$MPY
0033a9f2   FD$$NEG
0033a9a3   FD$$SUB
0033a846   FD$$TOI
0033a8a8   FD$$TOL
0033a904   FS$$TOFD
0033a7f4   L$$DIV
0033a803   L$$MOD
0033a920   L$$TOFD
0033a8e6   LL$$CMP
00339bf7   LL$$DIV
00339c33   LL$$MOD
0033a96e   LL$$MPY
0033a9ca   U$$DIV
0033a9cf   U$$MOD
0033a811   UL$$DIV
0033a818   UL$$MOD
0033a8f8   ULL$$CMP
00339c6d   ULL$$DIV
00339c9c   ULL$$MOD
00338f82   _ADCINT_ISR
00380080   _ADC_cal
00000b00   _AdcMirror
00007100   _AdcRegs
00338911   _CAN_Init
0000c540   _CAN_Ports
0000c200   _CAN_RxMessages_G
00338924   _CAN_Test
0033a3e2   _ConfigCpuTimer
0000c7d4   _CpuTimer0
00000c00   _CpuTimer0Regs
0000c7c4   _CpuTimer1
00000c08   _CpuTimer1Regs
0000c7cc   _CpuTimer2
00000c10   _CpuTimer2Regs
0033fff8   _CsmPwl
00000ae0   _CsmRegs
00339ec1   _CsmUnlock
00338eb0   _DATALOG_ISR
003390a4   _DINTCH1_ISR
003390ae   _DINTCH2_ISR
003390b8   _DINTCH3_ISR
003390c2   _DINTCH4_ISR
003390cc   _DINTCH5_ISR
003390d6   _DINTCH6_ISR
0000801b   _DSP28x_usDelay
00000880   _DevEmuRegs
00339e12   _DisableDog
00001000   _DmaRegs
00339130   _ECAN0INTA_ISR
00339144   _ECAN0INTB_ISR
0033913a   _ECAN1INTA_ISR
0033914e   _ECAN1INTB_ISR
00339018   _ECAP1_INT_ISR
00339022   _ECAP2_INT_ISR
0033902c   _ECAP3_INT_ISR
00339036   _ECAP4_INT_ISR
00339040   _ECAP5_INT_ISR
0033904a   _ECAP6_INT_ISR
00006040   _ECanaLAMRegs
000060c0   _ECanaMOTORegs
00006080   _ECanaMOTSRegs
00006100   _ECanaMboxes
00006000   _ECanaRegs
00006240   _ECanbLAMRegs
000062c0   _ECanbMOTORegs
00006280   _ECanbMOTSRegs
00006300   _ECanbMboxes
00006200   _ECanbRegs
00006a00   _ECap1Regs
00006a20   _ECap2Regs
00006a40   _ECap3Regs
00006a60   _ECap4Regs
00006a80   _ECap5Regs
00006aa0   _ECap6Regs
00338ec4   _EMUINT_ISR
00338fdc   _EPWM1_INT_ISR
00338fa0   _EPWM1_TZINT_ISR
00338fe6   _EPWM2_INT_ISR
00338faa   _EPWM2_TZINT_ISR
00338ff0   _EPWM3_INT_ISR
00338fb4   _EPWM3_TZINT_ISR
00338ffa   _EPWM4_INT_ISR
00338fbe   _EPWM4_TZINT_ISR
00339004   _EPWM5_INT_ISR
00338fc8   _EPWM5_TZINT_ISR
0033900e   _EPWM6_INT_ISR
00338fd2   _EPWM6_TZINT_ISR
00006800   _EPwm1Regs
00006840   _EPwm2Regs
00006880   _EPwm3Regs
000068c0   _EPwm4Regs
00006900   _EPwm5Regs
00006940   _EPwm6Regs
00339054   _EQEP1_INT_ISR
0033905e   _EQEP2_INT_ISR
00006b00   _EQep1Regs
00006b40   _EQep2Regs
0033a83d   _EnableInterrupts
00000a80   _FlashRegs
00006f80   _GpioCtrlRegs
00006fc0   _GpioDataRegs
00006fe0   _GpioIntRegs
003395d2   _HOSTclock
003395ab   _HOSTclose
00339583   _HOSTgetenv
0033953b   _HOSTlseek
003394ff   _HOSTopen
003394c5   _HOSTread
00339488   _HOSTrename
0033945c   _HOSTtime
00339437   _HOSTunlink
003393fd   _HOSTwrite
003390e0   _I2CINT1A_ISR
003390ea   _I2CINT2A_ISR
00007900   _I2caRegs
00338ed8   _ILLEGAL_ISR
00338e9c   _INT13_ISR
00338ea6   _INT14_ISR
00338d92   _InitCanA
00338e17   _InitCanB
0033a3a9   _InitCpuTimers
003399a8   _InitECan
00339aab   _InitECanGpio
003399ad   _InitECana
00339ab0   _InitECanaGpio
00339a2c   _InitECanb
00339ac6   _InitECanbGpio
00008000   _InitFlash
00339e66   _InitPeripheralClocks
0033a81e   _InitPieCtrl
0033a888   _InitPieVectTable
00339e1a   _InitPll
0033a640   _InitSci
0033a641   _InitSciGpio
0033a648   _InitSciaGpio
0033a65e   _InitScibGpio
0033a672   _InitScicGpio
00339dff   _InitSysCtrl
00339194   _LUF_ISR
0033918a   _LVF_ISR
00339090   _MRINTA_ISR
0033907c   _MRINTB_ISR
0033909a   _MXINTA_ISR
00339086   _MXINTB_ISR
00005000   _McbspaRegs
00005040   _McbspbRegs
00338ece   _NMI_ISR
0033919e   _PIE_RESERVED
00380090   _PartIdRegs
00000ce0   _PieCtrlRegs
00000d00   _PieVectTable
0033ae68   _PieVectTableInit
00338eba   _RTOSINT_ISR
0032001f   _RamfuncsLoadEnd
00320000   _RamfuncsLoadStart
00008000   _RamfuncsRunStart
00339108   _SCIRXINTA_ISR
0033911c   _SCIRXINTB_ISR
003390f4   _SCIRXINTC_ISR
00339112   _SCITXINTA_ISR
00339126   _SCITXINTB_ISR
003390fe   _SCITXINTC_ISR
00338f5a   _SEQ1INT_ISR
00338f64   _SEQ2INT_ISR
00339068   _SPIRXINTA_ISR
00339072   _SPITXINTA_ISR
00007050   _SciaRegs
00007750   _ScibRegs
00007770   _ScicRegs
00339e08   _ServiceDog
00007040   _SpiaRegs
00007010   _SysCtrlRegs
00338f8c   _TINT0_ISR
0000c7dc   _Tasks
0033aa13   _Tasks_Init
00338f3c   _USER10_ISR
00338f46   _USER11_ISR
00338f50   _USER12_ISR
00338ee2   _USER1_ISR
00338eec   _USER2_ISR
00338ef6   _USER3_ISR
00338f00   _USER4_ISR
00338f0a   _USER5_ISR
00338f14   _USER6_ISR
00338f1e   _USER7_ISR
00338f28   _USER8_ISR
00338f32   _USER9_ISR
00338f96   _WAKEINT_ISR
00338f6e   _XINT1_ISR
00338f78   _XINT2_ISR
00339158   _XINT3_ISR
00339162   _XINT4_ISR
0033916c   _XINT5_ISR
00339176   _XINT6_ISR
00339180   _XINT7_ISR
00007070   _XIntruptRegs
00000b20   _XintfRegs
00000080   __CIOBUF_
00000600   __STACK_END
00000200   __STACK_SIZE
00000400   __SYSMEM_SIZE
00000001   __TI_args_main
ffffffff   ___binit__
ffffffff   ___c_args__
0033aa1d   ___cinit__
0033aa1d   ___etext__
0033a867   ___memcpy_ff
ffffffff   ___pinit__
00338000   ___text__
0033a93c   __args_main
00339d76   __cleanup
0000c9f0   __cleanup_ptr
0033a5f1   __closefile
0033ad66   __ctypes_
0033a4e9   __doflush
0000c9f2   __dtors_ptr
0000ca00   __ft_end
0000ca40   __ftable
0000c9ee   __lock
0033a9f1   __nop
0033880e   __printfi
0033a4be   __rd_ok
0033a9ed   __register_lock
0033a9e9   __register_unlock
00000400   __stack
0000d000   __sys_memory
0000cac0   __tmpnams
0000c9ec   __unlock
0033a484   __wrt_ok
0033a955   _abort
0033938b   _add_device
0033a73d   _atoi
00339ada   _buildSequence
0033a688   _c_int00
0033998e   _calloc
00338d71   _checkMailboxState
0033998c   _chkheap
00339359   _close
00338ba2   _commitSendMailbox
0033898a   _configureRxMailbox
00338a75   _configureTxMailbox
003395fe   _controlSCI_init
00339605   _controlSCI_update
0033a55f   _cpuInit
0033a76e   _cpu_timer0_isr
00338bcd   _disableMailbox
0033a957   _exit
0033a62d   _fclose
0033a518   _fflush
0000c001   _filterSize_G
0033895e   _findMailbox
00339de5   _fopen
0033a59d   _fputc
00339fa9   _fputs
003397d4   _free
0033996e   _free_memory
00339d94   _freopen
0033a6ce   _fseek
0033897d   _getCANErrors
00338d81   _getMailboxID
00339b6d   _getNextSequenceIndex
0033a100   _goIdle
0033a59c   _gpioInit
0033a994   _handleCAN_init
0033a995   _handleCAN_update
0000c500   _i
0033a0fa   _interruptDisable
0033a0f0   _interruptEnable
00338b3e   _loadTxMailbox
0000c040   _loggingList_G
0000c502   _loopcount
0033932b   _lseek
0033a79e   _ltoa
0000c100   _mailBoxFilterShadow_G
0000c840   _mailBoxFilterShadow_SCITx
0033a549   _main
0033983f   _malloc
0033994c   _max_free
0033a982   _memccpy
0033a9b1   _memchr
0033aa0c   _memset
00339819   _minit
0033aa1b   _newTask_init
0033aa1c   _newTask_update
0000c002   _numRxCANMsgs_G
003392d5   _open
0033a711   _printf
0033a59d   _putc
0033a5ec   _putchar
0033a046   _puts
00339287   _read
00338bfb   _readRxMailbox
0033a27a   _readmsg
00339895   _realloc
00339ef2   _receiveCAN_init
00339ef6   _receiveCAN_update
0033aa18   _remove
0033926d   _remove_device
00339244   _rename
003391a8   _rsvd_ISR
0000c801   _rxbufferSize
0033a058   _scheduler_Init
0033a06d   _scheduler_onTick
0033a0a9   _scheduler_taskDispatcher
0033a47c   _scia_fifo_init
0033a41d   _scia_init
0033a43e   _scia_msg
0033a463   _scia_msgTT
0033a432   _scia_xmit
0033a453   _scia_xmitTT
0033a333   _setvbuf
0033a9be   _strchr
0033a9d5   _strcmp
0033a9fb   _strcpy
0033a9df   _strlen
0033a8c7   _strncpy
0033ae67   _tasksInSchedule
0000c7fe   _tickCount_G
0033a582   _timerStart
0033922c   _unlink
00339ba4   _updateFilter
00338c74   _updateMailboxes
0000c000   _updateSequenceRequired_G
003391b2   _write
0033a22a   _writemsg
ffffffff   binit
0033aa1d   cinit
0033fff6   code_start
0033aa1d   etext
ffffffff   pinit


GLOBAL SYMBOLS: SORTED BY Symbol Address 

address    name
--------   ----
00000001   __TI_args_main
00000080   __CIOBUF_
00000200   __STACK_SIZE
00000400   __SYSMEM_SIZE
00000400   __stack
00000600   __STACK_END
00000880   _DevEmuRegs
00000a80   _FlashRegs
00000ae0   _CsmRegs
00000b00   _AdcMirror
00000b20   _XintfRegs
00000c00   _CpuTimer0Regs
00000c08   _CpuTimer1Regs
00000c10   _CpuTimer2Regs
00000ce0   _PieCtrlRegs
00000d00   _PieVectTable
00001000   _DmaRegs
00005000   _McbspaRegs
00005040   _McbspbRegs
00006000   _ECanaRegs
00006040   _ECanaLAMRegs
00006080   _ECanaMOTSRegs
000060c0   _ECanaMOTORegs
00006100   _ECanaMboxes
00006200   _ECanbRegs
00006240   _ECanbLAMRegs
00006280   _ECanbMOTSRegs
000062c0   _ECanbMOTORegs
00006300   _ECanbMboxes
00006800   _EPwm1Regs
00006840   _EPwm2Regs
00006880   _EPwm3Regs
000068c0   _EPwm4Regs
00006900   _EPwm5Regs
00006940   _EPwm6Regs
00006a00   _ECap1Regs
00006a20   _ECap2Regs
00006a40   _ECap3Regs
00006a60   _ECap4Regs
00006a80   _ECap5Regs
00006aa0   _ECap6Regs
00006b00   _EQep1Regs
00006b40   _EQep2Regs
00006f80   _GpioCtrlRegs
00006fc0   _GpioDataRegs
00006fe0   _GpioIntRegs
00007010   _SysCtrlRegs
00007040   _SpiaRegs
00007050   _SciaRegs
00007070   _XIntruptRegs
00007100   _AdcRegs
00007750   _ScibRegs
00007770   _ScicRegs
00007900   _I2caRegs
00008000   _InitFlash
00008000   _RamfuncsRunStart
0000801b   _DSP28x_usDelay
0000c000   _updateSequenceRequired_G
0000c001   _filterSize_G
0000c002   _numRxCANMsgs_G
0000c040   _loggingList_G
0000c100   _mailBoxFilterShadow_G
0000c200   _CAN_RxMessages_G
0000c500   _i
0000c502   _loopcount
0000c540   _CAN_Ports
0000c7c4   _CpuTimer1
0000c7cc   _CpuTimer2
0000c7d4   _CpuTimer0
0000c7dc   _Tasks
0000c7fe   _tickCount_G
0000c801   _rxbufferSize
0000c840   _mailBoxFilterShadow_SCITx
0000c9ec   __unlock
0000c9ee   __lock
0000c9f0   __cleanup_ptr
0000c9f2   __dtors_ptr
0000ca00   __ft_end
0000ca40   __ftable
0000cac0   __tmpnams
0000d000   __sys_memory
00320000   _RamfuncsLoadStart
0032001f   _RamfuncsLoadEnd
00338000   .text
00338000   ___text__
0033880e   __printfi
00338911   _CAN_Init
00338924   _CAN_Test
0033895e   _findMailbox
0033897d   _getCANErrors
0033898a   _configureRxMailbox
00338a75   _configureTxMailbox
00338b3e   _loadTxMailbox
00338ba2   _commitSendMailbox
00338bcd   _disableMailbox
00338bfb   _readRxMailbox
00338c74   _updateMailboxes
00338d71   _checkMailboxState
00338d81   _getMailboxID
00338d92   _InitCanA
00338e17   _InitCanB
00338e9c   _INT13_ISR
00338ea6   _INT14_ISR
00338eb0   _DATALOG_ISR
00338eba   _RTOSINT_ISR
00338ec4   _EMUINT_ISR
00338ece   _NMI_ISR
00338ed8   _ILLEGAL_ISR
00338ee2   _USER1_ISR
00338eec   _USER2_ISR
00338ef6   _USER3_ISR
00338f00   _USER4_ISR
00338f0a   _USER5_ISR
00338f14   _USER6_ISR
00338f1e   _USER7_ISR
00338f28   _USER8_ISR
00338f32   _USER9_ISR
00338f3c   _USER10_ISR
00338f46   _USER11_ISR
00338f50   _USER12_ISR
00338f5a   _SEQ1INT_ISR
00338f64   _SEQ2INT_ISR
00338f6e   _XINT1_ISR
00338f78   _XINT2_ISR
00338f82   _ADCINT_ISR
00338f8c   _TINT0_ISR
00338f96   _WAKEINT_ISR
00338fa0   _EPWM1_TZINT_ISR
00338faa   _EPWM2_TZINT_ISR
00338fb4   _EPWM3_TZINT_ISR
00338fbe   _EPWM4_TZINT_ISR
00338fc8   _EPWM5_TZINT_ISR
00338fd2   _EPWM6_TZINT_ISR
00338fdc   _EPWM1_INT_ISR
00338fe6   _EPWM2_INT_ISR
00338ff0   _EPWM3_INT_ISR
00338ffa   _EPWM4_INT_ISR
00339004   _EPWM5_INT_ISR
0033900e   _EPWM6_INT_ISR
00339018   _ECAP1_INT_ISR
00339022   _ECAP2_INT_ISR
0033902c   _ECAP3_INT_ISR
00339036   _ECAP4_INT_ISR
00339040   _ECAP5_INT_ISR
0033904a   _ECAP6_INT_ISR
00339054   _EQEP1_INT_ISR
0033905e   _EQEP2_INT_ISR
00339068   _SPIRXINTA_ISR
00339072   _SPITXINTA_ISR
0033907c   _MRINTB_ISR
00339086   _MXINTB_ISR
00339090   _MRINTA_ISR
0033909a   _MXINTA_ISR
003390a4   _DINTCH1_ISR
003390ae   _DINTCH2_ISR
003390b8   _DINTCH3_ISR
003390c2   _DINTCH4_ISR
003390cc   _DINTCH5_ISR
003390d6   _DINTCH6_ISR
003390e0   _I2CINT1A_ISR
003390ea   _I2CINT2A_ISR
003390f4   _SCIRXINTC_ISR
003390fe   _SCITXINTC_ISR
00339108   _SCIRXINTA_ISR
00339112   _SCITXINTA_ISR
0033911c   _SCIRXINTB_ISR
00339126   _SCITXINTB_ISR
00339130   _ECAN0INTA_ISR
0033913a   _ECAN1INTA_ISR
00339144   _ECAN0INTB_ISR
0033914e   _ECAN1INTB_ISR
00339158   _XINT3_ISR
00339162   _XINT4_ISR
0033916c   _XINT5_ISR
00339176   _XINT6_ISR
00339180   _XINT7_ISR
0033918a   _LVF_ISR
00339194   _LUF_ISR
0033919e   _PIE_RESERVED
003391a8   _rsvd_ISR
003391b2   _write
0033922c   _unlink
00339244   _rename
0033926d   _remove_device
00339287   _read
003392d5   _open
0033932b   _lseek
00339359   _close
0033938b   _add_device
003393fd   _HOSTwrite
00339437   _HOSTunlink
0033945c   _HOSTtime
00339488   _HOSTrename
003394c5   _HOSTread
003394ff   _HOSTopen
0033953b   _HOSTlseek
00339583   _HOSTgetenv
003395ab   _HOSTclose
003395d2   _HOSTclock
003395fe   _controlSCI_init
00339605   _controlSCI_update
003397d4   _free
00339819   _minit
0033983f   _malloc
00339895   _realloc
0033994c   _max_free
0033996e   _free_memory
0033998c   _chkheap
0033998e   _calloc
003399a8   _InitECan
003399ad   _InitECana
00339a2c   _InitECanb
00339aab   _InitECanGpio
00339ab0   _InitECanaGpio
00339ac6   _InitECanbGpio
00339ada   _buildSequence
00339b6d   _getNextSequenceIndex
00339ba4   _updateFilter
00339bf7   LL$$DIV
00339c33   LL$$MOD
00339c6d   ULL$$DIV
00339c9c   ULL$$MOD
00339d76   __cleanup
00339d94   _freopen
00339de5   _fopen
00339dff   _InitSysCtrl
00339e08   _ServiceDog
00339e12   _DisableDog
00339e1a   _InitPll
00339e66   _InitPeripheralClocks
00339ec1   _CsmUnlock
00339ef2   _receiveCAN_init
00339ef6   _receiveCAN_update
00339fa9   _fputs
0033a046   _puts
0033a058   _scheduler_Init
0033a06d   _scheduler_onTick
0033a0a9   _scheduler_taskDispatcher
0033a0f0   _interruptEnable
0033a0fa   _interruptDisable
0033a100   _goIdle
0033a103   FD$$ADD
0033a19f   FD$$DIV
0033a22a   _writemsg
0033a276   C$$IO$$
0033a27a   _readmsg
0033a2b0   FD$$MPY
0033a333   _setvbuf
0033a3a9   _InitCpuTimers
0033a3e2   _ConfigCpuTimer
0033a41d   _scia_init
0033a432   _scia_xmit
0033a43e   _scia_msg
0033a453   _scia_xmitTT
0033a463   _scia_msgTT
0033a47c   _scia_fifo_init
0033a484   __wrt_ok
0033a4be   __rd_ok
0033a4e9   __doflush
0033a518   _fflush
0033a549   _main
0033a55f   _cpuInit
0033a582   _timerStart
0033a59c   _gpioInit
0033a59d   _fputc
0033a59d   _putc
0033a5ec   _putchar
0033a5f1   __closefile
0033a62d   _fclose
0033a640   _InitSci
0033a641   _InitSciGpio
0033a648   _InitSciaGpio
0033a65e   _InitScibGpio
0033a672   _InitScicGpio
0033a688   _c_int00
0033a6ce   _fseek
0033a711   _printf
0033a73d   _atoi
0033a76e   _cpu_timer0_isr
0033a79e   _ltoa
0033a7ca   FD$$CMP
0033a7f4   L$$DIV
0033a803   L$$MOD
0033a811   UL$$DIV
0033a818   UL$$MOD
0033a81e   _InitPieCtrl
0033a83d   _EnableInterrupts
0033a846   FD$$TOI
0033a867   ___memcpy_ff
0033a888   _InitPieVectTable
0033a8a8   FD$$TOL
0033a8c7   _strncpy
0033a8e6   LL$$CMP
0033a8f8   ULL$$CMP
0033a904   FS$$TOFD
0033a920   L$$TOFD
0033a93c   __args_main
0033a955   C$$EXIT
0033a955   _abort
0033a957   _exit
0033a96e   LL$$MPY
0033a982   _memccpy
0033a994   _handleCAN_init
0033a995   _handleCAN_update
0033a9a3   FD$$SUB
0033a9b1   _memchr
0033a9be   _strchr
0033a9ca   U$$DIV
0033a9cf   U$$MOD
0033a9d5   _strcmp
0033a9df   _strlen
0033a9e9   __register_unlock
0033a9ed   __register_lock
0033a9f1   __nop
0033a9f2   FD$$NEG
0033a9fb   _strcpy
0033aa0c   _memset
0033aa13   _Tasks_Init
0033aa18   _remove
0033aa1b   _newTask_init
0033aa1c   _newTask_update
0033aa1d   ___cinit__
0033aa1d   ___etext__
0033aa1d   cinit
0033aa1d   etext
0033ad66   __ctypes_
0033ae67   _tasksInSchedule
0033ae68   _PieVectTableInit
0033fff6   code_start
0033fff8   _CsmPwl
00380080   _ADC_cal
00380090   _PartIdRegs
ffffffff   ___binit__
ffffffff   ___c_args__
ffffffff   ___pinit__
ffffffff   binit
ffffffff   pinit

[337 symbols]
