******************************************************************************
             TMS320C2000 Linker PC v6.1.0                      
******************************************************************************
>> Linked Thu Jul 04 14:32:04 2013

OUTPUT FILE NAME:   <Example_2833xCpuTimer.out>
ENTRY POINT SYMBOL: "code_start"  address: 0033fff6


MEMORY CONFIGURATION

         name            origin    length      used     unused   attr    fill
----------------------  --------  ---------  --------  --------  ----  --------
PAGE 0:
  ZONE0                 00004000   00001000  00000000  00001000  RWIX
  RAML0                 00008000   00001000  0000001f  00000fe1  RWIX
  RAML1                 00009000   00001000  00000000  00001000  RWIX
  RAML2                 0000a000   00001000  00000000  00001000  RWIX
  RAML3                 0000b000   00001000  00000000  00001000  RWIX
  ZONE6                 00100000   00100000  00000000  00100000  RWIX
  ZONE7A                00200000   0000fc00  00000000  0000fc00  RWIX
  FLASHH                00300000   00008000  00000000  00008000  RWIX
  FLASHG                00308000   00008000  00000000  00008000  RWIX
  FLASHF                00310000   00008000  00000000  00008000  RWIX
  FLASHE                00318000   00008000  00000000  00008000  RWIX
  FLASHD                00320000   00008000  0000001f  00007fe1  RWIX
  FLASHC                00328000   00008000  00000000  00008000  RWIX
  FLASHA                00338000   00007f80  000031a1  00004ddf  RWIX
  CSM_RSVD              0033ff80   00000076  00000000  00000076  RWIX
  BEGIN                 0033fff6   00000002  00000002  00000000  RWIX
  CSM_PWL               0033fff8   00000008  00000000  00000008  RWIX
  ADC_CAL               00380080   00000009  00000007  00000002  RWIX
  OTP                   00380400   00000400  00000000  00000400  RWIX
  IQTABLES              003fe000   00000b50  00000000  00000b50  RWIX
  IQTABLES2             003feb50   0000008c  00000000  0000008c  RWIX
  FPUTABLES             003febdc   000006a0  00000000  000006a0  RWIX
  ROM                   003ff27c   00000d44  00000000  00000d44  RWIX
  RESET                 003fffc0   00000002  00000000  00000002  RWIX
  VECTORS               003fffc2   0000003e  00000000  0000003e  RWIX

PAGE 1:
  BOOT_RSVD             00000000   00000050  00000000  00000050  RWIX
  RAMM0                 00000050   000003b0  00000120  00000290  RWIX
  RAMM1                 00000400   00000400  00000200  00000200  RWIX
  DEV_EMU               00000880   00000180  000000d0  000000b0  RWIX
  FLASH_REGS            00000a80   00000060  00000008  00000058  RWIX
  CSM                   00000ae0   00000010  00000010  00000000  RWIX
  ADC_MIRROR            00000b00   00000010  00000010  00000000  RWIX
  XINTF                 00000b20   00000020  0000001e  00000002  RWIX
  CPU_TIMER0            00000c00   00000008  00000008  00000000  RWIX
  CPU_TIMER1            00000c08   00000008  00000008  00000000  RWIX
  CPU_TIMER2            00000c10   00000008  00000008  00000000  RWIX
  PIE_CTRL              00000ce0   00000020  0000001a  00000006  RWIX
  PIE_VECT              00000d00   00000100  00000100  00000000  RWIX
  DMA                   00001000   00000200  000000e0  00000120  RWIX
  MCBSPA                00005000   00000040  00000025  0000001b  RWIX
  MCBSPB                00005040   00000040  00000025  0000001b  RWIX
  ECANA                 00006000   00000040  00000034  0000000c  RWIX
  ECANA_LAM             00006040   00000040  00000040  00000000  RWIX
  ECANA_MOTS            00006080   00000040  00000040  00000000  RWIX
  ECANA_MOTO            000060c0   00000040  00000040  00000000  RWIX
  ECANA_MBOX            00006100   00000100  00000100  00000000  RWIX
  ECANB                 00006200   00000040  00000034  0000000c  RWIX
  ECANB_LAM             00006240   00000040  00000040  00000000  RWIX
  ECANB_MOTS            00006280   00000040  00000040  00000000  RWIX
  ECANB_MOTO            000062c0   00000040  00000040  00000000  RWIX
  ECANB_MBOX            00006300   00000100  00000100  00000000  RWIX
  EPWM1                 00006800   00000022  00000022  00000000  RWIX
  EPWM2                 00006840   00000022  00000022  00000000  RWIX
  EPWM3                 00006880   00000022  00000022  00000000  RWIX
  EPWM4                 000068c0   00000022  00000022  00000000  RWIX
  EPWM5                 00006900   00000022  00000022  00000000  RWIX
  EPWM6                 00006940   00000022  00000022  00000000  RWIX
  ECAP1                 00006a00   00000020  00000020  00000000  RWIX
  ECAP2                 00006a20   00000020  00000020  00000000  RWIX
  ECAP3                 00006a40   00000020  00000020  00000000  RWIX
  ECAP4                 00006a60   00000020  00000020  00000000  RWIX
  ECAP5                 00006a80   00000020  00000020  00000000  RWIX
  ECAP6                 00006aa0   00000020  00000020  00000000  RWIX
  EQEP1                 00006b00   00000040  00000040  00000000  RWIX
  EQEP2                 00006b40   00000040  00000040  00000000  RWIX
  GPIOCTRL              00006f80   00000040  0000002e  00000012  RWIX
  GPIODAT               00006fc0   00000020  00000020  00000000  RWIX
  GPIOINT               00006fe0   00000020  0000000a  00000016  RWIX
  SYSTEM                00007010   00000020  00000020  00000000  RWIX
  SPIA                  00007040   00000010  00000010  00000000  RWIX
  SCIA                  00007050   00000010  00000010  00000000  RWIX
  XINTRUPT              00007070   00000010  00000010  00000000  RWIX
  ADC                   00007100   00000020  0000001e  00000002  RWIX
  SCIB                  00007750   00000010  00000010  00000000  RWIX
  SCIC                  00007770   00000010  00000010  00000000  RWIX
  I2CA                  00007900   00000040  00000022  0000001e  RWIX
  RAML4                 0000c000   00001000  00000d80  00000280  RWIX
  RAML5                 0000d000   00001000  00000000  00001000  RWIX
  RAML6                 0000e000   00001000  00000000  00001000  RWIX
  RAML7                 0000f000   00001000  00000000  00001000  RWIX
  ZONE7B                0020fc00   00000400  00000000  00000400  RWIX
  FLASHB                00330000   00008000  00000000  00008000  RWIX
  CSM_PWL               0033fff8   00000008  00000008  00000000  RWIX
  PARTID                00380090   00000001  00000001  00000000  RWIX


SECTION ALLOCATION MAP

 output                                  attributes/
section   page    origin      length       input sections
--------  ----  ----------  ----------   ----------------
.pinit     0    00338000    00000000     UNINITIALIZED

ramfuncs   0    00320000    0000001f     RUN ADDR = 00008000
                  00320000    0000001b     DSP2833x_SysCtrl.obj (ramfuncs)
                  0032001b    00000004     DSP2833x_usDelay.obj (ramfuncs)

.text      0    00338000    000029f4     
                  00338000    00000911     rts2800_fpu32.lib : _printfi.obj (.text)
                  00338911    00000510     CAN.obj (.text)
                  00338e21    00000316     DSP2833x_DefaultIsr.obj (.text:retain)
                  00339137    0000024b     rts2800_fpu32.lib : lowlev.obj (.text)
                  00339382    00000201                       : trgdrv.obj (.text)
                  00339583    000001d4                       : memory.obj (.text)
                  00339757    000001ac     ADC.obj (.text)
                  00339903    00000132     DSP2833x_ECan.obj (.text)
                  00339a35    00000107     rts2800_fpu32.lib : ll_div.obj (.text)
                  00339b3c    00000101                       : fopen.obj (.text)
                  00339c3d    000000f3     DSP2833x_SysCtrl.obj (.text)
                  00339d30    000000d6     controlSCI.obj (.text)
                  00339e06    000000d3     receiveCAN.obj (.text)
                  00339ed9    000000af     rts2800_fpu32.lib : fputs.obj (.text)
                  00339f88    000000ab     scheduler.obj (.text)
                  0033a033    0000009c     rts2800_fpu32.lib : fd_add.obj (.text)
                  0033a0cf    0000009a     sendCAN.obj (.text)
                  0033a169    0000008b     rts2800_fpu32.lib : fd_div.obj (.text)
                  0033a1f4    00000086                       : ankmsg.obj (.text)
                  0033a27a    00000083                       : fd_mpy.obj (.text)
                  0033a2fd    00000076                       : setvbuf.obj (.text)
                  0033a373    00000074     DSP2833x_CpuTimers.obj (.text)
                  0033a3e7    00000067     SCI.obj (.text)
                  0033a44e    00000065     rts2800_fpu32.lib : _io_perm.obj (.text)
                  0033a4b3    00000060                       : fflush.obj (.text)
                  0033a513    00000056     TT_Main.obj (.text)
                  0033a569    00000054     rts2800_fpu32.lib : fputc.obj (.text)
                  0033a5bd    0000004f                       : fclose.obj (.text)
                  0033a60c    00000048     DSP2833x_Sci.obj (.text)
                  0033a654    00000046     rts2800_fpu32.lib : boot.obj (.text)
                  0033a69a    0000003d                       : fseek.obj (.text)
                  0033a6d7    00000032                       : printf.obj (.text)
                  0033a709    00000031                       : atoi.obj (.text)
                  0033a73a    00000030     TT_Main.obj (.text:retain)
                  0033a76a    0000002c     rts2800_fpu32.lib : ltoa.obj (.text)
                  0033a796    0000002a                       : fd_cmp.obj (.text)
                  0033a7c0    0000002a                       : l_div.obj (.text)
                  0033a7ea    00000028     DSP2833x_PieCtrl.obj (.text)
                  0033a812    00000021     rts2800_fpu32.lib : fd_toi.obj (.text)
                  0033a833    00000021                       : memcpy_ff.obj (.text)
                  0033a854    00000020     DSP2833x_PieVect.obj (.text)
                  0033a874    0000001f     rts2800_fpu32.lib : fd_tol.obj (.text)
                  0033a893    0000001f                       : strncpy.obj (.text)
                  0033a8b2    0000001e                       : ll_cmp.obj (.text)
                  0033a8d0    0000001c                       : fs_tofd.obj (.text)
                  0033a8ec    0000001c                       : l_tofd.obj (.text)
                  0033a908    00000019                       : args_main.obj (.text)
                  0033a921    00000019                       : exit.obj (.text)
                  0033a93a    00000014     DSP2833x_Adc.obj (.text)
                  0033a94e    00000014     rts2800_fpu32.lib : ll_mpy.obj (.text)
                  0033a962    00000012                       : memccpy.obj (.text)
                  0033a974    0000000f     handleCAN.obj (.text)
                  0033a983    0000000e     rts2800_fpu32.lib : fd_sub.obj (.text)
                  0033a991    0000000d                       : memchr.obj (.text)
                  0033a99e    0000000c                       : strchr.obj (.text)
                  0033a9aa    0000000a                       : strcmp.obj (.text)
                  0033a9b4    0000000a                       : strlen.obj (.text)
                  0033a9be    00000009                       : _lock.obj (.text)
                  0033a9c7    00000009                       : fd_neg.obj (.text)
                  0033a9d0    00000009                       : strcpy.obj (.text)
                  0033a9d9    00000008     DSP2833x_CodeStartBranch.obj (.text)
                  0033a9e1    00000007     rts2800_fpu32.lib : memset.obj (.text)
                  0033a9e8    00000007     schedulerConfig.obj (.text)
                  0033a9ef    00000003     rts2800_fpu32.lib : remove.obj (.text)
                  0033a9f2    00000002     newTask.obj (.text)

.cinit     0    0033a9f4    0000052d     
                  0033a9f4    0000028c     CAN.obj (.cinit)
                  0033ac80    0000018f     CAN_Rx_global.obj (.cinit)
                  0033ae0f    0000004b     ADC.obj (.cinit)
                  0033ae5a    0000002d     rts2800_fpu32.lib : lowlev.obj (.cinit)
                  0033ae87    0000002a                       : defs.obj (.cinit)
                  0033aeb1    00000019     CAN_Tx_global.obj (.cinit)
                  0033aeca    00000014     schedulerConfig.obj (.cinit)
                  0033aede    00000010     controlSCI.obj (.cinit)
                  0033aeee    0000000a     rts2800_fpu32.lib : _lock.obj (.cinit)
                  0033aef8    0000000a                       : exit.obj (.cinit)
                  0033af02    00000009     receiveCAN.obj (.cinit)
                  0033af0b    00000008     scheduler.obj (.cinit)
                  0033af13    00000004     SCI.obj (.cinit)
                  0033af17    00000004     rts2800_fpu32.lib : fopen.obj (.cinit)
                  0033af1b    00000004                       : memory.obj (.cinit)
                  0033af1f    00000002     --HOLE-- [fill = 0]

.econst    0    0033af22    00000260     
                  0033af22    00000101     rts2800_fpu32.lib : ctype.obj (.econst:__ctypes_)
                  0033b023    00000001     CAN_Rx_global.obj (.econst)
                  0033b024    00000100     DSP2833x_PieVect.obj (.econst)
                  0033b124    00000024     rts2800_fpu32.lib : _printfi.obj (.econst:.string)
                  0033b148    00000018     receiveCAN.obj (.econst:.string)
                  0033b160    00000018     rts2800_fpu32.lib : _printfi.obj (.econst)
                  0033b178    00000004     CAN.obj (.econst:_$P$T0$1)
                  0033b17c    00000002     rts2800_fpu32.lib : fputs.obj (.econst:.string)
                  0033b17e    00000002     CAN.obj (.econst)
                  0033b180    00000001     CAN_Tx_global.obj (.econst)
                  0033b181    00000001     schedulerConfig.obj (.econst)

.switch    0    0033b182    00000020     
                  0033b182    00000020     ADC.obj (.switch:_ADC_ConfigurePort)

codestart 
*          0    0033fff6    00000002     
                  0033fff6    00000002     DSP2833x_CodeStartBranch.obj (codestart)

.adc_cal   0    00380080    00000007     NOLOAD SECTION
                  00380080    00000007     DSP2833x_ADC_cal.obj (.adc_cal)

.reset     0    003fffc0    00000002     DSECT
                  003fffc0    00000002     rts2800_fpu32.lib : boot.obj (.reset)

vectors    0    003fffc2    00000000     DSECT

.cio       1    00000080    00000120     UNINITIALIZED
                  00000080    00000120     rts2800_fpu32.lib : ankmsg.obj (.cio)

.stack     1    00000400    00000200     UNINITIALIZED
                  00000400    00000200     --HOLE--

DevEmuRegsFile 
*          1    00000880    000000d0     UNINITIALIZED
                  00000880    000000d0     DSP2833x_GlobalVariableDefs.obj (DevEmuRegsFile)

FlashRegsFile 
*          1    00000a80    00000008     UNINITIALIZED
                  00000a80    00000008     DSP2833x_GlobalVariableDefs.obj (FlashRegsFile)

CsmRegsFile 
*          1    00000ae0    00000010     UNINITIALIZED
                  00000ae0    00000010     DSP2833x_GlobalVariableDefs.obj (CsmRegsFile)

AdcMirrorFile 
*          1    00000b00    00000010     UNINITIALIZED
                  00000b00    00000010     DSP2833x_GlobalVariableDefs.obj (AdcMirrorFile)

XintfRegsFile 
*          1    00000b20    0000001e     UNINITIALIZED
                  00000b20    0000001e     DSP2833x_GlobalVariableDefs.obj (XintfRegsFile)

CpuTimer0RegsFile 
*          1    00000c00    00000008     UNINITIALIZED
                  00000c00    00000008     DSP2833x_GlobalVariableDefs.obj (CpuTimer0RegsFile)

CpuTimer1RegsFile 
*          1    00000c08    00000008     UNINITIALIZED
                  00000c08    00000008     DSP2833x_GlobalVariableDefs.obj (CpuTimer1RegsFile)

CpuTimer2RegsFile 
*          1    00000c10    00000008     UNINITIALIZED
                  00000c10    00000008     DSP2833x_GlobalVariableDefs.obj (CpuTimer2RegsFile)

PieCtrlRegsFile 
*          1    00000ce0    0000001a     UNINITIALIZED
                  00000ce0    0000001a     DSP2833x_GlobalVariableDefs.obj (PieCtrlRegsFile)

PieVectTableFile 
*          1    00000d00    00000100     UNINITIALIZED
                  00000d00    00000100     DSP2833x_GlobalVariableDefs.obj (PieVectTableFile)

DmaRegsFile 
*          1    00001000    000000e0     UNINITIALIZED
                  00001000    000000e0     DSP2833x_GlobalVariableDefs.obj (DmaRegsFile)

McbspaRegsFile 
*          1    00005000    00000025     UNINITIALIZED
                  00005000    00000025     DSP2833x_GlobalVariableDefs.obj (McbspaRegsFile)

McbspbRegsFile 
*          1    00005040    00000025     UNINITIALIZED
                  00005040    00000025     DSP2833x_GlobalVariableDefs.obj (McbspbRegsFile)

ECanaRegsFile 
*          1    00006000    00000034     UNINITIALIZED
                  00006000    00000034     DSP2833x_GlobalVariableDefs.obj (ECanaRegsFile)

ECanaLAMRegsFile 
*          1    00006040    00000040     UNINITIALIZED
                  00006040    00000040     DSP2833x_GlobalVariableDefs.obj (ECanaLAMRegsFile)

ECanaMOTSRegsFile 
*          1    00006080    00000040     UNINITIALIZED
                  00006080    00000040     DSP2833x_GlobalVariableDefs.obj (ECanaMOTSRegsFile)

ECanaMOTORegsFile 
*          1    000060c0    00000040     UNINITIALIZED
                  000060c0    00000040     DSP2833x_GlobalVariableDefs.obj (ECanaMOTORegsFile)

ECanaMboxesFile 
*          1    00006100    00000100     UNINITIALIZED
                  00006100    00000100     DSP2833x_GlobalVariableDefs.obj (ECanaMboxesFile)

ECanbRegsFile 
*          1    00006200    00000034     UNINITIALIZED
                  00006200    00000034     DSP2833x_GlobalVariableDefs.obj (ECanbRegsFile)

ECanbLAMRegsFile 
*          1    00006240    00000040     UNINITIALIZED
                  00006240    00000040     DSP2833x_GlobalVariableDefs.obj (ECanbLAMRegsFile)

ECanbMOTSRegsFile 
*          1    00006280    00000040     UNINITIALIZED
                  00006280    00000040     DSP2833x_GlobalVariableDefs.obj (ECanbMOTSRegsFile)

ECanbMOTORegsFile 
*          1    000062c0    00000040     UNINITIALIZED
                  000062c0    00000040     DSP2833x_GlobalVariableDefs.obj (ECanbMOTORegsFile)

ECanbMboxesFile 
*          1    00006300    00000100     UNINITIALIZED
                  00006300    00000100     DSP2833x_GlobalVariableDefs.obj (ECanbMboxesFile)

EPwm1RegsFile 
*          1    00006800    00000022     UNINITIALIZED
                  00006800    00000022     DSP2833x_GlobalVariableDefs.obj (EPwm1RegsFile)

EPwm2RegsFile 
*          1    00006840    00000022     UNINITIALIZED
                  00006840    00000022     DSP2833x_GlobalVariableDefs.obj (EPwm2RegsFile)

EPwm3RegsFile 
*          1    00006880    00000022     UNINITIALIZED
                  00006880    00000022     DSP2833x_GlobalVariableDefs.obj (EPwm3RegsFile)

EPwm4RegsFile 
*          1    000068c0    00000022     UNINITIALIZED
                  000068c0    00000022     DSP2833x_GlobalVariableDefs.obj (EPwm4RegsFile)

EPwm5RegsFile 
*          1    00006900    00000022     UNINITIALIZED
                  00006900    00000022     DSP2833x_GlobalVariableDefs.obj (EPwm5RegsFile)

EPwm6RegsFile 
*          1    00006940    00000022     UNINITIALIZED
                  00006940    00000022     DSP2833x_GlobalVariableDefs.obj (EPwm6RegsFile)

ECap1RegsFile 
*          1    00006a00    00000020     UNINITIALIZED
                  00006a00    00000020     DSP2833x_GlobalVariableDefs.obj (ECap1RegsFile)

ECap2RegsFile 
*          1    00006a20    00000020     UNINITIALIZED
                  00006a20    00000020     DSP2833x_GlobalVariableDefs.obj (ECap2RegsFile)

ECap3RegsFile 
*          1    00006a40    00000020     UNINITIALIZED
                  00006a40    00000020     DSP2833x_GlobalVariableDefs.obj (ECap3RegsFile)

ECap4RegsFile 
*          1    00006a60    00000020     UNINITIALIZED
                  00006a60    00000020     DSP2833x_GlobalVariableDefs.obj (ECap4RegsFile)

ECap5RegsFile 
*          1    00006a80    00000020     UNINITIALIZED
                  00006a80    00000020     DSP2833x_GlobalVariableDefs.obj (ECap5RegsFile)

ECap6RegsFile 
*          1    00006aa0    00000020     UNINITIALIZED
                  00006aa0    00000020     DSP2833x_GlobalVariableDefs.obj (ECap6RegsFile)

EQep1RegsFile 
*          1    00006b00    00000040     UNINITIALIZED
                  00006b00    00000040     DSP2833x_GlobalVariableDefs.obj (EQep1RegsFile)

EQep2RegsFile 
*          1    00006b40    00000040     UNINITIALIZED
                  00006b40    00000040     DSP2833x_GlobalVariableDefs.obj (EQep2RegsFile)

GpioCtrlRegsFile 
*          1    00006f80    0000002e     UNINITIALIZED
                  00006f80    0000002e     DSP2833x_GlobalVariableDefs.obj (GpioCtrlRegsFile)

GpioDataRegsFile 
*          1    00006fc0    00000020     UNINITIALIZED
                  00006fc0    00000020     DSP2833x_GlobalVariableDefs.obj (GpioDataRegsFile)

GpioIntRegsFile 
*          1    00006fe0    0000000a     UNINITIALIZED
                  00006fe0    0000000a     DSP2833x_GlobalVariableDefs.obj (GpioIntRegsFile)

SysCtrlRegsFile 
*          1    00007010    00000020     UNINITIALIZED
                  00007010    00000020     DSP2833x_GlobalVariableDefs.obj (SysCtrlRegsFile)

SpiaRegsFile 
*          1    00007040    00000010     UNINITIALIZED
                  00007040    00000010     DSP2833x_GlobalVariableDefs.obj (SpiaRegsFile)

SciaRegsFile 
*          1    00007050    00000010     UNINITIALIZED
                  00007050    00000010     DSP2833x_GlobalVariableDefs.obj (SciaRegsFile)

XIntruptRegsFile 
*          1    00007070    00000010     UNINITIALIZED
                  00007070    00000010     DSP2833x_GlobalVariableDefs.obj (XIntruptRegsFile)

AdcRegsFile 
*          1    00007100    0000001e     UNINITIALIZED
                  00007100    0000001e     DSP2833x_GlobalVariableDefs.obj (AdcRegsFile)

ScibRegsFile 
*          1    00007750    00000010     UNINITIALIZED
                  00007750    00000010     DSP2833x_GlobalVariableDefs.obj (ScibRegsFile)

ScicRegsFile 
*          1    00007770    00000010     UNINITIALIZED
                  00007770    00000010     DSP2833x_GlobalVariableDefs.obj (ScicRegsFile)

I2caRegsFile 
*          1    00007900    00000022     UNINITIALIZED
                  00007900    00000022     DSP2833x_GlobalVariableDefs.obj (I2caRegsFile)

.ebss      1    0000c000    00000980     UNINITIALIZED
                  0000c000    000002c4     CAN.obj (.ebss)
                  0000c2c4    0000001a     CAN_Tx_global.obj (.ebss)
                  0000c2de    00000018     DSP2833x_CpuTimers.obj (.ebss)
                  0000c2f6    00000008     rts2800_fpu32.lib : memory.obj (.ebss)
                  0000c2fe    00000002     TT_Main.obj (.ebss)
                  0000c300    0000020c     CAN_Rx_global.obj (.ebss)
                  0000c50c    00000012     schedulerConfig.obj (.ebss)
                  0000c51e    00000008     rts2800_fpu32.lib : trgdrv.obj (.ebss)
                  0000c526    00000004     receiveCAN.obj (.ebss)
                  0000c52a    00000004     rts2800_fpu32.lib : _lock.obj (.ebss)
                  0000c52e    00000004                       : exit.obj (.ebss)
                  0000c532    00000002     scheduler.obj (.ebss)
                  0000c534    00000001     SCI.obj (.ebss)
                  0000c535    00000001     rts2800_fpu32.lib : fopen.obj (.ebss)
                  0000c536    00000001     sendCAN.obj (.ebss)
                  0000c537    00000009     --HOLE--
                  0000c540    00000160     rts2800_fpu32.lib : defs.obj (.ebss)
                  0000c6a0    00000020     --HOLE--
                  0000c6c0    00000148     controlSCI.obj (.ebss)
                  0000c808    00000038     --HOLE--
                  0000c840    00000088     rts2800_fpu32.lib : lowlev.obj (.ebss)
                  0000c8c8    00000038     --HOLE--
                  0000c900    00000080     ADC.obj (.ebss)

.sysmem    1    0000c980    00000400     UNINITIALIZED
                  0000c980    00000001     rts2800_fpu32.lib : memory.obj (.sysmem)
                  0000c981    000003ff     --HOLE--

CsmPwlFile 
*          1    0033fff8    00000008     UNINITIALIZED
                  0033fff8    00000008     DSP2833x_GlobalVariableDefs.obj (CsmPwlFile)

PartIdRegsFile 
*          1    00380090    00000001     UNINITIALIZED
                  00380090    00000001     DSP2833x_GlobalVariableDefs.obj (PartIdRegsFile)


GLOBAL SYMBOLS: SORTED ALPHABETICALLY BY Name 

address    name
--------   ----
00338000   .text
0033a921   C$$EXIT
0033a240   C$$IO$$
0033a033   FD$$ADD
0033a796   FD$$CMP
0033a169   FD$$DIV
0033a27a   FD$$MPY
0033a9c7   FD$$NEG
0033a983   FD$$SUB
0033a812   FD$$TOI
0033a874   FD$$TOL
0033a8d0   FS$$TOFD
0033a7c0   L$$DIV
0033a7cf   L$$MOD
0033a8ec   L$$TOFD
0033a8b2   LL$$CMP
00339a35   LL$$DIV
00339a71   LL$$MOD
0033a94e   LL$$MPY
0033a7dd   UL$$DIV
0033a7e4   UL$$MOD
0033a8c4   ULL$$CMP
00339aab   ULL$$DIV
00339ada   ULL$$MOD
00338f07   _ADCINT_ISR
003398b6   _ADC_CheckPortState
00339787   _ADC_ConfigurePort
00339757   _ADC_Init
003398c6   _ADC_ReadPort
003398e8   _ADC_ResetPorts
00339762   _ADC_Start
00339863   _ADC_UpdateState
00380080   _ADC_cal
00000b00   _AdcMirror
00007100   _AdcRegs
0000c536   _CANTimer
0033a107   _CANTx_clearAll
00338911   _CAN_Init
0000c040   _CAN_Ports
0000c380   _CAN_RxMessages
00338924   _CAN_Test
0000c2c4   _CAN_TxMessages
0033a3ac   _ConfigCpuTimer
0000c2ee   _CpuTimer0
00000c00   _CpuTimer0Regs
0000c2de   _CpuTimer1
00000c08   _CpuTimer1Regs
0000c2e6   _CpuTimer2
00000c10   _CpuTimer2Regs
0033fff8   _CsmPwl
00000ae0   _CsmRegs
00339cff   _CsmUnlock
00338e35   _DATALOG_ISR
00339029   _DINTCH1_ISR
00339033   _DINTCH2_ISR
0033903d   _DINTCH3_ISR
00339047   _DINTCH4_ISR
00339051   _DINTCH5_ISR
0033905b   _DINTCH6_ISR
0000801b   _DSP28x_usDelay
00000880   _DevEmuRegs
00339c50   _DisableDog
00001000   _DmaRegs
003390b5   _ECAN0INTA_ISR
003390c9   _ECAN0INTB_ISR
003390bf   _ECAN1INTA_ISR
003390d3   _ECAN1INTB_ISR
00338f9d   _ECAP1_INT_ISR
00338fa7   _ECAP2_INT_ISR
00338fb1   _ECAP3_INT_ISR
00338fbb   _ECAP4_INT_ISR
00338fc5   _ECAP5_INT_ISR
00338fcf   _ECAP6_INT_ISR
00006040   _ECanaLAMRegs
000060c0   _ECanaMOTORegs
00006080   _ECanaMOTSRegs
00006100   _ECanaMboxes
00006000   _ECanaRegs
00006240   _ECanbLAMRegs
000062c0   _ECanbMOTORegs
00006280   _ECanbMOTSRegs
00006300   _ECanbMboxes
00006200   _ECanbRegs
00006a00   _ECap1Regs
00006a20   _ECap2Regs
00006a40   _ECap3Regs
00006a60   _ECap4Regs
00006a80   _ECap5Regs
00006aa0   _ECap6Regs
00338e49   _EMUINT_ISR
00338f61   _EPWM1_INT_ISR
00338f25   _EPWM1_TZINT_ISR
00338f6b   _EPWM2_INT_ISR
00338f2f   _EPWM2_TZINT_ISR
00338f75   _EPWM3_INT_ISR
00338f39   _EPWM3_TZINT_ISR
00338f7f   _EPWM4_INT_ISR
00338f43   _EPWM4_TZINT_ISR
00338f89   _EPWM5_INT_ISR
00338f4d   _EPWM5_TZINT_ISR
00338f93   _EPWM6_INT_ISR
00338f57   _EPWM6_TZINT_ISR
00006800   _EPwm1Regs
00006840   _EPwm2Regs
00006880   _EPwm3Regs
000068c0   _EPwm4Regs
00006900   _EPwm5Regs
00006940   _EPwm6Regs
00338fd9   _EQEP1_INT_ISR
00338fe3   _EQEP2_INT_ISR
00006b00   _EQep1Regs
00006b40   _EQep2Regs
0033a809   _EnableInterrupts
00000a80   _FlashRegs
00006f80   _GpioCtrlRegs
00006fc0   _GpioDataRegs
00006fe0   _GpioIntRegs
00339557   _HOSTclock
00339530   _HOSTclose
00339508   _HOSTgetenv
003394c0   _HOSTlseek
00339484   _HOSTopen
0033944a   _HOSTread
0033940d   _HOSTrename
003393e1   _HOSTtime
003393bc   _HOSTunlink
00339382   _HOSTwrite
00339065   _I2CINT1A_ISR
0033906f   _I2CINT2A_ISR
00007900   _I2caRegs
00338e5d   _ILLEGAL_ISR
00338e21   _INT13_ISR
00338e2b   _INT14_ISR
0033a93a   _InitAdc
00338d17   _InitCanA
00338d9c   _InitCanB
0033a373   _InitCpuTimers
00339903   _InitECan
00339a06   _InitECanGpio
00339908   _InitECana
00339a0b   _InitECanaGpio
00339987   _InitECanb
00339a21   _InitECanbGpio
00008000   _InitFlash
00339ca4   _InitPeripheralClocks
0033a7ea   _InitPieCtrl
0033a854   _InitPieVectTable
00339c58   _InitPll
0033a60c   _InitSci
0033a60d   _InitSciGpio
0033a614   _InitSciaGpio
0033a62a   _InitScibGpio
0033a63e   _InitScicGpio
00339c3d   _InitSysCtrl
00339119   _LUF_ISR
0033910f   _LVF_ISR
00339015   _MRINTA_ISR
00339001   _MRINTB_ISR
0033901f   _MXINTA_ISR
0033900b   _MXINTB_ISR
00005000   _McbspaRegs
00005040   _McbspbRegs
00338e53   _NMI_ISR
00339123   _PIE_RESERVED
00380090   _PartIdRegs
00000ce0   _PieCtrlRegs
00000d00   _PieVectTable
0033b024   _PieVectTableInit
00338e3f   _RTOSINT_ISR
0032001f   _RamfuncsLoadEnd
00320000   _RamfuncsLoadStart
00008000   _RamfuncsRunStart
0033908d   _SCIRXINTA_ISR
003390a1   _SCIRXINTB_ISR
00339079   _SCIRXINTC_ISR
00339097   _SCITXINTA_ISR
003390ab   _SCITXINTB_ISR
00339083   _SCITXINTC_ISR
00338edf   _SEQ1INT_ISR
00338ee9   _SEQ2INT_ISR
00338fed   _SPIRXINTA_ISR
00338ff7   _SPITXINTA_ISR
00007050   _SciaRegs
00007750   _ScibRegs
00007770   _ScicRegs
00339c46   _ServiceDog
00007040   _SpiaRegs
00007010   _SysCtrlRegs
00338f11   _TINT0_ISR
0000c50c   _Tasks
0033a9e8   _Tasks_Init
00338ec1   _USER10_ISR
00338ecb   _USER11_ISR
00338ed5   _USER12_ISR
00338e67   _USER1_ISR
00338e71   _USER2_ISR
00338e7b   _USER3_ISR
00338e85   _USER4_ISR
00338e8f   _USER5_ISR
00338e99   _USER6_ISR
00338ea3   _USER7_ISR
00338ead   _USER8_ISR
00338eb7   _USER9_ISR
00338f1b   _WAKEINT_ISR
00338ef3   _XINT1_ISR
00338efd   _XINT2_ISR
003390dd   _XINT3_ISR
003390e7   _XINT4_ISR
003390f1   _XINT5_ISR
003390fb   _XINT6_ISR
00339105   _XINT7_ISR
00007070   _XIntruptRegs
00000b20   _XintfRegs
00000080   __CIOBUF_
00000600   __STACK_END
00000200   __STACK_SIZE
00000400   __SYSMEM_SIZE
00000001   __TI_args_main
ffffffff   ___binit__
ffffffff   ___c_args__
0033a9f4   ___cinit__
0033a9f4   ___etext__
0033a833   ___memcpy_ff
ffffffff   ___pinit__
00338000   ___text__
0033a908   __args_main
00339bb4   __cleanup
0000c52e   __cleanup_ptr
0033a5bd   __closefile
0033af22   __ctypes_
0033a4b3   __doflush
0000c530   __dtors_ptr
0000c540   __ft_end
0000c580   __ftable
0000c52c   __lock
0033a9c6   __nop
0033880e   __printfi
0033a488   __rd_ok
0033a9c2   __register_lock
0033a9be   __register_unlock
00000400   __stack
0000c980   __sys_memory
0000c600   __tmpnams
0000c52a   __unlock
0033a44e   __wrt_ok
0033a921   _abort
0000c940   _adcPorts
00339310   _add_device
0033a709   _atoi
0033a654   _c_int00
0033973d   _calloc
0000c2c6   _canData_Tx_651
0000c2ca   _canData_Tx_7AB
0000c2d6   _canMessage_Tx_651
0000c2ce   _canMessage_Tx_7AB
00338cf6   _checkMailboxState
0033973b   _chkheap
003392de   _close
00338b5a   _commitSendMailbox
0033898a   _configureRxMailbox
00338a2d   _configureTxMailbox
00339d30   _controlSCI_init
00339d37   _controlSCI_update
0033a52b   _cpuInit
0033a73a   _cpu_timer0_isr
0033a923   _exit
0033a5f9   _fclose
0033a4e2   _fflush
0000c700   _filtermap
0033895e   _findMailbox
00339c23   _fopen
0033a569   _fputc
00339ed9   _fputs
00339583   _free
0033971d   _free_memory
00339bd2   _freopen
0033a69a   _fseek
0033897d   _getCANErrors
00338d06   _getMailboxID
0033a030   _goIdle
0033a568   _gpioInit
0033a974   _handleCAN_init
0033a975   _handleCAN_update
0000c002   _i
0033a02a   _interruptDisable
0033a020   _interruptEnable
00338af6   _loadTxMailbox
0000c000   _loopcount
003392b0   _lseek
0033a76a   _ltoa
0000c300   _mailBoxFilters
0033a513   _main
003395ee   _malloc
003396fb   _max_free
0033a962   _memccpy
0033a991   _memchr
0033a9e1   _memset
003395c8   _minit
0033a9f2   _newTask_init
0033a9f3   _newTask_update
0033b023   _numRxCANMsgs
0033b180   _numTxCANMsgs
0033925a   _open
0000c901   _portState_Master
0033a6dd   _printf
0033a569   _putc
0033a5b8   _putchar
00339f76   _puts
0033920c   _read
00338b85   _readRxMailbox
0033a244   _readmsg
00339644   _realloc
00339e06   _receiveCAN_init
00339e26   _receiveCAN_update
0033a9ef   _remove
003391f2   _remove_device
003391c9   _rename
0033912d   _rsvd_ISR
0000c6c3   _rxbufferSize
00339f88   _scheduler_Init
00339f9d   _scheduler_onTick
00339fd9   _scheduler_taskDispatcher
0033a446   _scia_fifo_init
0033a3e7   _scia_init
0033a408   _scia_msg
0033a42d   _scia_msgTT
0033a3fc   _scia_xmit
0033a41d   _scia_xmitTT
0033a0cf   _sendCAN_init
0033a0e4   _sendCAN_update
0033a2fd   _setvbuf
0033a99e   _strchr
0033a9aa   _strcmp
0033a9d0   _strcpy
0033a9b4   _strlen
0033a893   _strncpy
0033b181   _tasksInSchedule
0000c2fe   _tickCount_G
0033a54e   _timerStart
003391b1   _unlink
00339e59   _updateFilter
00338bf5   _updateMailboxes
00339137   _write
0033a1f4   _writemsg
ffffffff   binit
0033a9f4   cinit
0033fff6   code_start
0033a9f4   etext
ffffffff   pinit


GLOBAL SYMBOLS: SORTED BY Symbol Address 

address    name
--------   ----
00000001   __TI_args_main
00000080   __CIOBUF_
00000200   __STACK_SIZE
00000400   __SYSMEM_SIZE
00000400   __stack
00000600   __STACK_END
00000880   _DevEmuRegs
00000a80   _FlashRegs
00000ae0   _CsmRegs
00000b00   _AdcMirror
00000b20   _XintfRegs
00000c00   _CpuTimer0Regs
00000c08   _CpuTimer1Regs
00000c10   _CpuTimer2Regs
00000ce0   _PieCtrlRegs
00000d00   _PieVectTable
00001000   _DmaRegs
00005000   _McbspaRegs
00005040   _McbspbRegs
00006000   _ECanaRegs
00006040   _ECanaLAMRegs
00006080   _ECanaMOTSRegs
000060c0   _ECanaMOTORegs
00006100   _ECanaMboxes
00006200   _ECanbRegs
00006240   _ECanbLAMRegs
00006280   _ECanbMOTSRegs
000062c0   _ECanbMOTORegs
00006300   _ECanbMboxes
00006800   _EPwm1Regs
00006840   _EPwm2Regs
00006880   _EPwm3Regs
000068c0   _EPwm4Regs
00006900   _EPwm5Regs
00006940   _EPwm6Regs
00006a00   _ECap1Regs
00006a20   _ECap2Regs
00006a40   _ECap3Regs
00006a60   _ECap4Regs
00006a80   _ECap5Regs
00006aa0   _ECap6Regs
00006b00   _EQep1Regs
00006b40   _EQep2Regs
00006f80   _GpioCtrlRegs
00006fc0   _GpioDataRegs
00006fe0   _GpioIntRegs
00007010   _SysCtrlRegs
00007040   _SpiaRegs
00007050   _SciaRegs
00007070   _XIntruptRegs
00007100   _AdcRegs
00007750   _ScibRegs
00007770   _ScicRegs
00007900   _I2caRegs
00008000   _InitFlash
00008000   _RamfuncsRunStart
0000801b   _DSP28x_usDelay
0000c000   _loopcount
0000c002   _i
0000c040   _CAN_Ports
0000c2c4   _CAN_TxMessages
0000c2c6   _canData_Tx_651
0000c2ca   _canData_Tx_7AB
0000c2ce   _canMessage_Tx_7AB
0000c2d6   _canMessage_Tx_651
0000c2de   _CpuTimer1
0000c2e6   _CpuTimer2
0000c2ee   _CpuTimer0
0000c2fe   _tickCount_G
0000c300   _mailBoxFilters
0000c380   _CAN_RxMessages
0000c50c   _Tasks
0000c52a   __unlock
0000c52c   __lock
0000c52e   __cleanup_ptr
0000c530   __dtors_ptr
0000c536   _CANTimer
0000c540   __ft_end
0000c580   __ftable
0000c600   __tmpnams
0000c6c3   _rxbufferSize
0000c700   _filtermap
0000c901   _portState_Master
0000c940   _adcPorts
0000c980   __sys_memory
00320000   _RamfuncsLoadStart
0032001f   _RamfuncsLoadEnd
00338000   .text
00338000   ___text__
0033880e   __printfi
00338911   _CAN_Init
00338924   _CAN_Test
0033895e   _findMailbox
0033897d   _getCANErrors
0033898a   _configureRxMailbox
00338a2d   _configureTxMailbox
00338af6   _loadTxMailbox
00338b5a   _commitSendMailbox
00338b85   _readRxMailbox
00338bf5   _updateMailboxes
00338cf6   _checkMailboxState
00338d06   _getMailboxID
00338d17   _InitCanA
00338d9c   _InitCanB
00338e21   _INT13_ISR
00338e2b   _INT14_ISR
00338e35   _DATALOG_ISR
00338e3f   _RTOSINT_ISR
00338e49   _EMUINT_ISR
00338e53   _NMI_ISR
00338e5d   _ILLEGAL_ISR
00338e67   _USER1_ISR
00338e71   _USER2_ISR
00338e7b   _USER3_ISR
00338e85   _USER4_ISR
00338e8f   _USER5_ISR
00338e99   _USER6_ISR
00338ea3   _USER7_ISR
00338ead   _USER8_ISR
00338eb7   _USER9_ISR
00338ec1   _USER10_ISR
00338ecb   _USER11_ISR
00338ed5   _USER12_ISR
00338edf   _SEQ1INT_ISR
00338ee9   _SEQ2INT_ISR
00338ef3   _XINT1_ISR
00338efd   _XINT2_ISR
00338f07   _ADCINT_ISR
00338f11   _TINT0_ISR
00338f1b   _WAKEINT_ISR
00338f25   _EPWM1_TZINT_ISR
00338f2f   _EPWM2_TZINT_ISR
00338f39   _EPWM3_TZINT_ISR
00338f43   _EPWM4_TZINT_ISR
00338f4d   _EPWM5_TZINT_ISR
00338f57   _EPWM6_TZINT_ISR
00338f61   _EPWM1_INT_ISR
00338f6b   _EPWM2_INT_ISR
00338f75   _EPWM3_INT_ISR
00338f7f   _EPWM4_INT_ISR
00338f89   _EPWM5_INT_ISR
00338f93   _EPWM6_INT_ISR
00338f9d   _ECAP1_INT_ISR
00338fa7   _ECAP2_INT_ISR
00338fb1   _ECAP3_INT_ISR
00338fbb   _ECAP4_INT_ISR
00338fc5   _ECAP5_INT_ISR
00338fcf   _ECAP6_INT_ISR
00338fd9   _EQEP1_INT_ISR
00338fe3   _EQEP2_INT_ISR
00338fed   _SPIRXINTA_ISR
00338ff7   _SPITXINTA_ISR
00339001   _MRINTB_ISR
0033900b   _MXINTB_ISR
00339015   _MRINTA_ISR
0033901f   _MXINTA_ISR
00339029   _DINTCH1_ISR
00339033   _DINTCH2_ISR
0033903d   _DINTCH3_ISR
00339047   _DINTCH4_ISR
00339051   _DINTCH5_ISR
0033905b   _DINTCH6_ISR
00339065   _I2CINT1A_ISR
0033906f   _I2CINT2A_ISR
00339079   _SCIRXINTC_ISR
00339083   _SCITXINTC_ISR
0033908d   _SCIRXINTA_ISR
00339097   _SCITXINTA_ISR
003390a1   _SCIRXINTB_ISR
003390ab   _SCITXINTB_ISR
003390b5   _ECAN0INTA_ISR
003390bf   _ECAN1INTA_ISR
003390c9   _ECAN0INTB_ISR
003390d3   _ECAN1INTB_ISR
003390dd   _XINT3_ISR
003390e7   _XINT4_ISR
003390f1   _XINT5_ISR
003390fb   _XINT6_ISR
00339105   _XINT7_ISR
0033910f   _LVF_ISR
00339119   _LUF_ISR
00339123   _PIE_RESERVED
0033912d   _rsvd_ISR
00339137   _write
003391b1   _unlink
003391c9   _rename
003391f2   _remove_device
0033920c   _read
0033925a   _open
003392b0   _lseek
003392de   _close
00339310   _add_device
00339382   _HOSTwrite
003393bc   _HOSTunlink
003393e1   _HOSTtime
0033940d   _HOSTrename
0033944a   _HOSTread
00339484   _HOSTopen
003394c0   _HOSTlseek
00339508   _HOSTgetenv
00339530   _HOSTclose
00339557   _HOSTclock
00339583   _free
003395c8   _minit
003395ee   _malloc
00339644   _realloc
003396fb   _max_free
0033971d   _free_memory
0033973b   _chkheap
0033973d   _calloc
00339757   _ADC_Init
00339762   _ADC_Start
00339787   _ADC_ConfigurePort
00339863   _ADC_UpdateState
003398b6   _ADC_CheckPortState
003398c6   _ADC_ReadPort
003398e8   _ADC_ResetPorts
00339903   _InitECan
00339908   _InitECana
00339987   _InitECanb
00339a06   _InitECanGpio
00339a0b   _InitECanaGpio
00339a21   _InitECanbGpio
00339a35   LL$$DIV
00339a71   LL$$MOD
00339aab   ULL$$DIV
00339ada   ULL$$MOD
00339bb4   __cleanup
00339bd2   _freopen
00339c23   _fopen
00339c3d   _InitSysCtrl
00339c46   _ServiceDog
00339c50   _DisableDog
00339c58   _InitPll
00339ca4   _InitPeripheralClocks
00339cff   _CsmUnlock
00339d30   _controlSCI_init
00339d37   _controlSCI_update
00339e06   _receiveCAN_init
00339e26   _receiveCAN_update
00339e59   _updateFilter
00339ed9   _fputs
00339f76   _puts
00339f88   _scheduler_Init
00339f9d   _scheduler_onTick
00339fd9   _scheduler_taskDispatcher
0033a020   _interruptEnable
0033a02a   _interruptDisable
0033a030   _goIdle
0033a033   FD$$ADD
0033a0cf   _sendCAN_init
0033a0e4   _sendCAN_update
0033a107   _CANTx_clearAll
0033a169   FD$$DIV
0033a1f4   _writemsg
0033a240   C$$IO$$
0033a244   _readmsg
0033a27a   FD$$MPY
0033a2fd   _setvbuf
0033a373   _InitCpuTimers
0033a3ac   _ConfigCpuTimer
0033a3e7   _scia_init
0033a3fc   _scia_xmit
0033a408   _scia_msg
0033a41d   _scia_xmitTT
0033a42d   _scia_msgTT
0033a446   _scia_fifo_init
0033a44e   __wrt_ok
0033a488   __rd_ok
0033a4b3   __doflush
0033a4e2   _fflush
0033a513   _main
0033a52b   _cpuInit
0033a54e   _timerStart
0033a568   _gpioInit
0033a569   _fputc
0033a569   _putc
0033a5b8   _putchar
0033a5bd   __closefile
0033a5f9   _fclose
0033a60c   _InitSci
0033a60d   _InitSciGpio
0033a614   _InitSciaGpio
0033a62a   _InitScibGpio
0033a63e   _InitScicGpio
0033a654   _c_int00
0033a69a   _fseek
0033a6dd   _printf
0033a709   _atoi
0033a73a   _cpu_timer0_isr
0033a76a   _ltoa
0033a796   FD$$CMP
0033a7c0   L$$DIV
0033a7cf   L$$MOD
0033a7dd   UL$$DIV
0033a7e4   UL$$MOD
0033a7ea   _InitPieCtrl
0033a809   _EnableInterrupts
0033a812   FD$$TOI
0033a833   ___memcpy_ff
0033a854   _InitPieVectTable
0033a874   FD$$TOL
0033a893   _strncpy
0033a8b2   LL$$CMP
0033a8c4   ULL$$CMP
0033a8d0   FS$$TOFD
0033a8ec   L$$TOFD
0033a908   __args_main
0033a921   C$$EXIT
0033a921   _abort
0033a923   _exit
0033a93a   _InitAdc
0033a94e   LL$$MPY
0033a962   _memccpy
0033a974   _handleCAN_init
0033a975   _handleCAN_update
0033a983   FD$$SUB
0033a991   _memchr
0033a99e   _strchr
0033a9aa   _strcmp
0033a9b4   _strlen
0033a9be   __register_unlock
0033a9c2   __register_lock
0033a9c6   __nop
0033a9c7   FD$$NEG
0033a9d0   _strcpy
0033a9e1   _memset
0033a9e8   _Tasks_Init
0033a9ef   _remove
0033a9f2   _newTask_init
0033a9f3   _newTask_update
0033a9f4   ___cinit__
0033a9f4   ___etext__
0033a9f4   cinit
0033a9f4   etext
0033af22   __ctypes_
0033b023   _numRxCANMsgs
0033b024   _PieVectTableInit
0033b180   _numTxCANMsgs
0033b181   _tasksInSchedule
0033fff6   code_start
0033fff8   _CsmPwl
00380080   _ADC_cal
00380090   _PartIdRegs
ffffffff   ___binit__
ffffffff   ___c_args__
ffffffff   ___pinit__
ffffffff   binit
ffffffff   pinit

[349 symbols]
