******************************************************************************
             TMS320C2000 Linker PC v6.1.0                      
******************************************************************************
>> Linked Mon Aug 05 11:50:58 2013

OUTPUT FILE NAME:   <Example_2833xCpuTimer.out>
ENTRY POINT SYMBOL: "code_start"  address: 0033fff6


MEMORY CONFIGURATION

         name            origin    length      used     unused   attr    fill
----------------------  --------  ---------  --------  --------  ----  --------
PAGE 0:
  ZONE0                 00004000   00001000  00000000  00001000  RWIX
  RAML0                 00008000   00001000  0000001f  00000fe1  RWIX
  RAML1                 00009000   00001000  00000000  00001000  RWIX
  RAML2                 0000a000   00001000  00000000  00001000  RWIX
  RAML3                 0000b000   00001000  00000000  00001000  RWIX
  ZONE6                 00100000   00100000  00000000  00100000  RWIX
  ZONE7A                00200000   0000fc00  00000000  0000fc00  RWIX
  FLASHH                00300000   00008000  00000000  00008000  RWIX
  FLASHG                00308000   00008000  00000000  00008000  RWIX
  FLASHF                00310000   00008000  00000000  00008000  RWIX
  FLASHE                00318000   00008000  00000000  00008000  RWIX
  FLASHD                00320000   00008000  0000001f  00007fe1  RWIX
  FLASHC                00328000   00008000  00000000  00008000  RWIX
  FLASHA                00338000   00007f80  00001806  0000677a  RWIX
  CSM_RSVD              0033ff80   00000076  00000000  00000076  RWIX
  BEGIN                 0033fff6   00000002  00000002  00000000  RWIX
  CSM_PWL               0033fff8   00000008  00000000  00000008  RWIX
  ADC_CAL               00380080   00000009  00000007  00000002  RWIX
  OTP                   00380400   00000400  00000000  00000400  RWIX
  IQTABLES              003fe000   00000b50  00000000  00000b50  RWIX
  IQTABLES2             003feb50   0000008c  00000000  0000008c  RWIX
  FPUTABLES             003febdc   000006a0  00000000  000006a0  RWIX
  ROM                   003ff27c   00000d44  00000000  00000d44  RWIX
  RESET                 003fffc0   00000002  00000000  00000002  RWIX
  VECTORS               003fffc2   0000003e  00000000  0000003e  RWIX

PAGE 1:
  BOOT_RSVD             00000000   00000050  00000000  00000050  RWIX
  RAMM0                 00000050   000003b0  00000000  000003b0  RWIX
  RAMM1                 00000400   00000400  00000200  00000200  RWIX
  DEV_EMU               00000880   00000180  000000d0  000000b0  RWIX
  FLASH_REGS            00000a80   00000060  00000008  00000058  RWIX
  CSM                   00000ae0   00000010  00000010  00000000  RWIX
  ADC_MIRROR            00000b00   00000010  00000010  00000000  RWIX
  XINTF                 00000b20   00000020  0000001e  00000002  RWIX
  CPU_TIMER0            00000c00   00000008  00000008  00000000  RWIX
  CPU_TIMER1            00000c08   00000008  00000008  00000000  RWIX
  CPU_TIMER2            00000c10   00000008  00000008  00000000  RWIX
  PIE_CTRL              00000ce0   00000020  0000001a  00000006  RWIX
  PIE_VECT              00000d00   00000100  00000100  00000000  RWIX
  DMA                   00001000   00000200  000000e0  00000120  RWIX
  MCBSPA                00005000   00000040  00000025  0000001b  RWIX
  MCBSPB                00005040   00000040  00000025  0000001b  RWIX
  ECANA                 00006000   00000040  00000034  0000000c  RWIX
  ECANA_LAM             00006040   00000040  00000040  00000000  RWIX
  ECANA_MOTS            00006080   00000040  00000040  00000000  RWIX
  ECANA_MOTO            000060c0   00000040  00000040  00000000  RWIX
  ECANA_MBOX            00006100   00000100  00000100  00000000  RWIX
  ECANB                 00006200   00000040  00000034  0000000c  RWIX
  ECANB_LAM             00006240   00000040  00000040  00000000  RWIX
  ECANB_MOTS            00006280   00000040  00000040  00000000  RWIX
  ECANB_MOTO            000062c0   00000040  00000040  00000000  RWIX
  ECANB_MBOX            00006300   00000100  00000100  00000000  RWIX
  EPWM1                 00006800   00000022  00000022  00000000  RWIX
  EPWM2                 00006840   00000022  00000022  00000000  RWIX
  EPWM3                 00006880   00000022  00000022  00000000  RWIX
  EPWM4                 000068c0   00000022  00000022  00000000  RWIX
  EPWM5                 00006900   00000022  00000022  00000000  RWIX
  EPWM6                 00006940   00000022  00000022  00000000  RWIX
  ECAP1                 00006a00   00000020  00000020  00000000  RWIX
  ECAP2                 00006a20   00000020  00000020  00000000  RWIX
  ECAP3                 00006a40   00000020  00000020  00000000  RWIX
  ECAP4                 00006a60   00000020  00000020  00000000  RWIX
  ECAP5                 00006a80   00000020  00000020  00000000  RWIX
  ECAP6                 00006aa0   00000020  00000020  00000000  RWIX
  EQEP1                 00006b00   00000040  00000040  00000000  RWIX
  EQEP2                 00006b40   00000040  00000040  00000000  RWIX
  GPIOCTRL              00006f80   00000040  0000002e  00000012  RWIX
  GPIODAT               00006fc0   00000020  00000020  00000000  RWIX
  GPIOINT               00006fe0   00000020  0000000a  00000016  RWIX
  SYSTEM                00007010   00000020  00000020  00000000  RWIX
  SPIA                  00007040   00000010  00000010  00000000  RWIX
  SCIA                  00007050   00000010  00000010  00000000  RWIX
  XINTRUPT              00007070   00000010  00000010  00000000  RWIX
  ADC                   00007100   00000020  0000001e  00000002  RWIX
  SCIB                  00007750   00000010  00000010  00000000  RWIX
  SCIC                  00007770   00000010  00000010  00000000  RWIX
  I2CA                  00007900   00000040  00000022  0000001e  RWIX
  RAML4                 0000c000   00001000  00000b06  000004fa  RWIX
  RAML5                 0000d000   00001000  00000000  00001000  RWIX
  RAML6                 0000e000   00001000  00000000  00001000  RWIX
  RAML7                 0000f000   00001000  00000000  00001000  RWIX
  ZONE7B                0020fc00   00000400  00000000  00000400  RWIX
  FLASHB                00330000   00008000  00000000  00008000  RWIX
  CSM_PWL               0033fff8   00000008  00000008  00000000  RWIX
  PARTID                00380090   00000001  00000001  00000000  RWIX


SECTION ALLOCATION MAP

 output                                  attributes/
section   page    origin      length       input sections
--------  ----  ----------  ----------   ----------------
.pinit     0    00338000    00000000     UNINITIALIZED

ramfuncs   0    00320000    0000001f     RUN ADDR = 00008000
                  00320000    0000001b     DSP2833x_SysCtrl.obj (ramfuncs)
                  0032001b    00000004     DSP2833x_usDelay.obj (ramfuncs)

.text      0    00338000    0000138f     
                  00338000    0000057e     CAN.obj (.text)
                  0033857e    00000316     DSP2833x_DefaultIsr.obj (.text:retain)
                  00338894    00000251     controlSCI.obj (.text)
                  00338ae5    000001ac     ADC.obj (.text)
                  00338c91    00000132     DSP2833x_ECan.obj (.text)
                  00338dc3    000000f3     DSP2833x_SysCtrl.obj (.text)
                  00338eb6    000000e3     receiveCAN.obj (.text)
                  00338f99    000000ab     scheduler.obj (.text)
                  00339044    0000009a     sendCAN.obj (.text)
                  003390de    00000074     DSP2833x_CpuTimers.obj (.text)
                  00339152    00000067     SCI.obj (.text)
                  003391b9    00000056     TT_Main.obj (.text)
                  0033920f    00000048     DSP2833x_Sci.obj (.text)
                  00339257    00000046     rts2800_fpu32.lib : boot.obj (.text)
                  0033929d    00000030     TT_Main.obj (.text:retain)
                  003392cd    00000028     DSP2833x_PieCtrl.obj (.text)
                  003392f5    00000020     DSP2833x_PieVect.obj (.text)
                  00339315    00000019     rts2800_fpu32.lib : args_main.obj (.text)
                  0033932e    00000019                       : exit.obj (.text)
                  00339347    00000014     DSP2833x_Adc.obj (.text)
                  0033935b    0000000f     handleCAN.obj (.text)
                  0033936a    0000000b     rts2800_fpu32.lib : u_div.obj (.text)
                  00339375    00000009                       : _lock.obj (.text)
                  0033937e    00000008     DSP2833x_CodeStartBranch.obj (.text)
                  00339386    00000007     schedulerConfig.obj (.text)
                  0033938d    00000002     newTask.obj (.text)

.cinit     0    0033938f    0000034f     
                  0033938f    0000028c     CAN.obj (.cinit)
                  0033961b    0000004b     ADC.obj (.cinit)
                  00339666    00000019     CAN_Tx_global.obj (.cinit)
                  0033967f    00000014     controlSCI.obj (.cinit)
                  00339693    00000014     schedulerConfig.obj (.cinit)
                  003396a7    0000000c     CAN_Rx_global.obj (.cinit)
                  003396b3    0000000a     rts2800_fpu32.lib : _lock.obj (.cinit)
                  003396bd    0000000a                       : exit.obj (.cinit)
                  003396c7    00000009     receiveCAN.obj (.cinit)
                  003396d0    00000008     scheduler.obj (.cinit)
                  003396d8    00000004     SCI.obj (.cinit)
                  003396dc    00000002     --HOLE-- [fill = 0]

.econst    0    003396de    00000108     
                  003396de    00000100     DSP2833x_PieVect.obj (.econst)
                  003397de    00000004     CAN.obj (.econst:_$P$T0$1)
                  003397e2    00000002     CAN.obj (.econst)
                  003397e4    00000001     CAN_Tx_global.obj (.econst)
                  003397e5    00000001     schedulerConfig.obj (.econst)

.switch    0    003397e6    00000020     
                  003397e6    00000020     ADC.obj (.switch:_ADC_ConfigurePort)

codestart 
*          0    0033fff6    00000002     
                  0033fff6    00000002     DSP2833x_CodeStartBranch.obj (codestart)

.adc_cal   0    00380080    00000007     NOLOAD SECTION
                  00380080    00000007     DSP2833x_ADC_cal.obj (.adc_cal)

.reset     0    003fffc0    00000002     DSECT
                  003fffc0    00000002     rts2800_fpu32.lib : boot.obj (.reset)

vectors    0    003fffc2    00000000     DSECT

.stack     1    00000400    00000200     UNINITIALIZED
                  00000400    00000200     --HOLE--

DevEmuRegsFile 
*          1    00000880    000000d0     UNINITIALIZED
                  00000880    000000d0     DSP2833x_GlobalVariableDefs.obj (DevEmuRegsFile)

FlashRegsFile 
*          1    00000a80    00000008     UNINITIALIZED
                  00000a80    00000008     DSP2833x_GlobalVariableDefs.obj (FlashRegsFile)

CsmRegsFile 
*          1    00000ae0    00000010     UNINITIALIZED
                  00000ae0    00000010     DSP2833x_GlobalVariableDefs.obj (CsmRegsFile)

AdcMirrorFile 
*          1    00000b00    00000010     UNINITIALIZED
                  00000b00    00000010     DSP2833x_GlobalVariableDefs.obj (AdcMirrorFile)

XintfRegsFile 
*          1    00000b20    0000001e     UNINITIALIZED
                  00000b20    0000001e     DSP2833x_GlobalVariableDefs.obj (XintfRegsFile)

CpuTimer0RegsFile 
*          1    00000c00    00000008     UNINITIALIZED
                  00000c00    00000008     DSP2833x_GlobalVariableDefs.obj (CpuTimer0RegsFile)

CpuTimer1RegsFile 
*          1    00000c08    00000008     UNINITIALIZED
                  00000c08    00000008     DSP2833x_GlobalVariableDefs.obj (CpuTimer1RegsFile)

CpuTimer2RegsFile 
*          1    00000c10    00000008     UNINITIALIZED
                  00000c10    00000008     DSP2833x_GlobalVariableDefs.obj (CpuTimer2RegsFile)

PieCtrlRegsFile 
*          1    00000ce0    0000001a     UNINITIALIZED
                  00000ce0    0000001a     DSP2833x_GlobalVariableDefs.obj (PieCtrlRegsFile)

PieVectTableFile 
*          1    00000d00    00000100     UNINITIALIZED
                  00000d00    00000100     DSP2833x_GlobalVariableDefs.obj (PieVectTableFile)

DmaRegsFile 
*          1    00001000    000000e0     UNINITIALIZED
                  00001000    000000e0     DSP2833x_GlobalVariableDefs.obj (DmaRegsFile)

McbspaRegsFile 
*          1    00005000    00000025     UNINITIALIZED
                  00005000    00000025     DSP2833x_GlobalVariableDefs.obj (McbspaRegsFile)

McbspbRegsFile 
*          1    00005040    00000025     UNINITIALIZED
                  00005040    00000025     DSP2833x_GlobalVariableDefs.obj (McbspbRegsFile)

ECanaRegsFile 
*          1    00006000    00000034     UNINITIALIZED
                  00006000    00000034     DSP2833x_GlobalVariableDefs.obj (ECanaRegsFile)

ECanaLAMRegsFile 
*          1    00006040    00000040     UNINITIALIZED
                  00006040    00000040     DSP2833x_GlobalVariableDefs.obj (ECanaLAMRegsFile)

ECanaMOTSRegsFile 
*          1    00006080    00000040     UNINITIALIZED
                  00006080    00000040     DSP2833x_GlobalVariableDefs.obj (ECanaMOTSRegsFile)

ECanaMOTORegsFile 
*          1    000060c0    00000040     UNINITIALIZED
                  000060c0    00000040     DSP2833x_GlobalVariableDefs.obj (ECanaMOTORegsFile)

ECanaMboxesFile 
*          1    00006100    00000100     UNINITIALIZED
                  00006100    00000100     DSP2833x_GlobalVariableDefs.obj (ECanaMboxesFile)

ECanbRegsFile 
*          1    00006200    00000034     UNINITIALIZED
                  00006200    00000034     DSP2833x_GlobalVariableDefs.obj (ECanbRegsFile)

ECanbLAMRegsFile 
*          1    00006240    00000040     UNINITIALIZED
                  00006240    00000040     DSP2833x_GlobalVariableDefs.obj (ECanbLAMRegsFile)

ECanbMOTSRegsFile 
*          1    00006280    00000040     UNINITIALIZED
                  00006280    00000040     DSP2833x_GlobalVariableDefs.obj (ECanbMOTSRegsFile)

ECanbMOTORegsFile 
*          1    000062c0    00000040     UNINITIALIZED
                  000062c0    00000040     DSP2833x_GlobalVariableDefs.obj (ECanbMOTORegsFile)

ECanbMboxesFile 
*          1    00006300    00000100     UNINITIALIZED
                  00006300    00000100     DSP2833x_GlobalVariableDefs.obj (ECanbMboxesFile)

EPwm1RegsFile 
*          1    00006800    00000022     UNINITIALIZED
                  00006800    00000022     DSP2833x_GlobalVariableDefs.obj (EPwm1RegsFile)

EPwm2RegsFile 
*          1    00006840    00000022     UNINITIALIZED
                  00006840    00000022     DSP2833x_GlobalVariableDefs.obj (EPwm2RegsFile)

EPwm3RegsFile 
*          1    00006880    00000022     UNINITIALIZED
                  00006880    00000022     DSP2833x_GlobalVariableDefs.obj (EPwm3RegsFile)

EPwm4RegsFile 
*          1    000068c0    00000022     UNINITIALIZED
                  000068c0    00000022     DSP2833x_GlobalVariableDefs.obj (EPwm4RegsFile)

EPwm5RegsFile 
*          1    00006900    00000022     UNINITIALIZED
                  00006900    00000022     DSP2833x_GlobalVariableDefs.obj (EPwm5RegsFile)

EPwm6RegsFile 
*          1    00006940    00000022     UNINITIALIZED
                  00006940    00000022     DSP2833x_GlobalVariableDefs.obj (EPwm6RegsFile)

ECap1RegsFile 
*          1    00006a00    00000020     UNINITIALIZED
                  00006a00    00000020     DSP2833x_GlobalVariableDefs.obj (ECap1RegsFile)

ECap2RegsFile 
*          1    00006a20    00000020     UNINITIALIZED
                  00006a20    00000020     DSP2833x_GlobalVariableDefs.obj (ECap2RegsFile)

ECap3RegsFile 
*          1    00006a40    00000020     UNINITIALIZED
                  00006a40    00000020     DSP2833x_GlobalVariableDefs.obj (ECap3RegsFile)

ECap4RegsFile 
*          1    00006a60    00000020     UNINITIALIZED
                  00006a60    00000020     DSP2833x_GlobalVariableDefs.obj (ECap4RegsFile)

ECap5RegsFile 
*          1    00006a80    00000020     UNINITIALIZED
                  00006a80    00000020     DSP2833x_GlobalVariableDefs.obj (ECap5RegsFile)

ECap6RegsFile 
*          1    00006aa0    00000020     UNINITIALIZED
                  00006aa0    00000020     DSP2833x_GlobalVariableDefs.obj (ECap6RegsFile)

EQep1RegsFile 
*          1    00006b00    00000040     UNINITIALIZED
                  00006b00    00000040     DSP2833x_GlobalVariableDefs.obj (EQep1RegsFile)

EQep2RegsFile 
*          1    00006b40    00000040     UNINITIALIZED
                  00006b40    00000040     DSP2833x_GlobalVariableDefs.obj (EQep2RegsFile)

GpioCtrlRegsFile 
*          1    00006f80    0000002e     UNINITIALIZED
                  00006f80    0000002e     DSP2833x_GlobalVariableDefs.obj (GpioCtrlRegsFile)

GpioDataRegsFile 
*          1    00006fc0    00000020     UNINITIALIZED
                  00006fc0    00000020     DSP2833x_GlobalVariableDefs.obj (GpioDataRegsFile)

GpioIntRegsFile 
*          1    00006fe0    0000000a     UNINITIALIZED
                  00006fe0    0000000a     DSP2833x_GlobalVariableDefs.obj (GpioIntRegsFile)

SysCtrlRegsFile 
*          1    00007010    00000020     UNINITIALIZED
                  00007010    00000020     DSP2833x_GlobalVariableDefs.obj (SysCtrlRegsFile)

SpiaRegsFile 
*          1    00007040    00000010     UNINITIALIZED
                  00007040    00000010     DSP2833x_GlobalVariableDefs.obj (SpiaRegsFile)

SciaRegsFile 
*          1    00007050    00000010     UNINITIALIZED
                  00007050    00000010     DSP2833x_GlobalVariableDefs.obj (SciaRegsFile)

XIntruptRegsFile 
*          1    00007070    00000010     UNINITIALIZED
                  00007070    00000010     DSP2833x_GlobalVariableDefs.obj (XIntruptRegsFile)

AdcRegsFile 
*          1    00007100    0000001e     UNINITIALIZED
                  00007100    0000001e     DSP2833x_GlobalVariableDefs.obj (AdcRegsFile)

ScibRegsFile 
*          1    00007750    00000010     UNINITIALIZED
                  00007750    00000010     DSP2833x_GlobalVariableDefs.obj (ScibRegsFile)

ScicRegsFile 
*          1    00007770    00000010     UNINITIALIZED
                  00007770    00000010     DSP2833x_GlobalVariableDefs.obj (ScicRegsFile)

I2caRegsFile 
*          1    00007900    00000022     UNINITIALIZED
                  00007900    00000022     DSP2833x_GlobalVariableDefs.obj (I2caRegsFile)

.ebss      1    0000c000    00000b06     UNINITIALIZED
                  0000c000    00000440     CAN_Rx_global.obj (.ebss)
                  0000c440    0000032c     controlSCI.obj (.ebss)
                  0000c76c    00000012     schedulerConfig.obj (.ebss)
                  0000c77e    00000002     TT_Main.obj (.ebss)
                  0000c780    000002c4     CAN.obj (.ebss)
                  0000ca44    0000001a     CAN_Tx_global.obj (.ebss)
                  0000ca5e    00000018     DSP2833x_CpuTimers.obj (.ebss)
                  0000ca76    00000004     receiveCAN.obj (.ebss)
                  0000ca7a    00000004     rts2800_fpu32.lib : _lock.obj (.ebss)
                  0000ca7e    00000002     scheduler.obj (.ebss)
                  0000ca80    00000080     ADC.obj (.ebss)
                  0000cb00    00000004     rts2800_fpu32.lib : exit.obj (.ebss)
                  0000cb04    00000001     SCI.obj (.ebss)
                  0000cb05    00000001     sendCAN.obj (.ebss)

CsmPwlFile 
*          1    0033fff8    00000008     UNINITIALIZED
                  0033fff8    00000008     DSP2833x_GlobalVariableDefs.obj (CsmPwlFile)

PartIdRegsFile 
*          1    00380090    00000001     UNINITIALIZED
                  00380090    00000001     DSP2833x_GlobalVariableDefs.obj (PartIdRegsFile)


GLOBAL SYMBOLS: SORTED ALPHABETICALLY BY Name 

address    name
--------   ----
00338000   .text
0033932e   C$$EXIT
0033936a   U$$DIV
0033936f   U$$MOD
00338664   _ADCINT_ISR
00338c44   _ADC_CheckPortState
00338b15   _ADC_ConfigurePort
00338ae5   _ADC_Init
00338c54   _ADC_ReadPort
00338c76   _ADC_ResetPorts
00338af0   _ADC_Start
00338bf1   _ADC_UpdateState
00380080   _ADC_cal
00000b00   _AdcMirror
00007100   _AdcRegs
0000cb05   _CANTimer
0033907c   _CANTx_clearAll
00338000   _CAN_Init
0000c7c0   _CAN_Ports
0000c140   _CAN_RxMessages
00338013   _CAN_Test
0000ca44   _CAN_TxMessages
00339117   _ConfigCpuTimer
0000ca6e   _CpuTimer0
00000c00   _CpuTimer0Regs
0000ca5e   _CpuTimer1
00000c08   _CpuTimer1Regs
0000ca66   _CpuTimer2
00000c10   _CpuTimer2Regs
0033fff8   _CsmPwl
00000ae0   _CsmRegs
00338e85   _CsmUnlock
00338592   _DATALOG_ISR
00338786   _DINTCH1_ISR
00338790   _DINTCH2_ISR
0033879a   _DINTCH3_ISR
003387a4   _DINTCH4_ISR
003387ae   _DINTCH5_ISR
003387b8   _DINTCH6_ISR
0000801b   _DSP28x_usDelay
00000880   _DevEmuRegs
00338dd6   _DisableDog
00001000   _DmaRegs
00338812   _ECAN0INTA_ISR
00338826   _ECAN0INTB_ISR
0033881c   _ECAN1INTA_ISR
00338830   _ECAN1INTB_ISR
003386fa   _ECAP1_INT_ISR
00338704   _ECAP2_INT_ISR
0033870e   _ECAP3_INT_ISR
00338718   _ECAP4_INT_ISR
00338722   _ECAP5_INT_ISR
0033872c   _ECAP6_INT_ISR
00006040   _ECanaLAMRegs
000060c0   _ECanaMOTORegs
00006080   _ECanaMOTSRegs
00006100   _ECanaMboxes
00006000   _ECanaRegs
00006240   _ECanbLAMRegs
000062c0   _ECanbMOTORegs
00006280   _ECanbMOTSRegs
00006300   _ECanbMboxes
00006200   _ECanbRegs
00006a00   _ECap1Regs
00006a20   _ECap2Regs
00006a40   _ECap3Regs
00006a60   _ECap4Regs
00006a80   _ECap5Regs
00006aa0   _ECap6Regs
003385a6   _EMUINT_ISR
003386be   _EPWM1_INT_ISR
00338682   _EPWM1_TZINT_ISR
003386c8   _EPWM2_INT_ISR
0033868c   _EPWM2_TZINT_ISR
003386d2   _EPWM3_INT_ISR
00338696   _EPWM3_TZINT_ISR
003386dc   _EPWM4_INT_ISR
003386a0   _EPWM4_TZINT_ISR
003386e6   _EPWM5_INT_ISR
003386aa   _EPWM5_TZINT_ISR
003386f0   _EPWM6_INT_ISR
003386b4   _EPWM6_TZINT_ISR
00006800   _EPwm1Regs
00006840   _EPwm2Regs
00006880   _EPwm3Regs
000068c0   _EPwm4Regs
00006900   _EPwm5Regs
00006940   _EPwm6Regs
00338736   _EQEP1_INT_ISR
00338740   _EQEP2_INT_ISR
00006b00   _EQep1Regs
00006b40   _EQep2Regs
003392ec   _EnableInterrupts
00000a80   _FlashRegs
00006f80   _GpioCtrlRegs
00006fc0   _GpioDataRegs
00006fe0   _GpioIntRegs
003387c2   _I2CINT1A_ISR
003387cc   _I2CINT2A_ISR
00007900   _I2caRegs
003385ba   _ILLEGAL_ISR
0033857e   _INT13_ISR
00338588   _INT14_ISR
00339347   _InitAdc
00338474   _InitCanA
003384f9   _InitCanB
003390de   _InitCpuTimers
00338c91   _InitECan
00338d94   _InitECanGpio
00338c96   _InitECana
00338d99   _InitECanaGpio
00338d15   _InitECanb
00338daf   _InitECanbGpio
00008000   _InitFlash
00338e2a   _InitPeripheralClocks
003392cd   _InitPieCtrl
003392f5   _InitPieVectTable
00338dde   _InitPll
0033920f   _InitSci
00339210   _InitSciGpio
00339217   _InitSciaGpio
0033922d   _InitScibGpio
00339241   _InitScicGpio
00338dc3   _InitSysCtrl
00338876   _LUF_ISR
0033886c   _LVF_ISR
00338772   _MRINTA_ISR
0033875e   _MRINTB_ISR
0033877c   _MXINTA_ISR
00338768   _MXINTB_ISR
00005000   _McbspaRegs
00005040   _McbspbRegs
003385b0   _NMI_ISR
00338880   _PIE_RESERVED
00380090   _PartIdRegs
00000ce0   _PieCtrlRegs
00000d00   _PieVectTable
003396de   _PieVectTableInit
0033859c   _RTOSINT_ISR
0032001f   _RamfuncsLoadEnd
00320000   _RamfuncsLoadStart
00008000   _RamfuncsRunStart
003387ea   _SCIRXINTA_ISR
003387fe   _SCIRXINTB_ISR
003387d6   _SCIRXINTC_ISR
003387f4   _SCITXINTA_ISR
00338808   _SCITXINTB_ISR
003387e0   _SCITXINTC_ISR
0033863c   _SEQ1INT_ISR
00338646   _SEQ2INT_ISR
0033874a   _SPIRXINTA_ISR
00338754   _SPITXINTA_ISR
00007050   _SciaRegs
00007750   _ScibRegs
00007770   _ScicRegs
00338dcc   _ServiceDog
00007040   _SpiaRegs
00007010   _SysCtrlRegs
0033866e   _TINT0_ISR
0000c76c   _Tasks
00339386   _Tasks_Init
0033861e   _USER10_ISR
00338628   _USER11_ISR
00338632   _USER12_ISR
003385c4   _USER1_ISR
003385ce   _USER2_ISR
003385d8   _USER3_ISR
003385e2   _USER4_ISR
003385ec   _USER5_ISR
003385f6   _USER6_ISR
00338600   _USER7_ISR
0033860a   _USER8_ISR
00338614   _USER9_ISR
00338678   _WAKEINT_ISR
00338650   _XINT1_ISR
0033865a   _XINT2_ISR
0033883a   _XINT3_ISR
00338844   _XINT4_ISR
0033884e   _XINT5_ISR
00338858   _XINT6_ISR
00338862   _XINT7_ISR
00007070   _XIntruptRegs
00000b20   _XintfRegs
00000600   __STACK_END
00000200   __STACK_SIZE
00000001   __TI_args_main
ffffffff   ___binit__
ffffffff   ___c_args__
0033938f   ___cinit__
0033938f   ___etext__
ffffffff   ___pinit__
00338000   ___text__
00339315   __args_main
0000cb00   __cleanup_ptr
0000cb02   __dtors_ptr
0000ca7c   __lock
0033937d   __nop
00339379   __register_lock
00339375   __register_unlock
00000400   __stack
0000ca7a   __unlock
0033932e   _abort
0000cac0   _adcPorts
00338a72   _buildSequence
00339257   _c_int00
0000ca46   _canData_Tx_651
0000ca4a   _canData_Tx_7AB
0000ca56   _canMessage_Tx_651
0000ca4e   _canMessage_Tx_7AB
00338453   _checkMailboxState
00338291   _commitSendMailbox
00338079   _configureRxMailbox
00338164   _configureTxMailbox
00338894   _controlSCI_init
0033889b   _controlSCI_update
003391d1   _cpuInit
0033929d   _cpu_timer0_isr
00339330   _exit
0000c000   _filterSize_G
0000c540   _filtermap
0033804d   _findMailbox
0033806c   _getCANErrors
00338463   _getMailboxID
00339041   _goIdle
0033920e   _gpioInit
0033935b   _handleCAN_init
0033935c   _handleCAN_update
0000c782   _i
0033903b   _interruptDisable
00339031   _interruptEnable
0033822d   _loadTxMailbox
0000c480   _loggingList
0000c780   _loopcount
0000c040   _mailBoxFilters
003391b9   _main
0033938d   _newTask_init
0033938e   _newTask_update
0000c001   _numRxCANMsgs_G
003397e4   _numTxCANMsgs
0000ca81   _portState_Master
003382bc   _readRxMailbox
00338eb6   _receiveCAN_init
00338eb7   _receiveCAN_update
0033888a   _rsvd_ISR
0000c441   _rxbufferSize
00338f99   _scheduler_Init
00338fae   _scheduler_onTick
00338fea   _scheduler_taskDispatcher
003391b1   _scia_fifo_init
00339152   _scia_init
00339173   _scia_msg
00339198   _scia_msgTT
00339167   _scia_xmit
00339188   _scia_xmitTT
00339044   _sendCAN_init
00339059   _sendCAN_update
003397e5   _tasksInSchedule
0000c77e   _tickCount_G
003391f4   _timerStart
00338f14   _updateFilter
00338353   _updateMailboxes
0000c002   _updateSequenceRequired_G
ffffffff   binit
0033938f   cinit
0033fff6   code_start
0033938f   etext
ffffffff   pinit


GLOBAL SYMBOLS: SORTED BY Symbol Address 

address    name
--------   ----
00000001   __TI_args_main
00000200   __STACK_SIZE
00000400   __stack
00000600   __STACK_END
00000880   _DevEmuRegs
00000a80   _FlashRegs
00000ae0   _CsmRegs
00000b00   _AdcMirror
00000b20   _XintfRegs
00000c00   _CpuTimer0Regs
00000c08   _CpuTimer1Regs
00000c10   _CpuTimer2Regs
00000ce0   _PieCtrlRegs
00000d00   _PieVectTable
00001000   _DmaRegs
00005000   _McbspaRegs
00005040   _McbspbRegs
00006000   _ECanaRegs
00006040   _ECanaLAMRegs
00006080   _ECanaMOTSRegs
000060c0   _ECanaMOTORegs
00006100   _ECanaMboxes
00006200   _ECanbRegs
00006240   _ECanbLAMRegs
00006280   _ECanbMOTSRegs
000062c0   _ECanbMOTORegs
00006300   _ECanbMboxes
00006800   _EPwm1Regs
00006840   _EPwm2Regs
00006880   _EPwm3Regs
000068c0   _EPwm4Regs
00006900   _EPwm5Regs
00006940   _EPwm6Regs
00006a00   _ECap1Regs
00006a20   _ECap2Regs
00006a40   _ECap3Regs
00006a60   _ECap4Regs
00006a80   _ECap5Regs
00006aa0   _ECap6Regs
00006b00   _EQep1Regs
00006b40   _EQep2Regs
00006f80   _GpioCtrlRegs
00006fc0   _GpioDataRegs
00006fe0   _GpioIntRegs
00007010   _SysCtrlRegs
00007040   _SpiaRegs
00007050   _SciaRegs
00007070   _XIntruptRegs
00007100   _AdcRegs
00007750   _ScibRegs
00007770   _ScicRegs
00007900   _I2caRegs
00008000   _InitFlash
00008000   _RamfuncsRunStart
0000801b   _DSP28x_usDelay
0000c000   _filterSize_G
0000c001   _numRxCANMsgs_G
0000c002   _updateSequenceRequired_G
0000c040   _mailBoxFilters
0000c140   _CAN_RxMessages
0000c441   _rxbufferSize
0000c480   _loggingList
0000c540   _filtermap
0000c76c   _Tasks
0000c77e   _tickCount_G
0000c780   _loopcount
0000c782   _i
0000c7c0   _CAN_Ports
0000ca44   _CAN_TxMessages
0000ca46   _canData_Tx_651
0000ca4a   _canData_Tx_7AB
0000ca4e   _canMessage_Tx_7AB
0000ca56   _canMessage_Tx_651
0000ca5e   _CpuTimer1
0000ca66   _CpuTimer2
0000ca6e   _CpuTimer0
0000ca7a   __unlock
0000ca7c   __lock
0000ca81   _portState_Master
0000cac0   _adcPorts
0000cb00   __cleanup_ptr
0000cb02   __dtors_ptr
0000cb05   _CANTimer
00320000   _RamfuncsLoadStart
0032001f   _RamfuncsLoadEnd
00338000   .text
00338000   _CAN_Init
00338000   ___text__
00338013   _CAN_Test
0033804d   _findMailbox
0033806c   _getCANErrors
00338079   _configureRxMailbox
00338164   _configureTxMailbox
0033822d   _loadTxMailbox
00338291   _commitSendMailbox
003382bc   _readRxMailbox
00338353   _updateMailboxes
00338453   _checkMailboxState
00338463   _getMailboxID
00338474   _InitCanA
003384f9   _InitCanB
0033857e   _INT13_ISR
00338588   _INT14_ISR
00338592   _DATALOG_ISR
0033859c   _RTOSINT_ISR
003385a6   _EMUINT_ISR
003385b0   _NMI_ISR
003385ba   _ILLEGAL_ISR
003385c4   _USER1_ISR
003385ce   _USER2_ISR
003385d8   _USER3_ISR
003385e2   _USER4_ISR
003385ec   _USER5_ISR
003385f6   _USER6_ISR
00338600   _USER7_ISR
0033860a   _USER8_ISR
00338614   _USER9_ISR
0033861e   _USER10_ISR
00338628   _USER11_ISR
00338632   _USER12_ISR
0033863c   _SEQ1INT_ISR
00338646   _SEQ2INT_ISR
00338650   _XINT1_ISR
0033865a   _XINT2_ISR
00338664   _ADCINT_ISR
0033866e   _TINT0_ISR
00338678   _WAKEINT_ISR
00338682   _EPWM1_TZINT_ISR
0033868c   _EPWM2_TZINT_ISR
00338696   _EPWM3_TZINT_ISR
003386a0   _EPWM4_TZINT_ISR
003386aa   _EPWM5_TZINT_ISR
003386b4   _EPWM6_TZINT_ISR
003386be   _EPWM1_INT_ISR
003386c8   _EPWM2_INT_ISR
003386d2   _EPWM3_INT_ISR
003386dc   _EPWM4_INT_ISR
003386e6   _EPWM5_INT_ISR
003386f0   _EPWM6_INT_ISR
003386fa   _ECAP1_INT_ISR
00338704   _ECAP2_INT_ISR
0033870e   _ECAP3_INT_ISR
00338718   _ECAP4_INT_ISR
00338722   _ECAP5_INT_ISR
0033872c   _ECAP6_INT_ISR
00338736   _EQEP1_INT_ISR
00338740   _EQEP2_INT_ISR
0033874a   _SPIRXINTA_ISR
00338754   _SPITXINTA_ISR
0033875e   _MRINTB_ISR
00338768   _MXINTB_ISR
00338772   _MRINTA_ISR
0033877c   _MXINTA_ISR
00338786   _DINTCH1_ISR
00338790   _DINTCH2_ISR
0033879a   _DINTCH3_ISR
003387a4   _DINTCH4_ISR
003387ae   _DINTCH5_ISR
003387b8   _DINTCH6_ISR
003387c2   _I2CINT1A_ISR
003387cc   _I2CINT2A_ISR
003387d6   _SCIRXINTC_ISR
003387e0   _SCITXINTC_ISR
003387ea   _SCIRXINTA_ISR
003387f4   _SCITXINTA_ISR
003387fe   _SCIRXINTB_ISR
00338808   _SCITXINTB_ISR
00338812   _ECAN0INTA_ISR
0033881c   _ECAN1INTA_ISR
00338826   _ECAN0INTB_ISR
00338830   _ECAN1INTB_ISR
0033883a   _XINT3_ISR
00338844   _XINT4_ISR
0033884e   _XINT5_ISR
00338858   _XINT6_ISR
00338862   _XINT7_ISR
0033886c   _LVF_ISR
00338876   _LUF_ISR
00338880   _PIE_RESERVED
0033888a   _rsvd_ISR
00338894   _controlSCI_init
0033889b   _controlSCI_update
00338a72   _buildSequence
00338ae5   _ADC_Init
00338af0   _ADC_Start
00338b15   _ADC_ConfigurePort
00338bf1   _ADC_UpdateState
00338c44   _ADC_CheckPortState
00338c54   _ADC_ReadPort
00338c76   _ADC_ResetPorts
00338c91   _InitECan
00338c96   _InitECana
00338d15   _InitECanb
00338d94   _InitECanGpio
00338d99   _InitECanaGpio
00338daf   _InitECanbGpio
00338dc3   _InitSysCtrl
00338dcc   _ServiceDog
00338dd6   _DisableDog
00338dde   _InitPll
00338e2a   _InitPeripheralClocks
00338e85   _CsmUnlock
00338eb6   _receiveCAN_init
00338eb7   _receiveCAN_update
00338f14   _updateFilter
00338f99   _scheduler_Init
00338fae   _scheduler_onTick
00338fea   _scheduler_taskDispatcher
00339031   _interruptEnable
0033903b   _interruptDisable
00339041   _goIdle
00339044   _sendCAN_init
00339059   _sendCAN_update
0033907c   _CANTx_clearAll
003390de   _InitCpuTimers
00339117   _ConfigCpuTimer
00339152   _scia_init
00339167   _scia_xmit
00339173   _scia_msg
00339188   _scia_xmitTT
00339198   _scia_msgTT
003391b1   _scia_fifo_init
003391b9   _main
003391d1   _cpuInit
003391f4   _timerStart
0033920e   _gpioInit
0033920f   _InitSci
00339210   _InitSciGpio
00339217   _InitSciaGpio
0033922d   _InitScibGpio
00339241   _InitScicGpio
00339257   _c_int00
0033929d   _cpu_timer0_isr
003392cd   _InitPieCtrl
003392ec   _EnableInterrupts
003392f5   _InitPieVectTable
00339315   __args_main
0033932e   C$$EXIT
0033932e   _abort
00339330   _exit
00339347   _InitAdc
0033935b   _handleCAN_init
0033935c   _handleCAN_update
0033936a   U$$DIV
0033936f   U$$MOD
00339375   __register_unlock
00339379   __register_lock
0033937d   __nop
00339386   _Tasks_Init
0033938d   _newTask_init
0033938e   _newTask_update
0033938f   ___cinit__
0033938f   ___etext__
0033938f   cinit
0033938f   etext
003396de   _PieVectTableInit
003397e4   _numTxCANMsgs
003397e5   _tasksInSchedule
0033fff6   code_start
0033fff8   _CsmPwl
00380080   _ADC_cal
00380090   _PartIdRegs
ffffffff   ___binit__
ffffffff   ___c_args__
ffffffff   ___pinit__
ffffffff   binit
ffffffff   pinit

[267 symbols]
