******************************************************************************
             TMS320C2000 Linker PC v6.1.0                      
******************************************************************************
>> Linked Mon Jul 08 17:42:08 2013

OUTPUT FILE NAME:   <Example_2833xCpuTimer.out>
ENTRY POINT SYMBOL: "code_start"  address: 0033fff6


MEMORY CONFIGURATION

         name            origin    length      used     unused   attr    fill
----------------------  --------  ---------  --------  --------  ----  --------
PAGE 0:
  ZONE0                 00004000   00001000  00000000  00001000  RWIX
  RAML0                 00008000   00001000  0000001f  00000fe1  RWIX
  RAML1                 00009000   00001000  00000000  00001000  RWIX
  RAML2                 0000a000   00001000  00000000  00001000  RWIX
  RAML3                 0000b000   00001000  00000000  00001000  RWIX
  ZONE6                 00100000   00100000  00000000  00100000  RWIX
  ZONE7A                00200000   0000fc00  00000000  0000fc00  RWIX
  FLASHH                00300000   00008000  00000000  00008000  RWIX
  FLASHG                00308000   00008000  00000000  00008000  RWIX
  FLASHF                00310000   00008000  00000000  00008000  RWIX
  FLASHE                00318000   00008000  00000000  00008000  RWIX
  FLASHD                00320000   00008000  0000001f  00007fe1  RWIX
  FLASHC                00328000   00008000  00000000  00008000  RWIX
  FLASHA                00338000   00007f80  00003188  00004df8  RWIX
  CSM_RSVD              0033ff80   00000076  00000000  00000076  RWIX
  BEGIN                 0033fff6   00000002  00000002  00000000  RWIX
  CSM_PWL               0033fff8   00000008  00000000  00000008  RWIX
  ADC_CAL               00380080   00000009  00000007  00000002  RWIX
  OTP                   00380400   00000400  00000000  00000400  RWIX
  IQTABLES              003fe000   00000b50  00000000  00000b50  RWIX
  IQTABLES2             003feb50   0000008c  00000000  0000008c  RWIX
  FPUTABLES             003febdc   000006a0  00000000  000006a0  RWIX
  ROM                   003ff27c   00000d44  00000000  00000d44  RWIX
  RESET                 003fffc0   00000002  00000000  00000002  RWIX
  VECTORS               003fffc2   0000003e  00000000  0000003e  RWIX

PAGE 1:
  BOOT_RSVD             00000000   00000050  00000000  00000050  RWIX
  RAMM0                 00000050   000003b0  00000120  00000290  RWIX
  RAMM1                 00000400   00000400  00000200  00000200  RWIX
  DEV_EMU               00000880   00000180  000000d0  000000b0  RWIX
  FLASH_REGS            00000a80   00000060  00000008  00000058  RWIX
  CSM                   00000ae0   00000010  00000010  00000000  RWIX
  ADC_MIRROR            00000b00   00000010  00000010  00000000  RWIX
  XINTF                 00000b20   00000020  0000001e  00000002  RWIX
  CPU_TIMER0            00000c00   00000008  00000008  00000000  RWIX
  CPU_TIMER1            00000c08   00000008  00000008  00000000  RWIX
  CPU_TIMER2            00000c10   00000008  00000008  00000000  RWIX
  PIE_CTRL              00000ce0   00000020  0000001a  00000006  RWIX
  PIE_VECT              00000d00   00000100  00000100  00000000  RWIX
  DMA                   00001000   00000200  000000e0  00000120  RWIX
  MCBSPA                00005000   00000040  00000025  0000001b  RWIX
  MCBSPB                00005040   00000040  00000025  0000001b  RWIX
  ECANA                 00006000   00000040  00000034  0000000c  RWIX
  ECANA_LAM             00006040   00000040  00000040  00000000  RWIX
  ECANA_MOTS            00006080   00000040  00000040  00000000  RWIX
  ECANA_MOTO            000060c0   00000040  00000040  00000000  RWIX
  ECANA_MBOX            00006100   00000100  00000100  00000000  RWIX
  ECANB                 00006200   00000040  00000034  0000000c  RWIX
  ECANB_LAM             00006240   00000040  00000040  00000000  RWIX
  ECANB_MOTS            00006280   00000040  00000040  00000000  RWIX
  ECANB_MOTO            000062c0   00000040  00000040  00000000  RWIX
  ECANB_MBOX            00006300   00000100  00000100  00000000  RWIX
  EPWM1                 00006800   00000022  00000022  00000000  RWIX
  EPWM2                 00006840   00000022  00000022  00000000  RWIX
  EPWM3                 00006880   00000022  00000022  00000000  RWIX
  EPWM4                 000068c0   00000022  00000022  00000000  RWIX
  EPWM5                 00006900   00000022  00000022  00000000  RWIX
  EPWM6                 00006940   00000022  00000022  00000000  RWIX
  ECAP1                 00006a00   00000020  00000020  00000000  RWIX
  ECAP2                 00006a20   00000020  00000020  00000000  RWIX
  ECAP3                 00006a40   00000020  00000020  00000000  RWIX
  ECAP4                 00006a60   00000020  00000020  00000000  RWIX
  ECAP5                 00006a80   00000020  00000020  00000000  RWIX
  ECAP6                 00006aa0   00000020  00000020  00000000  RWIX
  EQEP1                 00006b00   00000040  00000040  00000000  RWIX
  EQEP2                 00006b40   00000040  00000040  00000000  RWIX
  GPIOCTRL              00006f80   00000040  0000002e  00000012  RWIX
  GPIODAT               00006fc0   00000020  00000020  00000000  RWIX
  GPIOINT               00006fe0   00000020  0000000a  00000016  RWIX
  SYSTEM                00007010   00000020  00000020  00000000  RWIX
  SPIA                  00007040   00000010  00000010  00000000  RWIX
  SCIA                  00007050   00000010  00000010  00000000  RWIX
  XINTRUPT              00007070   00000010  00000010  00000000  RWIX
  ADC                   00007100   00000020  0000001e  00000002  RWIX
  SCIB                  00007750   00000010  00000010  00000000  RWIX
  SCIC                  00007770   00000010  00000010  00000000  RWIX
  I2CA                  00007900   00000040  00000022  0000001e  RWIX
  RAML4                 0000c000   00001000  00000fc0  00000040  RWIX
  RAML5                 0000d000   00001000  00000000  00001000  RWIX
  RAML6                 0000e000   00001000  00000000  00001000  RWIX
  RAML7                 0000f000   00001000  00000000  00001000  RWIX
  ZONE7B                0020fc00   00000400  00000000  00000400  RWIX
  FLASHB                00330000   00008000  00000000  00008000  RWIX
  CSM_PWL               0033fff8   00000008  00000008  00000000  RWIX
  PARTID                00380090   00000001  00000001  00000000  RWIX


SECTION ALLOCATION MAP

 output                                  attributes/
section   page    origin      length       input sections
--------  ----  ----------  ----------   ----------------
.pinit     0    00338000    00000000     UNINITIALIZED

ramfuncs   0    00320000    0000001f     RUN ADDR = 00008000
                  00320000    0000001b     DSP2833x_SysCtrl.obj (ramfuncs)
                  0032001b    00000004     DSP2833x_usDelay.obj (ramfuncs)

.text      0    00338000    00002b5f     
                  00338000    00000911     rts2800_fpu32.lib : _printfi.obj (.text)
                  00338911    00000510     CAN.obj (.text)
                  00338e21    00000316     DSP2833x_DefaultIsr.obj (.text:retain)
                  00339137    0000024b     rts2800_fpu32.lib : lowlev.obj (.text)
                  00339382    0000022d     controlSCI.obj (.text)
                  003395af    00000201     rts2800_fpu32.lib : trgdrv.obj (.text)
                  003397b0    000001d4                       : memory.obj (.text)
                  00339984    000001ac     ADC.obj (.text)
                  00339b30    00000132     DSP2833x_ECan.obj (.text)
                  00339c62    00000107     rts2800_fpu32.lib : ll_div.obj (.text)
                  00339d69    00000101                       : fopen.obj (.text)
                  00339e6a    000000f3     DSP2833x_SysCtrl.obj (.text)
                  00339f5d    000000dc     receiveCAN.obj (.text)
                  0033a039    000000af     rts2800_fpu32.lib : fputs.obj (.text)
                  0033a0e8    000000ab     scheduler.obj (.text)
                  0033a193    0000009c     rts2800_fpu32.lib : fd_add.obj (.text)
                  0033a22f    0000009a     sendCAN.obj (.text)
                  0033a2c9    0000008b     rts2800_fpu32.lib : fd_div.obj (.text)
                  0033a354    00000086                       : ankmsg.obj (.text)
                  0033a3da    00000083                       : fd_mpy.obj (.text)
                  0033a45d    00000076                       : setvbuf.obj (.text)
                  0033a4d3    00000074     DSP2833x_CpuTimers.obj (.text)
                  0033a547    00000067     SCI.obj (.text)
                  0033a5ae    00000065     rts2800_fpu32.lib : _io_perm.obj (.text)
                  0033a613    00000060                       : fflush.obj (.text)
                  0033a673    00000056     TT_Main.obj (.text)
                  0033a6c9    00000054     rts2800_fpu32.lib : fputc.obj (.text)
                  0033a71d    0000004f                       : fclose.obj (.text)
                  0033a76c    00000048     DSP2833x_Sci.obj (.text)
                  0033a7b4    00000046     rts2800_fpu32.lib : boot.obj (.text)
                  0033a7fa    0000003d                       : fseek.obj (.text)
                  0033a837    00000032                       : printf.obj (.text)
                  0033a869    00000031                       : atoi.obj (.text)
                  0033a89a    00000030     TT_Main.obj (.text:retain)
                  0033a8ca    0000002c     rts2800_fpu32.lib : ltoa.obj (.text)
                  0033a8f6    0000002a                       : fd_cmp.obj (.text)
                  0033a920    0000002a                       : l_div.obj (.text)
                  0033a94a    00000028     DSP2833x_PieCtrl.obj (.text)
                  0033a972    00000021     rts2800_fpu32.lib : fd_toi.obj (.text)
                  0033a993    00000021                       : memcpy_ff.obj (.text)
                  0033a9b4    00000020     DSP2833x_PieVect.obj (.text)
                  0033a9d4    0000001f     rts2800_fpu32.lib : fd_tol.obj (.text)
                  0033a9f3    0000001f                       : strncpy.obj (.text)
                  0033aa12    0000001e                       : ll_cmp.obj (.text)
                  0033aa30    0000001c                       : fs_tofd.obj (.text)
                  0033aa4c    0000001c                       : l_tofd.obj (.text)
                  0033aa68    00000019                       : args_main.obj (.text)
                  0033aa81    00000019                       : exit.obj (.text)
                  0033aa9a    00000014     DSP2833x_Adc.obj (.text)
                  0033aaae    00000014     rts2800_fpu32.lib : ll_mpy.obj (.text)
                  0033aac2    00000012                       : memccpy.obj (.text)
                  0033aad4    0000000f     handleCAN.obj (.text)
                  0033aae3    0000000e     rts2800_fpu32.lib : fd_sub.obj (.text)
                  0033aaf1    0000000d                       : memchr.obj (.text)
                  0033aafe    0000000c                       : strchr.obj (.text)
                  0033ab0a    0000000b                       : u_div.obj (.text)
                  0033ab15    0000000a                       : strcmp.obj (.text)
                  0033ab1f    0000000a                       : strlen.obj (.text)
                  0033ab29    00000009                       : _lock.obj (.text)
                  0033ab32    00000009                       : fd_neg.obj (.text)
                  0033ab3b    00000009                       : strcpy.obj (.text)
                  0033ab44    00000008     DSP2833x_CodeStartBranch.obj (.text)
                  0033ab4c    00000007     rts2800_fpu32.lib : memset.obj (.text)
                  0033ab53    00000007     schedulerConfig.obj (.text)
                  0033ab5a    00000003     rts2800_fpu32.lib : remove.obj (.text)
                  0033ab5d    00000002     newTask.obj (.text)

.cinit     0    0033ab5f    000003ae     
                  0033ab5f    0000028c     CAN.obj (.cinit)
                  0033adeb    0000004b     ADC.obj (.cinit)
                  0033ae36    0000002d     rts2800_fpu32.lib : lowlev.obj (.cinit)
                  0033ae63    0000002a                       : defs.obj (.cinit)
                  0033ae8d    00000019     CAN_Tx_global.obj (.cinit)
                  0033aea6    00000014     controlSCI.obj (.cinit)
                  0033aeba    00000014     schedulerConfig.obj (.cinit)
                  0033aece    0000000c     CAN_Rx_global.obj (.cinit)
                  0033aeda    0000000a     rts2800_fpu32.lib : _lock.obj (.cinit)
                  0033aee4    0000000a                       : exit.obj (.cinit)
                  0033aeee    00000009     receiveCAN.obj (.cinit)
                  0033aef7    00000008     scheduler.obj (.cinit)
                  0033aeff    00000004     SCI.obj (.cinit)
                  0033af03    00000004     rts2800_fpu32.lib : fopen.obj (.cinit)
                  0033af07    00000004                       : memory.obj (.cinit)
                  0033af0b    00000002     --HOLE-- [fill = 0]

.econst    0    0033af0e    0000025b     
                  0033af0e    00000101     rts2800_fpu32.lib : ctype.obj (.econst:__ctypes_)
                  0033b00f    00000001     CAN_Tx_global.obj (.econst)
                  0033b010    00000100     DSP2833x_PieVect.obj (.econst)
                  0033b110    00000024     rts2800_fpu32.lib : _printfi.obj (.econst:.string)
                  0033b134    00000018                       : _printfi.obj (.econst)
                  0033b14c    00000010     receiveCAN.obj (.econst:.string)
                  0033b15c    00000004     controlSCI.obj (.econst:.string)
                  0033b160    00000004     CAN.obj (.econst:_$P$T0$1)
                  0033b164    00000002     rts2800_fpu32.lib : fputs.obj (.econst:.string)
                  0033b166    00000002     CAN.obj (.econst)
                  0033b168    00000001     schedulerConfig.obj (.econst)

.switch    0    0033b16a    00000020     
                  0033b16a    00000020     ADC.obj (.switch:_ADC_ConfigurePort)

codestart 
*          0    0033fff6    00000002     
                  0033fff6    00000002     DSP2833x_CodeStartBranch.obj (codestart)

.adc_cal   0    00380080    00000007     NOLOAD SECTION
                  00380080    00000007     DSP2833x_ADC_cal.obj (.adc_cal)

.reset     0    003fffc0    00000002     DSECT
                  003fffc0    00000002     rts2800_fpu32.lib : boot.obj (.reset)

vectors    0    003fffc2    00000000     DSECT

.cio       1    00000080    00000120     UNINITIALIZED
                  00000080    00000120     rts2800_fpu32.lib : ankmsg.obj (.cio)

.stack     1    00000400    00000200     UNINITIALIZED
                  00000400    00000200     --HOLE--

DevEmuRegsFile 
*          1    00000880    000000d0     UNINITIALIZED
                  00000880    000000d0     DSP2833x_GlobalVariableDefs.obj (DevEmuRegsFile)

FlashRegsFile 
*          1    00000a80    00000008     UNINITIALIZED
                  00000a80    00000008     DSP2833x_GlobalVariableDefs.obj (FlashRegsFile)

CsmRegsFile 
*          1    00000ae0    00000010     UNINITIALIZED
                  00000ae0    00000010     DSP2833x_GlobalVariableDefs.obj (CsmRegsFile)

AdcMirrorFile 
*          1    00000b00    00000010     UNINITIALIZED
                  00000b00    00000010     DSP2833x_GlobalVariableDefs.obj (AdcMirrorFile)

XintfRegsFile 
*          1    00000b20    0000001e     UNINITIALIZED
                  00000b20    0000001e     DSP2833x_GlobalVariableDefs.obj (XintfRegsFile)

CpuTimer0RegsFile 
*          1    00000c00    00000008     UNINITIALIZED
                  00000c00    00000008     DSP2833x_GlobalVariableDefs.obj (CpuTimer0RegsFile)

CpuTimer1RegsFile 
*          1    00000c08    00000008     UNINITIALIZED
                  00000c08    00000008     DSP2833x_GlobalVariableDefs.obj (CpuTimer1RegsFile)

CpuTimer2RegsFile 
*          1    00000c10    00000008     UNINITIALIZED
                  00000c10    00000008     DSP2833x_GlobalVariableDefs.obj (CpuTimer2RegsFile)

PieCtrlRegsFile 
*          1    00000ce0    0000001a     UNINITIALIZED
                  00000ce0    0000001a     DSP2833x_GlobalVariableDefs.obj (PieCtrlRegsFile)

PieVectTableFile 
*          1    00000d00    00000100     UNINITIALIZED
                  00000d00    00000100     DSP2833x_GlobalVariableDefs.obj (PieVectTableFile)

DmaRegsFile 
*          1    00001000    000000e0     UNINITIALIZED
                  00001000    000000e0     DSP2833x_GlobalVariableDefs.obj (DmaRegsFile)

McbspaRegsFile 
*          1    00005000    00000025     UNINITIALIZED
                  00005000    00000025     DSP2833x_GlobalVariableDefs.obj (McbspaRegsFile)

McbspbRegsFile 
*          1    00005040    00000025     UNINITIALIZED
                  00005040    00000025     DSP2833x_GlobalVariableDefs.obj (McbspbRegsFile)

ECanaRegsFile 
*          1    00006000    00000034     UNINITIALIZED
                  00006000    00000034     DSP2833x_GlobalVariableDefs.obj (ECanaRegsFile)

ECanaLAMRegsFile 
*          1    00006040    00000040     UNINITIALIZED
                  00006040    00000040     DSP2833x_GlobalVariableDefs.obj (ECanaLAMRegsFile)

ECanaMOTSRegsFile 
*          1    00006080    00000040     UNINITIALIZED
                  00006080    00000040     DSP2833x_GlobalVariableDefs.obj (ECanaMOTSRegsFile)

ECanaMOTORegsFile 
*          1    000060c0    00000040     UNINITIALIZED
                  000060c0    00000040     DSP2833x_GlobalVariableDefs.obj (ECanaMOTORegsFile)

ECanaMboxesFile 
*          1    00006100    00000100     UNINITIALIZED
                  00006100    00000100     DSP2833x_GlobalVariableDefs.obj (ECanaMboxesFile)

ECanbRegsFile 
*          1    00006200    00000034     UNINITIALIZED
                  00006200    00000034     DSP2833x_GlobalVariableDefs.obj (ECanbRegsFile)

ECanbLAMRegsFile 
*          1    00006240    00000040     UNINITIALIZED
                  00006240    00000040     DSP2833x_GlobalVariableDefs.obj (ECanbLAMRegsFile)

ECanbMOTSRegsFile 
*          1    00006280    00000040     UNINITIALIZED
                  00006280    00000040     DSP2833x_GlobalVariableDefs.obj (ECanbMOTSRegsFile)

ECanbMOTORegsFile 
*          1    000062c0    00000040     UNINITIALIZED
                  000062c0    00000040     DSP2833x_GlobalVariableDefs.obj (ECanbMOTORegsFile)

ECanbMboxesFile 
*          1    00006300    00000100     UNINITIALIZED
                  00006300    00000100     DSP2833x_GlobalVariableDefs.obj (ECanbMboxesFile)

EPwm1RegsFile 
*          1    00006800    00000022     UNINITIALIZED
                  00006800    00000022     DSP2833x_GlobalVariableDefs.obj (EPwm1RegsFile)

EPwm2RegsFile 
*          1    00006840    00000022     UNINITIALIZED
                  00006840    00000022     DSP2833x_GlobalVariableDefs.obj (EPwm2RegsFile)

EPwm3RegsFile 
*          1    00006880    00000022     UNINITIALIZED
                  00006880    00000022     DSP2833x_GlobalVariableDefs.obj (EPwm3RegsFile)

EPwm4RegsFile 
*          1    000068c0    00000022     UNINITIALIZED
                  000068c0    00000022     DSP2833x_GlobalVariableDefs.obj (EPwm4RegsFile)

EPwm5RegsFile 
*          1    00006900    00000022     UNINITIALIZED
                  00006900    00000022     DSP2833x_GlobalVariableDefs.obj (EPwm5RegsFile)

EPwm6RegsFile 
*          1    00006940    00000022     UNINITIALIZED
                  00006940    00000022     DSP2833x_GlobalVariableDefs.obj (EPwm6RegsFile)

ECap1RegsFile 
*          1    00006a00    00000020     UNINITIALIZED
                  00006a00    00000020     DSP2833x_GlobalVariableDefs.obj (ECap1RegsFile)

ECap2RegsFile 
*          1    00006a20    00000020     UNINITIALIZED
                  00006a20    00000020     DSP2833x_GlobalVariableDefs.obj (ECap2RegsFile)

ECap3RegsFile 
*          1    00006a40    00000020     UNINITIALIZED
                  00006a40    00000020     DSP2833x_GlobalVariableDefs.obj (ECap3RegsFile)

ECap4RegsFile 
*          1    00006a60    00000020     UNINITIALIZED
                  00006a60    00000020     DSP2833x_GlobalVariableDefs.obj (ECap4RegsFile)

ECap5RegsFile 
*          1    00006a80    00000020     UNINITIALIZED
                  00006a80    00000020     DSP2833x_GlobalVariableDefs.obj (ECap5RegsFile)

ECap6RegsFile 
*          1    00006aa0    00000020     UNINITIALIZED
                  00006aa0    00000020     DSP2833x_GlobalVariableDefs.obj (ECap6RegsFile)

EQep1RegsFile 
*          1    00006b00    00000040     UNINITIALIZED
                  00006b00    00000040     DSP2833x_GlobalVariableDefs.obj (EQep1RegsFile)

EQep2RegsFile 
*          1    00006b40    00000040     UNINITIALIZED
                  00006b40    00000040     DSP2833x_GlobalVariableDefs.obj (EQep2RegsFile)

GpioCtrlRegsFile 
*          1    00006f80    0000002e     UNINITIALIZED
                  00006f80    0000002e     DSP2833x_GlobalVariableDefs.obj (GpioCtrlRegsFile)

GpioDataRegsFile 
*          1    00006fc0    00000020     UNINITIALIZED
                  00006fc0    00000020     DSP2833x_GlobalVariableDefs.obj (GpioDataRegsFile)

GpioIntRegsFile 
*          1    00006fe0    0000000a     UNINITIALIZED
                  00006fe0    0000000a     DSP2833x_GlobalVariableDefs.obj (GpioIntRegsFile)

SysCtrlRegsFile 
*          1    00007010    00000020     UNINITIALIZED
                  00007010    00000020     DSP2833x_GlobalVariableDefs.obj (SysCtrlRegsFile)

SpiaRegsFile 
*          1    00007040    00000010     UNINITIALIZED
                  00007040    00000010     DSP2833x_GlobalVariableDefs.obj (SpiaRegsFile)

SciaRegsFile 
*          1    00007050    00000010     UNINITIALIZED
                  00007050    00000010     DSP2833x_GlobalVariableDefs.obj (SciaRegsFile)

XIntruptRegsFile 
*          1    00007070    00000010     UNINITIALIZED
                  00007070    00000010     DSP2833x_GlobalVariableDefs.obj (XIntruptRegsFile)

AdcRegsFile 
*          1    00007100    0000001e     UNINITIALIZED
                  00007100    0000001e     DSP2833x_GlobalVariableDefs.obj (AdcRegsFile)

ScibRegsFile 
*          1    00007750    00000010     UNINITIALIZED
                  00007750    00000010     DSP2833x_GlobalVariableDefs.obj (ScibRegsFile)

ScicRegsFile 
*          1    00007770    00000010     UNINITIALIZED
                  00007770    00000010     DSP2833x_GlobalVariableDefs.obj (ScicRegsFile)

I2caRegsFile 
*          1    00007900    00000022     UNINITIALIZED
                  00007900    00000022     DSP2833x_GlobalVariableDefs.obj (I2caRegsFile)

.ebss      1    0000c000    00000bc0     UNINITIALIZED
                  0000c000    000003c0     CAN_Rx_global.obj (.ebss)
                  0000c3c0    000002c4     CAN.obj (.ebss)
                  0000c684    0000001a     CAN_Tx_global.obj (.ebss)
                  0000c69e    00000018     DSP2833x_CpuTimers.obj (.ebss)
                  0000c6b6    00000008     rts2800_fpu32.lib : memory.obj (.ebss)
                  0000c6be    00000002     TT_Main.obj (.ebss)
                  0000c6c0    00000208     controlSCI.obj (.ebss)
                  0000c8c8    00000012     schedulerConfig.obj (.ebss)
                  0000c8da    00000008     rts2800_fpu32.lib : trgdrv.obj (.ebss)
                  0000c8e2    00000004     receiveCAN.obj (.ebss)
                  0000c8e6    00000004     rts2800_fpu32.lib : _lock.obj (.ebss)
                  0000c8ea    00000004                       : exit.obj (.ebss)
                  0000c8ee    00000002     scheduler.obj (.ebss)
                  0000c8f0    00000001     SCI.obj (.ebss)
                  0000c8f1    00000001     rts2800_fpu32.lib : fopen.obj (.ebss)
                  0000c8f2    00000001     sendCAN.obj (.ebss)
                  0000c8f3    0000000d     --HOLE--
                  0000c900    00000160     rts2800_fpu32.lib : defs.obj (.ebss)
                  0000ca60    00000020     --HOLE--
                  0000ca80    00000088                       : lowlev.obj (.ebss)
                  0000cb08    00000038     --HOLE--
                  0000cb40    00000080     ADC.obj (.ebss)

.sysmem    1    0000cbc0    00000400     UNINITIALIZED
                  0000cbc0    00000001     rts2800_fpu32.lib : memory.obj (.sysmem)
                  0000cbc1    000003ff     --HOLE--

CsmPwlFile 
*          1    0033fff8    00000008     UNINITIALIZED
                  0033fff8    00000008     DSP2833x_GlobalVariableDefs.obj (CsmPwlFile)

PartIdRegsFile 
*          1    00380090    00000001     UNINITIALIZED
                  00380090    00000001     DSP2833x_GlobalVariableDefs.obj (PartIdRegsFile)


GLOBAL SYMBOLS: SORTED ALPHABETICALLY BY Name 

address    name
--------   ----
00338000   .text
0033aa81   C$$EXIT
0033a3a0   C$$IO$$
0033a193   FD$$ADD
0033a8f6   FD$$CMP
0033a2c9   FD$$DIV
0033a3da   FD$$MPY
0033ab32   FD$$NEG
0033aae3   FD$$SUB
0033a972   FD$$TOI
0033a9d4   FD$$TOL
0033aa30   FS$$TOFD
0033a920   L$$DIV
0033a92f   L$$MOD
0033aa4c   L$$TOFD
0033aa12   LL$$CMP
00339c62   LL$$DIV
00339c9e   LL$$MOD
0033aaae   LL$$MPY
0033ab0a   U$$DIV
0033ab0f   U$$MOD
0033a93d   UL$$DIV
0033a944   UL$$MOD
0033aa24   ULL$$CMP
00339cd8   ULL$$DIV
00339d07   ULL$$MOD
00338f07   _ADCINT_ISR
00339ae3   _ADC_CheckPortState
003399b4   _ADC_ConfigurePort
00339984   _ADC_Init
00339af3   _ADC_ReadPort
00339b15   _ADC_ResetPorts
0033998f   _ADC_Start
00339a90   _ADC_UpdateState
00380080   _ADC_cal
00000b00   _AdcMirror
00007100   _AdcRegs
0000c8f2   _CANTimer
0033a267   _CANTx_clearAll
00338911   _CAN_Init
0000c400   _CAN_Ports
0000c0c0   _CAN_RxMessages
00338924   _CAN_Test
0000c684   _CAN_TxMessages
0033a50c   _ConfigCpuTimer
0000c6ae   _CpuTimer0
00000c00   _CpuTimer0Regs
0000c69e   _CpuTimer1
00000c08   _CpuTimer1Regs
0000c6a6   _CpuTimer2
00000c10   _CpuTimer2Regs
0033fff8   _CsmPwl
00000ae0   _CsmRegs
00339f2c   _CsmUnlock
00338e35   _DATALOG_ISR
00339029   _DINTCH1_ISR
00339033   _DINTCH2_ISR
0033903d   _DINTCH3_ISR
00339047   _DINTCH4_ISR
00339051   _DINTCH5_ISR
0033905b   _DINTCH6_ISR
0000801b   _DSP28x_usDelay
00000880   _DevEmuRegs
00339e7d   _DisableDog
00001000   _DmaRegs
003390b5   _ECAN0INTA_ISR
003390c9   _ECAN0INTB_ISR
003390bf   _ECAN1INTA_ISR
003390d3   _ECAN1INTB_ISR
00338f9d   _ECAP1_INT_ISR
00338fa7   _ECAP2_INT_ISR
00338fb1   _ECAP3_INT_ISR
00338fbb   _ECAP4_INT_ISR
00338fc5   _ECAP5_INT_ISR
00338fcf   _ECAP6_INT_ISR
00006040   _ECanaLAMRegs
000060c0   _ECanaMOTORegs
00006080   _ECanaMOTSRegs
00006100   _ECanaMboxes
00006000   _ECanaRegs
00006240   _ECanbLAMRegs
000062c0   _ECanbMOTORegs
00006280   _ECanbMOTSRegs
00006300   _ECanbMboxes
00006200   _ECanbRegs
00006a00   _ECap1Regs
00006a20   _ECap2Regs
00006a40   _ECap3Regs
00006a60   _ECap4Regs
00006a80   _ECap5Regs
00006aa0   _ECap6Regs
00338e49   _EMUINT_ISR
00338f61   _EPWM1_INT_ISR
00338f25   _EPWM1_TZINT_ISR
00338f6b   _EPWM2_INT_ISR
00338f2f   _EPWM2_TZINT_ISR
00338f75   _EPWM3_INT_ISR
00338f39   _EPWM3_TZINT_ISR
00338f7f   _EPWM4_INT_ISR
00338f43   _EPWM4_TZINT_ISR
00338f89   _EPWM5_INT_ISR
00338f4d   _EPWM5_TZINT_ISR
00338f93   _EPWM6_INT_ISR
00338f57   _EPWM6_TZINT_ISR
00006800   _EPwm1Regs
00006840   _EPwm2Regs
00006880   _EPwm3Regs
000068c0   _EPwm4Regs
00006900   _EPwm5Regs
00006940   _EPwm6Regs
00338fd9   _EQEP1_INT_ISR
00338fe3   _EQEP2_INT_ISR
00006b00   _EQep1Regs
00006b40   _EQep2Regs
0033a969   _EnableInterrupts
00000a80   _FlashRegs
00006f80   _GpioCtrlRegs
00006fc0   _GpioDataRegs
00006fe0   _GpioIntRegs
00339784   _HOSTclock
0033975d   _HOSTclose
00339735   _HOSTgetenv
003396ed   _HOSTlseek
003396b1   _HOSTopen
00339677   _HOSTread
0033963a   _HOSTrename
0033960e   _HOSTtime
003395e9   _HOSTunlink
003395af   _HOSTwrite
00339065   _I2CINT1A_ISR
0033906f   _I2CINT2A_ISR
00007900   _I2caRegs
00338e5d   _ILLEGAL_ISR
00338e21   _INT13_ISR
00338e2b   _INT14_ISR
0033aa9a   _InitAdc
00338d17   _InitCanA
00338d9c   _InitCanB
0033a4d3   _InitCpuTimers
00339b30   _InitECan
00339c33   _InitECanGpio
00339b35   _InitECana
00339c38   _InitECanaGpio
00339bb4   _InitECanb
00339c4e   _InitECanbGpio
00008000   _InitFlash
00339ed1   _InitPeripheralClocks
0033a94a   _InitPieCtrl
0033a9b4   _InitPieVectTable
00339e85   _InitPll
0033a76c   _InitSci
0033a76d   _InitSciGpio
0033a774   _InitSciaGpio
0033a78a   _InitScibGpio
0033a79e   _InitScicGpio
00339e6a   _InitSysCtrl
00339119   _LUF_ISR
0033910f   _LVF_ISR
00339015   _MRINTA_ISR
00339001   _MRINTB_ISR
0033901f   _MXINTA_ISR
0033900b   _MXINTB_ISR
00005000   _McbspaRegs
00005040   _McbspbRegs
00338e53   _NMI_ISR
00339123   _PIE_RESERVED
00380090   _PartIdRegs
00000ce0   _PieCtrlRegs
00000d00   _PieVectTable
0033b010   _PieVectTableInit
00338e3f   _RTOSINT_ISR
0032001f   _RamfuncsLoadEnd
00320000   _RamfuncsLoadStart
00008000   _RamfuncsRunStart
0033908d   _SCIRXINTA_ISR
003390a1   _SCIRXINTB_ISR
00339079   _SCIRXINTC_ISR
00339097   _SCITXINTA_ISR
003390ab   _SCITXINTB_ISR
00339083   _SCITXINTC_ISR
00338edf   _SEQ1INT_ISR
00338ee9   _SEQ2INT_ISR
00338fed   _SPIRXINTA_ISR
00338ff7   _SPITXINTA_ISR
00007050   _SciaRegs
00007750   _ScibRegs
00007770   _ScicRegs
00339e73   _ServiceDog
00007040   _SpiaRegs
00007010   _SysCtrlRegs
00338f11   _TINT0_ISR
0000c8c8   _Tasks
0033ab53   _Tasks_Init
00338ec1   _USER10_ISR
00338ecb   _USER11_ISR
00338ed5   _USER12_ISR
00338e67   _USER1_ISR
00338e71   _USER2_ISR
00338e7b   _USER3_ISR
00338e85   _USER4_ISR
00338e8f   _USER5_ISR
00338e99   _USER6_ISR
00338ea3   _USER7_ISR
00338ead   _USER8_ISR
00338eb7   _USER9_ISR
00338f1b   _WAKEINT_ISR
00338ef3   _XINT1_ISR
00338efd   _XINT2_ISR
003390dd   _XINT3_ISR
003390e7   _XINT4_ISR
003390f1   _XINT5_ISR
003390fb   _XINT6_ISR
00339105   _XINT7_ISR
00007070   _XIntruptRegs
00000b20   _XintfRegs
00000080   __CIOBUF_
00000600   __STACK_END
00000200   __STACK_SIZE
00000400   __SYSMEM_SIZE
00000001   __TI_args_main
ffffffff   ___binit__
ffffffff   ___c_args__
0033ab5f   ___cinit__
0033ab5f   ___etext__
0033a993   ___memcpy_ff
ffffffff   ___pinit__
00338000   ___text__
0033aa68   __args_main
00339de1   __cleanup
0000c8ea   __cleanup_ptr
0033a71d   __closefile
0033af0e   __ctypes_
0033a613   __doflush
0000c8ec   __dtors_ptr
0000c900   __ft_end
0000c940   __ftable
0000c8e8   __lock
0033ab31   __nop
0033880e   __printfi
0033a5e8   __rd_ok
0033ab2d   __register_lock
0033ab29   __register_unlock
00000400   __stack
0000cbc0   __sys_memory
0000c9c0   __tmpnams
0000c8e6   __unlock
0033a5ae   __wrt_ok
0033aa81   _abort
0000cb80   _adcPorts
00339310   _add_device
0033a869   _atoi
0033953c   _buildSequence
0033a7b4   _c_int00
0033996a   _calloc
0000c686   _canData_Tx_651
0000c68a   _canData_Tx_7AB
0000c696   _canMessage_Tx_651
0000c68e   _canMessage_Tx_7AB
00338cf6   _checkMailboxState
00339968   _chkheap
003392de   _close
00338b5a   _commitSendMailbox
0033898a   _configureRxMailbox
00338a2d   _configureTxMailbox
00339382   _controlSCI_init
00339389   _controlSCI_update
0033a68b   _cpuInit
0033a89a   _cpu_timer0_isr
0033aa83   _exit
0033a759   _fclose
0033a642   _fflush
0000c000   _filterSize
0000c700   _filtermap
0033895e   _findMailbox
00339e50   _fopen
0033a6c9   _fputc
0033a039   _fputs
003397b0   _free
0033994a   _free_memory
00339dff   _freopen
0033a7fa   _fseek
0033897d   _getCANErrors
00338d06   _getMailboxID
0033a190   _goIdle
0033a6c8   _gpioInit
0033aad4   _handleCAN_init
0033aad5   _handleCAN_update
0000c3c2   _i
0033a18a   _interruptDisable
0033a180   _interruptEnable
00338af6   _loadTxMailbox
0000c740   _loggingList
0000c3c0   _loopcount
003392b0   _lseek
0033a8ca   _ltoa
0000c040   _mailBoxFilters
0033a673   _main
0033981b   _malloc
00339928   _max_free
0033aac2   _memccpy
0033aaf1   _memchr
0033ab4c   _memset
003397f5   _minit
0033ab5d   _newTask_init
0033ab5e   _newTask_update
0000c001   _numRxCANMsgs
0033b00f   _numTxCANMsgs
0033925a   _open
0000cb41   _portState_Master
0033a83d   _printf
0033a6c9   _putc
0033a718   _putchar
0033a0d6   _puts
0033920c   _read
00338b85   _readRxMailbox
0033a3a4   _readmsg
00339871   _realloc
00339f5d   _receiveCAN_init
00339f65   _receiveCAN_update
0033ab5a   _remove
003391f2   _remove_device
003391c9   _rename
0033912d   _rsvd_ISR
0000c6c0   _rxbufferSize
0033a0e8   _scheduler_Init
0033a0fd   _scheduler_onTick
0033a139   _scheduler_taskDispatcher
0033a5a6   _scia_fifo_init
0033a547   _scia_init
0033a568   _scia_msg
0033a58d   _scia_msgTT
0033a55c   _scia_xmit
0033a57d   _scia_xmitTT
0033a22f   _sendCAN_init
0033a244   _sendCAN_update
0033a45d   _setvbuf
0033aafe   _strchr
0033ab15   _strcmp
0033ab3b   _strcpy
0033ab1f   _strlen
0033a9f3   _strncpy
0033b168   _tasksInSchedule
0000c6be   _tickCount_G
0033a6ae   _timerStart
003391b1   _unlink
00339fb8   _updateFilter
0000c002   _updateFilterRequired
00338bf5   _updateMailboxes
00339137   _write
0033a354   _writemsg
ffffffff   binit
0033ab5f   cinit
0033fff6   code_start
0033ab5f   etext
ffffffff   pinit


GLOBAL SYMBOLS: SORTED BY Symbol Address 

address    name
--------   ----
00000001   __TI_args_main
00000080   __CIOBUF_
00000200   __STACK_SIZE
00000400   __SYSMEM_SIZE
00000400   __stack
00000600   __STACK_END
00000880   _DevEmuRegs
00000a80   _FlashRegs
00000ae0   _CsmRegs
00000b00   _AdcMirror
00000b20   _XintfRegs
00000c00   _CpuTimer0Regs
00000c08   _CpuTimer1Regs
00000c10   _CpuTimer2Regs
00000ce0   _PieCtrlRegs
00000d00   _PieVectTable
00001000   _DmaRegs
00005000   _McbspaRegs
00005040   _McbspbRegs
00006000   _ECanaRegs
00006040   _ECanaLAMRegs
00006080   _ECanaMOTSRegs
000060c0   _ECanaMOTORegs
00006100   _ECanaMboxes
00006200   _ECanbRegs
00006240   _ECanbLAMRegs
00006280   _ECanbMOTSRegs
000062c0   _ECanbMOTORegs
00006300   _ECanbMboxes
00006800   _EPwm1Regs
00006840   _EPwm2Regs
00006880   _EPwm3Regs
000068c0   _EPwm4Regs
00006900   _EPwm5Regs
00006940   _EPwm6Regs
00006a00   _ECap1Regs
00006a20   _ECap2Regs
00006a40   _ECap3Regs
00006a60   _ECap4Regs
00006a80   _ECap5Regs
00006aa0   _ECap6Regs
00006b00   _EQep1Regs
00006b40   _EQep2Regs
00006f80   _GpioCtrlRegs
00006fc0   _GpioDataRegs
00006fe0   _GpioIntRegs
00007010   _SysCtrlRegs
00007040   _SpiaRegs
00007050   _SciaRegs
00007070   _XIntruptRegs
00007100   _AdcRegs
00007750   _ScibRegs
00007770   _ScicRegs
00007900   _I2caRegs
00008000   _InitFlash
00008000   _RamfuncsRunStart
0000801b   _DSP28x_usDelay
0000c000   _filterSize
0000c001   _numRxCANMsgs
0000c002   _updateFilterRequired
0000c040   _mailBoxFilters
0000c0c0   _CAN_RxMessages
0000c3c0   _loopcount
0000c3c2   _i
0000c400   _CAN_Ports
0000c684   _CAN_TxMessages
0000c686   _canData_Tx_651
0000c68a   _canData_Tx_7AB
0000c68e   _canMessage_Tx_7AB
0000c696   _canMessage_Tx_651
0000c69e   _CpuTimer1
0000c6a6   _CpuTimer2
0000c6ae   _CpuTimer0
0000c6be   _tickCount_G
0000c6c0   _rxbufferSize
0000c700   _filtermap
0000c740   _loggingList
0000c8c8   _Tasks
0000c8e6   __unlock
0000c8e8   __lock
0000c8ea   __cleanup_ptr
0000c8ec   __dtors_ptr
0000c8f2   _CANTimer
0000c900   __ft_end
0000c940   __ftable
0000c9c0   __tmpnams
0000cb41   _portState_Master
0000cb80   _adcPorts
0000cbc0   __sys_memory
00320000   _RamfuncsLoadStart
0032001f   _RamfuncsLoadEnd
00338000   .text
00338000   ___text__
0033880e   __printfi
00338911   _CAN_Init
00338924   _CAN_Test
0033895e   _findMailbox
0033897d   _getCANErrors
0033898a   _configureRxMailbox
00338a2d   _configureTxMailbox
00338af6   _loadTxMailbox
00338b5a   _commitSendMailbox
00338b85   _readRxMailbox
00338bf5   _updateMailboxes
00338cf6   _checkMailboxState
00338d06   _getMailboxID
00338d17   _InitCanA
00338d9c   _InitCanB
00338e21   _INT13_ISR
00338e2b   _INT14_ISR
00338e35   _DATALOG_ISR
00338e3f   _RTOSINT_ISR
00338e49   _EMUINT_ISR
00338e53   _NMI_ISR
00338e5d   _ILLEGAL_ISR
00338e67   _USER1_ISR
00338e71   _USER2_ISR
00338e7b   _USER3_ISR
00338e85   _USER4_ISR
00338e8f   _USER5_ISR
00338e99   _USER6_ISR
00338ea3   _USER7_ISR
00338ead   _USER8_ISR
00338eb7   _USER9_ISR
00338ec1   _USER10_ISR
00338ecb   _USER11_ISR
00338ed5   _USER12_ISR
00338edf   _SEQ1INT_ISR
00338ee9   _SEQ2INT_ISR
00338ef3   _XINT1_ISR
00338efd   _XINT2_ISR
00338f07   _ADCINT_ISR
00338f11   _TINT0_ISR
00338f1b   _WAKEINT_ISR
00338f25   _EPWM1_TZINT_ISR
00338f2f   _EPWM2_TZINT_ISR
00338f39   _EPWM3_TZINT_ISR
00338f43   _EPWM4_TZINT_ISR
00338f4d   _EPWM5_TZINT_ISR
00338f57   _EPWM6_TZINT_ISR
00338f61   _EPWM1_INT_ISR
00338f6b   _EPWM2_INT_ISR
00338f75   _EPWM3_INT_ISR
00338f7f   _EPWM4_INT_ISR
00338f89   _EPWM5_INT_ISR
00338f93   _EPWM6_INT_ISR
00338f9d   _ECAP1_INT_ISR
00338fa7   _ECAP2_INT_ISR
00338fb1   _ECAP3_INT_ISR
00338fbb   _ECAP4_INT_ISR
00338fc5   _ECAP5_INT_ISR
00338fcf   _ECAP6_INT_ISR
00338fd9   _EQEP1_INT_ISR
00338fe3   _EQEP2_INT_ISR
00338fed   _SPIRXINTA_ISR
00338ff7   _SPITXINTA_ISR
00339001   _MRINTB_ISR
0033900b   _MXINTB_ISR
00339015   _MRINTA_ISR
0033901f   _MXINTA_ISR
00339029   _DINTCH1_ISR
00339033   _DINTCH2_ISR
0033903d   _DINTCH3_ISR
00339047   _DINTCH4_ISR
00339051   _DINTCH5_ISR
0033905b   _DINTCH6_ISR
00339065   _I2CINT1A_ISR
0033906f   _I2CINT2A_ISR
00339079   _SCIRXINTC_ISR
00339083   _SCITXINTC_ISR
0033908d   _SCIRXINTA_ISR
00339097   _SCITXINTA_ISR
003390a1   _SCIRXINTB_ISR
003390ab   _SCITXINTB_ISR
003390b5   _ECAN0INTA_ISR
003390bf   _ECAN1INTA_ISR
003390c9   _ECAN0INTB_ISR
003390d3   _ECAN1INTB_ISR
003390dd   _XINT3_ISR
003390e7   _XINT4_ISR
003390f1   _XINT5_ISR
003390fb   _XINT6_ISR
00339105   _XINT7_ISR
0033910f   _LVF_ISR
00339119   _LUF_ISR
00339123   _PIE_RESERVED
0033912d   _rsvd_ISR
00339137   _write
003391b1   _unlink
003391c9   _rename
003391f2   _remove_device
0033920c   _read
0033925a   _open
003392b0   _lseek
003392de   _close
00339310   _add_device
00339382   _controlSCI_init
00339389   _controlSCI_update
0033953c   _buildSequence
003395af   _HOSTwrite
003395e9   _HOSTunlink
0033960e   _HOSTtime
0033963a   _HOSTrename
00339677   _HOSTread
003396b1   _HOSTopen
003396ed   _HOSTlseek
00339735   _HOSTgetenv
0033975d   _HOSTclose
00339784   _HOSTclock
003397b0   _free
003397f5   _minit
0033981b   _malloc
00339871   _realloc
00339928   _max_free
0033994a   _free_memory
00339968   _chkheap
0033996a   _calloc
00339984   _ADC_Init
0033998f   _ADC_Start
003399b4   _ADC_ConfigurePort
00339a90   _ADC_UpdateState
00339ae3   _ADC_CheckPortState
00339af3   _ADC_ReadPort
00339b15   _ADC_ResetPorts
00339b30   _InitECan
00339b35   _InitECana
00339bb4   _InitECanb
00339c33   _InitECanGpio
00339c38   _InitECanaGpio
00339c4e   _InitECanbGpio
00339c62   LL$$DIV
00339c9e   LL$$MOD
00339cd8   ULL$$DIV
00339d07   ULL$$MOD
00339de1   __cleanup
00339dff   _freopen
00339e50   _fopen
00339e6a   _InitSysCtrl
00339e73   _ServiceDog
00339e7d   _DisableDog
00339e85   _InitPll
00339ed1   _InitPeripheralClocks
00339f2c   _CsmUnlock
00339f5d   _receiveCAN_init
00339f65   _receiveCAN_update
00339fb8   _updateFilter
0033a039   _fputs
0033a0d6   _puts
0033a0e8   _scheduler_Init
0033a0fd   _scheduler_onTick
0033a139   _scheduler_taskDispatcher
0033a180   _interruptEnable
0033a18a   _interruptDisable
0033a190   _goIdle
0033a193   FD$$ADD
0033a22f   _sendCAN_init
0033a244   _sendCAN_update
0033a267   _CANTx_clearAll
0033a2c9   FD$$DIV
0033a354   _writemsg
0033a3a0   C$$IO$$
0033a3a4   _readmsg
0033a3da   FD$$MPY
0033a45d   _setvbuf
0033a4d3   _InitCpuTimers
0033a50c   _ConfigCpuTimer
0033a547   _scia_init
0033a55c   _scia_xmit
0033a568   _scia_msg
0033a57d   _scia_xmitTT
0033a58d   _scia_msgTT
0033a5a6   _scia_fifo_init
0033a5ae   __wrt_ok
0033a5e8   __rd_ok
0033a613   __doflush
0033a642   _fflush
0033a673   _main
0033a68b   _cpuInit
0033a6ae   _timerStart
0033a6c8   _gpioInit
0033a6c9   _fputc
0033a6c9   _putc
0033a718   _putchar
0033a71d   __closefile
0033a759   _fclose
0033a76c   _InitSci
0033a76d   _InitSciGpio
0033a774   _InitSciaGpio
0033a78a   _InitScibGpio
0033a79e   _InitScicGpio
0033a7b4   _c_int00
0033a7fa   _fseek
0033a83d   _printf
0033a869   _atoi
0033a89a   _cpu_timer0_isr
0033a8ca   _ltoa
0033a8f6   FD$$CMP
0033a920   L$$DIV
0033a92f   L$$MOD
0033a93d   UL$$DIV
0033a944   UL$$MOD
0033a94a   _InitPieCtrl
0033a969   _EnableInterrupts
0033a972   FD$$TOI
0033a993   ___memcpy_ff
0033a9b4   _InitPieVectTable
0033a9d4   FD$$TOL
0033a9f3   _strncpy
0033aa12   LL$$CMP
0033aa24   ULL$$CMP
0033aa30   FS$$TOFD
0033aa4c   L$$TOFD
0033aa68   __args_main
0033aa81   C$$EXIT
0033aa81   _abort
0033aa83   _exit
0033aa9a   _InitAdc
0033aaae   LL$$MPY
0033aac2   _memccpy
0033aad4   _handleCAN_init
0033aad5   _handleCAN_update
0033aae3   FD$$SUB
0033aaf1   _memchr
0033aafe   _strchr
0033ab0a   U$$DIV
0033ab0f   U$$MOD
0033ab15   _strcmp
0033ab1f   _strlen
0033ab29   __register_unlock
0033ab2d   __register_lock
0033ab31   __nop
0033ab32   FD$$NEG
0033ab3b   _strcpy
0033ab4c   _memset
0033ab53   _Tasks_Init
0033ab5a   _remove
0033ab5d   _newTask_init
0033ab5e   _newTask_update
0033ab5f   ___cinit__
0033ab5f   ___etext__
0033ab5f   cinit
0033ab5f   etext
0033af0e   __ctypes_
0033b00f   _numTxCANMsgs
0033b010   _PieVectTableInit
0033b168   _tasksInSchedule
0033fff6   code_start
0033fff8   _CsmPwl
00380080   _ADC_cal
00380090   _PartIdRegs
ffffffff   ___binit__
ffffffff   ___c_args__
ffffffff   ___pinit__
ffffffff   binit
ffffffff   pinit

[355 symbols]
